[2.087s] Invoking command in '/home/sukru/ika_teknofest_aventra_ws/build/ika_targeting': PYTHONPATH=/home/sukru/ika_teknofest_aventra_ws/build/ika_targeting/prefix_override:/usr/lib/python3/dist-packages/colcon_core/task/python/colcon_distutils_commands:/home/sukru/ika_teknofest_aventra_ws/install/ika_targeting/lib/python3.10/site-packages:${PYTHONPATH} /usr/bin/python3 -W ignore:setup.py install is deprecated -W ignore:easy_install command is deprecated setup.py develop --editable --build-directory /home/sukru/ika_teknofest_aventra_ws/build/ika_targeting/build --no-deps symlink_data
[2.342s] running develop
[2.503s] running egg_info
[2.504s] creating ika_targeting.egg-info
[2.504s] writing ika_targeting.egg-info/PKG-INFO
[2.504s] writing dependency_links to ika_targeting.egg-info/dependency_links.txt
[2.504s] writing entry points to ika_targeting.egg-info/entry_points.txt
[2.505s] writing requirements to ika_targeting.egg-info/requires.txt
[2.505s] writing top-level names to ika_targeting.egg-info/top_level.txt
[2.505s] writing manifest file 'ika_targeting.egg-info/SOURCES.txt'
[2.507s] reading manifest file 'ika_targeting.egg-info/SOURCES.txt'
[2.507s] writing manifest file 'ika_targeting.egg-info/SOURCES.txt'
[2.509s] running build_ext
[2.509s] Creating /home/sukru/ika_teknofest_aventra_ws/install/ika_targeting/lib/python3.10/site-packages/ika-targeting.egg-link (link to .)
[2.510s] 
[2.510s] Installed /home/sukru/ika_teknofest_aventra_ws/build/ika_targeting
[2.510s] running symlink_data
[2.511s] creating /home/sukru/ika_teknofest_aventra_ws/install/ika_targeting/share/ament_index
[2.511s] creating /home/sukru/ika_teknofest_aventra_ws/install/ika_targeting/share/ament_index/resource_index
[2.511s] creating /home/sukru/ika_teknofest_aventra_ws/install/ika_targeting/share/ament_index/resource_index/packages
[2.511s] symbolically linking /home/sukru/ika_teknofest_aventra_ws/build/ika_targeting/resource/ika_targeting -> /home/sukru/ika_teknofest_aventra_ws/install/ika_targeting/share/ament_index/resource_index/packages
[2.511s] symbolically linking /home/sukru/ika_teknofest_aventra_ws/build/ika_targeting/package.xml -> /home/sukru/ika_teknofest_aventra_ws/install/ika_targeting/share/ika_targeting
[2.565s] Invoked command in '/home/sukru/ika_teknofest_aventra_ws/build/ika_targeting' returned '0': PYTHONPATH=/home/sukru/ika_teknofest_aventra_ws/build/ika_targeting/prefix_override:/usr/lib/python3/dist-packages/colcon_core/task/python/colcon_distutils_commands:/home/sukru/ika_teknofest_aventra_ws/install/ika_targeting/lib/python3.10/site-packages:${PYTHONPATH} /usr/bin/python3 -W ignore:setup.py install is deprecated -W ignore:easy_install command is deprecated setup.py develop --editable --build-directory /home/sukru/ika_teknofest_aventra_ws/build/ika_targeting/build --no-deps symlink_data
