running egg_info
creating ../../build/ika_localization/ika_localization.egg-info
writing ../../build/ika_localization/ika_localization.egg-info/PKG-INFO
writing dependency_links to ../../build/ika_localization/ika_localization.egg-info/dependency_links.txt
writing entry points to ../../build/ika_localization/ika_localization.egg-info/entry_points.txt
writing requirements to ../../build/ika_localization/ika_localization.egg-info/requires.txt
writing top-level names to ../../build/ika_localization/ika_localization.egg-info/top_level.txt
writing manifest file '../../build/ika_localization/ika_localization.egg-info/SOURCES.txt'
reading manifest file '../../build/ika_localization/ika_localization.egg-info/SOURCES.txt'
writing manifest file '../../build/ika_localization/ika_localization.egg-info/SOURCES.txt'
running build
running build_py
creating /home/sukru/ika_teknofest_aventra_ws/build/ika_localization/build
creating /home/sukru/ika_teknofest_aventra_ws/build/ika_localization/build/lib
creating /home/sukru/ika_teknofest_aventra_ws/build/ika_localization/build/lib/ika_localization
copying ika_localization/__init__.py -> /home/sukru/ika_teknofest_aventra_ws/build/ika_localization/build/lib/ika_localization
running install
running install_lib
creating /home/sukru/ika_teknofest_aventra_ws/install/ika_localization/lib/python3.10/site-packages/ika_localization
copying /home/sukru/ika_teknofest_aventra_ws/build/ika_localization/build/lib/ika_localization/__init__.py -> /home/sukru/ika_teknofest_aventra_ws/install/ika_localization/lib/python3.10/site-packages/ika_localization
byte-compiling /home/sukru/ika_teknofest_aventra_ws/install/ika_localization/lib/python3.10/site-packages/ika_localization/__init__.py to __init__.cpython-310.pyc
running install_data
creating /home/sukru/ika_teknofest_aventra_ws/install/ika_localization/share/ament_index
creating /home/sukru/ika_teknofest_aventra_ws/install/ika_localization/share/ament_index/resource_index
creating /home/sukru/ika_teknofest_aventra_ws/install/ika_localization/share/ament_index/resource_index/packages
copying resource/ika_localization -> /home/sukru/ika_teknofest_aventra_ws/install/ika_localization/share/ament_index/resource_index/packages
copying package.xml -> /home/sukru/ika_teknofest_aventra_ws/install/ika_localization/share/ika_localization
running install_egg_info
Copying ../../build/ika_localization/ika_localization.egg-info to /home/sukru/ika_teknofest_aventra_ws/install/ika_localization/lib/python3.10/site-packages/ika_localization-0.0.0-py3.10.egg-info
running install_scripts
writing list of installed files to '/home/sukru/ika_teknofest_aventra_ws/build/ika_localization/install.log'
