running egg_info
writing ../../build/ika_autonomi/ika_autonomi.egg-info/PKG-INFO
writing dependency_links to ../../build/ika_autonomi/ika_autonomi.egg-info/dependency_links.txt
writing entry points to ../../build/ika_autonomi/ika_autonomi.egg-info/entry_points.txt
writing requirements to ../../build/ika_autonomi/ika_autonomi.egg-info/requires.txt
writing top-level names to ../../build/ika_autonomi/ika_autonomi.egg-info/top_level.txt
reading manifest file '../../build/ika_autonomi/ika_autonomi.egg-info/SOURCES.txt'
writing manifest file '../../build/ika_autonomi/ika_autonomi.egg-info/SOURCES.txt'
running build
running build_py
running install
running install_lib
running install_data
running install_egg_info
removing '/home/sukru/ai_autonomi_ws/install/ika_autonomi/lib/python3.10/site-packages/ika_autonomi-0.0.0-py3.10.egg-info' (and everything under it)
Copying ../../build/ika_autonomi/ika_autonomi.egg-info to /home/sukru/ai_autonomi_ws/install/ika_autonomi/lib/python3.10/site-packages/ika_autonomi-0.0.0-py3.10.egg-info
running install_scripts
Installing mission_manager script to /home/sukru/ai_autonomi_ws/install/ika_autonomi/lib/ika_autonomi
Installing motor_controller script to /home/sukru/ai_autonomi_ws/install/ika_autonomi/lib/ika_autonomi
writing list of installed files to '/home/sukru/ai_autonomi_ws/build/ika_autonomi/install.log'
