[0.360s] Invoking command in '/home/sukru/ai_autonomi_ws/src/ika_autonomi': PYTHONPATH=/home/sukru/ai_autonomi_ws/build/ika_autonomi/prefix_override:/usr/lib/python3/dist-packages/colcon_core/task/python/colcon_distutils_commands:/home/sukru/ai_autonomi_ws/install/ika_autonomi/lib/python3.10/site-packages:${PYTHONPATH} /usr/bin/python3 -W ignore:setup.py install is deprecated -W ignore:easy_install command is deprecated setup.py egg_info --egg-base ../../build/ika_autonomi build --build-base /home/sukru/ai_autonomi_ws/build/ika_autonomi/build install --record /home/sukru/ai_autonomi_ws/build/ika_autonomi/install.log --single-version-externally-managed install_data
[0.494s] running egg_info
[0.495s] writing ../../build/ika_autonomi/ika_autonomi.egg-info/PKG-INFO
[0.495s] writing dependency_links to ../../build/ika_autonomi/ika_autonomi.egg-info/dependency_links.txt
[0.495s] writing entry points to ../../build/ika_autonomi/ika_autonomi.egg-info/entry_points.txt
[0.495s] writing requirements to ../../build/ika_autonomi/ika_autonomi.egg-info/requires.txt
[0.495s] writing top-level names to ../../build/ika_autonomi/ika_autonomi.egg-info/top_level.txt
[0.496s] reading manifest file '../../build/ika_autonomi/ika_autonomi.egg-info/SOURCES.txt'
[0.496s] writing manifest file '../../build/ika_autonomi/ika_autonomi.egg-info/SOURCES.txt'
[0.496s] running build
[0.496s] running build_py
[0.497s] running install
[0.497s] running install_lib
[0.497s] running install_data
[0.497s] running install_egg_info
[0.498s] removing '/home/sukru/ai_autonomi_ws/install/ika_autonomi/lib/python3.10/site-packages/ika_autonomi-0.0.0-py3.10.egg-info' (and everything under it)
[0.499s] Copying ../../build/ika_autonomi/ika_autonomi.egg-info to /home/sukru/ai_autonomi_ws/install/ika_autonomi/lib/python3.10/site-packages/ika_autonomi-0.0.0-py3.10.egg-info
[0.499s] running install_scripts
[0.510s] Installing mission_manager script to /home/sukru/ai_autonomi_ws/install/ika_autonomi/lib/ika_autonomi
[0.510s] Installing motor_controller script to /home/sukru/ai_autonomi_ws/install/ika_autonomi/lib/ika_autonomi
[0.510s] writing list of installed files to '/home/sukru/ai_autonomi_ws/build/ika_autonomi/install.log'
[0.522s] Invoked command in '/home/sukru/ai_autonomi_ws/src/ika_autonomi' returned '0': PYTHONPATH=/home/sukru/ai_autonomi_ws/build/ika_autonomi/prefix_override:/usr/lib/python3/dist-packages/colcon_core/task/python/colcon_distutils_commands:/home/sukru/ai_autonomi_ws/install/ika_autonomi/lib/python3.10/site-packages:${PYTHONPATH} /usr/bin/python3 -W ignore:setup.py install is deprecated -W ignore:easy_install command is deprecated setup.py egg_info --egg-base ../../build/ika_autonomi build --build-base /home/sukru/ai_autonomi_ws/build/ika_autonomi/build install --record /home/sukru/ai_autonomi_ws/build/ika_autonomi/install.log --single-version-externally-managed install_data
