[0.420s] Invoking command in '/home/sukru/ika_teknofest_aventra_ws/build/ika_sensors': PYTHONPATH=/home/sukru/ika_teknofest_aventra_ws/build/ika_sensors/prefix_override:/usr/lib/python3/dist-packages/colcon_core/task/python/colcon_distutils_commands:/home/sukru/ika_teknofest_aventra_ws/install/ika_sensors/lib/python3.10/site-packages:${PYTHONPATH} /usr/bin/python3 -W ignore:setup.py install is deprecated -W ignore:easy_install command is deprecated setup.py develop --editable --build-directory /home/sukru/ika_teknofest_aventra_ws/build/ika_sensors/build --no-deps symlink_data
[0.583s] running develop
[0.683s] running egg_info
[0.683s] creating ika_sensors.egg-info
[0.683s] writing ika_sensors.egg-info/PKG-INFO
[0.683s] writing dependency_links to ika_sensors.egg-info/dependency_links.txt
[0.683s] writing entry points to ika_sensors.egg-info/entry_points.txt
[0.684s] writing requirements to ika_sensors.egg-info/requires.txt
[0.684s] writing top-level names to ika_sensors.egg-info/top_level.txt
[0.684s] writing manifest file 'ika_sensors.egg-info/SOURCES.txt'
[0.685s] reading manifest file 'ika_sensors.egg-info/SOURCES.txt'
[0.685s] writing manifest file 'ika_sensors.egg-info/SOURCES.txt'
[0.686s] running build_ext
[0.686s] Creating /home/sukru/ika_teknofest_aventra_ws/install/ika_sensors/lib/python3.10/site-packages/ika-sensors.egg-link (link to .)
[0.686s] Installing laser_range_node script to /home/sukru/ika_teknofest_aventra_ws/install/ika_sensors/lib/ika_sensors
[0.686s] Installing pressure_altitude_node script to /home/sukru/ika_teknofest_aventra_ws/install/ika_sensors/lib/ika_sensors
[0.687s] Installing temp_humidity_node script to /home/sukru/ika_teknofest_aventra_ws/install/ika_sensors/lib/ika_sensors
[0.687s] 
[0.687s] Installed /home/sukru/ika_teknofest_aventra_ws/build/ika_sensors
[0.687s] running symlink_data
[0.687s] creating /home/sukru/ika_teknofest_aventra_ws/install/ika_sensors/share/ament_index
[0.687s] creating /home/sukru/ika_teknofest_aventra_ws/install/ika_sensors/share/ament_index/resource_index
[0.687s] creating /home/sukru/ika_teknofest_aventra_ws/install/ika_sensors/share/ament_index/resource_index/packages
[0.687s] symbolically linking /home/sukru/ika_teknofest_aventra_ws/build/ika_sensors/resource/ika_sensors -> /home/sukru/ika_teknofest_aventra_ws/install/ika_sensors/share/ament_index/resource_index/packages
[0.687s] symbolically linking /home/sukru/ika_teknofest_aventra_ws/build/ika_sensors/package.xml -> /home/sukru/ika_teknofest_aventra_ws/install/ika_sensors/share/ika_sensors
[0.687s] creating /home/sukru/ika_teknofest_aventra_ws/install/ika_sensors/share/ika_sensors/launch
[0.687s] symbolically linking /home/sukru/ika_teknofest_aventra_ws/build/ika_sensors/launch/imu.launch.py -> /home/sukru/ika_teknofest_aventra_ws/install/ika_sensors/share/ika_sensors/launch
[0.687s] symbolically linking /home/sukru/ika_teknofest_aventra_ws/build/ika_sensors/launch/lidar.launch.py -> /home/sukru/ika_teknofest_aventra_ws/install/ika_sensors/share/ika_sensors/launch
[0.687s] symbolically linking /home/sukru/ika_teknofest_aventra_ws/build/ika_sensors/launch/environmental.launch.py -> /home/sukru/ika_teknofest_aventra_ws/install/ika_sensors/share/ika_sensors/launch
[0.687s] symbolically linking /home/sukru/ika_teknofest_aventra_ws/build/ika_sensors/launch/cameras.launch.py -> /home/sukru/ika_teknofest_aventra_ws/install/ika_sensors/share/ika_sensors/launch
[0.687s] symbolically linking /home/sukru/ika_teknofest_aventra_ws/build/ika_sensors/launch/gps.launch.py -> /home/sukru/ika_teknofest_aventra_ws/install/ika_sensors/share/ika_sensors/launch
[0.702s] Invoked command in '/home/sukru/ika_teknofest_aventra_ws/build/ika_sensors' returned '0': PYTHONPATH=/home/sukru/ika_teknofest_aventra_ws/build/ika_sensors/prefix_override:/usr/lib/python3/dist-packages/colcon_core/task/python/colcon_distutils_commands:/home/sukru/ika_teknofest_aventra_ws/install/ika_sensors/lib/python3.10/site-packages:${PYTHONPATH} /usr/bin/python3 -W ignore:setup.py install is deprecated -W ignore:easy_install command is deprecated setup.py develop --editable --build-directory /home/sukru/ika_teknofest_aventra_ws/build/ika_sensors/build --no-deps symlink_data
