-- The C compiler identification is GNU 11.4.0
-- The CXX compiler identification is GNU 11.4.0
-- Detecting C compiler ABI info
-- Detecting C compiler ABI info - done
-- Check for working C compiler: /usr/bin/cc - skipped
-- Detecting C compile features
-- Detecting C compile features - done
-- Detecting CXX compiler ABI info
-- Detecting CXX compiler ABI info - done
-- Check for working CXX compiler: /usr/bin/c++ - skipped
-- Detecting CXX compile features
-- Detecting CXX compile features - done
-- Found ament_cmake: 1.3.13 (/opt/ros/humble/share/ament_cmake/cmake)
-- Found Python3: /usr/bin/python3 (found version "3.10.12") found components: Interpreter 
-- Override CMake install command with custom implementation using symlinks instead of copying resources
-- Found std_msgs: 4.9.1 (/opt/ros/humble/share/std_msgs/cmake)
-- Found rosidl_generator_c: 3.1.8 (/opt/ros/humble/share/rosidl_generator_c/cmake)
-- Found rosidl_adapter: 3.1.8 (/opt/ros/humble/share/rosidl_adapter/cmake)
-- Found rosidl_generator_cpp: 3.1.8 (/opt/ros/humble/share/rosidl_generator_cpp/cmake)
-- Using all available rosidl_typesupport_c: rosidl_typesupport_fastrtps_c;rosidl_typesupport_introspection_c
-- Using all available rosidl_typesupport_cpp: rosidl_typesupport_fastrtps_cpp;rosidl_typesupport_introspection_cpp
-- Found rosidl_default_generators: 1.2.0 (/opt/ros/humble/share/rosidl_default_generators/cmake)
-- Found ament_cmake_ros: 0.10.0 (/opt/ros/humble/share/ament_cmake_ros/cmake)
-- Using all available rosidl_typesupport_c: rosidl_typesupport_fastrtps_c;rosidl_typesupport_introspection_c
-- Using all available rosidl_typesupport_cpp: rosidl_typesupport_fastrtps_cpp;rosidl_typesupport_introspection_cpp
-- Found PythonInterp: /usr/bin/python3 (found suitable version "3.10.12", minimum required is "3.6") 
-- Found python_cmake_module: 0.10.0 (/opt/ros/humble/share/python_cmake_module/cmake)
-- Found PythonLibs: /usr/lib/x86_64-linux-gnu/libpython3.10.so (found suitable version "3.10.12", minimum required is "3.5") 
-- Using PYTHON_EXECUTABLE: /usr/bin/python3
-- Using PYTHON_INCLUDE_DIRS: /usr/include/python3.10
-- Using PYTHON_LIBRARIES: /usr/lib/x86_64-linux-gnu/libpython3.10.so
-- Found PythonExtra: .so  
-- Configuring done
-- Generating done
-- Build files have been written to: /home/sukru/ika_teknofest_aventra_ws/build/ika_msgs
[  0%] Built target ament_cmake_python_symlink_ika_msgs
[  1%] [34m[1mGenerating C code for ROS interfaces[0m
[  3%] [34m[1mGenerating C++ code for ROS interfaces[0m
running egg_info
creating ika_msgs.egg-info
writing ika_msgs.egg-info/PKG-INFO
writing dependency_links to ika_msgs.egg-info/dependency_links.txt
writing top-level names to ika_msgs.egg-info/top_level.txt
writing manifest file 'ika_msgs.egg-info/SOURCES.txt'
reading manifest file 'ika_msgs.egg-info/SOURCES.txt'
writing manifest file 'ika_msgs.egg-info/SOURCES.txt'
[  3%] Built target ament_cmake_python_build_ika_msgs_egg
[  3%] Built target ika_msgs__cpp
[  4%] [34m[1mGenerating C++ type support dispatch for ROS interfaces[0m
[  6%] [34m[1mGenerating C++ introspection for ROS interfaces[0m
[  7%] [34m[1mGenerating C++ type support for eProsima Fast-RTPS[0m
[  9%] [32mBuilding C object CMakeFiles/ika_msgs__rosidl_generator_c.dir/rosidl_generator_c/ika_msgs/msg/detail/environment_data__functions.c.o[0m
[ 11%] [32mBuilding C object CMakeFiles/ika_msgs__rosidl_generator_c.dir/rosidl_generator_c/ika_msgs/srv/detail/emergency_stop__functions.c.o[0m
[ 12%] [32mBuilding C object CMakeFiles/ika_msgs__rosidl_generator_c.dir/rosidl_generator_c/ika_msgs/msg/detail/mission_state__functions.c.o[0m
[ 14%] [32mBuilding C object CMakeFiles/ika_msgs__rosidl_generator_c.dir/rosidl_generator_c/ika_msgs/srv/detail/set_laser__functions.c.o[0m
[ 15%] [32mBuilding C object CMakeFiles/ika_msgs__rosidl_generator_c.dir/rosidl_generator_c/ika_msgs/action/detail/aim_and_fire__functions.c.o[0m
[ 17%] [32m[1mLinking C shared library libika_msgs__rosidl_generator_c.so[0m
[ 17%] Built target ika_msgs__rosidl_generator_c
[ 22%] [34m[1mGenerating C type support dispatch for ROS interfaces[0m
[ 22%] [34m[1mGenerating C introspection for ROS interfaces[0m
[ 22%] [34m[1mGenerating C type support for eProsima Fast-RTPS[0m
[ 23%] [32mBuilding CXX object CMakeFiles/ika_msgs__rosidl_typesupport_cpp.dir/rosidl_typesupport_cpp/ika_msgs/srv/emergency_stop__type_support.cpp.o[0m
[ 26%] [32mBuilding CXX object CMakeFiles/ika_msgs__rosidl_typesupport_cpp.dir/rosidl_typesupport_cpp/ika_msgs/action/aim_and_fire__type_support.cpp.o[0m
[ 28%] [32mBuilding CXX object CMakeFiles/ika_msgs__rosidl_typesupport_cpp.dir/rosidl_typesupport_cpp/ika_msgs/srv/set_laser__type_support.cpp.o[0m
[ 28%] [32mBuilding CXX object CMakeFiles/ika_msgs__rosidl_typesupport_cpp.dir/rosidl_typesupport_cpp/ika_msgs/msg/environment_data__type_support.cpp.o[0m
[ 30%] [32mBuilding CXX object CMakeFiles/ika_msgs__rosidl_typesupport_cpp.dir/rosidl_typesupport_cpp/ika_msgs/msg/mission_state__type_support.cpp.o[0m
[ 31%] [32mBuilding CXX object CMakeFiles/ika_msgs__rosidl_typesupport_introspection_cpp.dir/rosidl_typesupport_introspection_cpp/ika_msgs/srv/detail/emergency_stop__type_support.cpp.o[0m
[ 33%] [32mBuilding CXX object CMakeFiles/ika_msgs__rosidl_typesupport_introspection_cpp.dir/rosidl_typesupport_introspection_cpp/ika_msgs/msg/detail/mission_state__type_support.cpp.o[0m
[ 34%] [32mBuilding CXX object CMakeFiles/ika_msgs__rosidl_typesupport_introspection_cpp.dir/rosidl_typesupport_introspection_cpp/ika_msgs/msg/detail/environment_data__type_support.cpp.o[0m
[ 36%] [32mBuilding CXX object CMakeFiles/ika_msgs__rosidl_typesupport_introspection_cpp.dir/rosidl_typesupport_introspection_cpp/ika_msgs/srv/detail/set_laser__type_support.cpp.o[0m
[ 38%] [32mBuilding CXX object CMakeFiles/ika_msgs__rosidl_typesupport_introspection_cpp.dir/rosidl_typesupport_introspection_cpp/ika_msgs/action/detail/aim_and_fire__type_support.cpp.o[0m
[ 39%] [32mBuilding CXX object CMakeFiles/ika_msgs__rosidl_typesupport_c.dir/rosidl_typesupport_c/ika_msgs/msg/environment_data__type_support.cpp.o[0m
[ 41%] [32mBuilding CXX object CMakeFiles/ika_msgs__rosidl_typesupport_c.dir/rosidl_typesupport_c/ika_msgs/msg/mission_state__type_support.cpp.o[0m
[ 42%] [32mBuilding CXX object CMakeFiles/ika_msgs__rosidl_typesupport_c.dir/rosidl_typesupport_c/ika_msgs/srv/emergency_stop__type_support.cpp.o[0m
[ 44%] [32mBuilding CXX object CMakeFiles/ika_msgs__rosidl_typesupport_c.dir/rosidl_typesupport_c/ika_msgs/srv/set_laser__type_support.cpp.o[0m
[ 46%] [32mBuilding CXX object CMakeFiles/ika_msgs__rosidl_typesupport_fastrtps_cpp.dir/rosidl_typesupport_fastrtps_cpp/ika_msgs/msg/detail/dds_fastrtps/environment_data__type_support.cpp.o[0m
[ 47%] [32mBuilding CXX object CMakeFiles/ika_msgs__rosidl_typesupport_c.dir/rosidl_typesupport_c/ika_msgs/action/aim_and_fire__type_support.cpp.o[0m
[ 49%] [32mBuilding CXX object CMakeFiles/ika_msgs__rosidl_typesupport_fastrtps_cpp.dir/rosidl_typesupport_fastrtps_cpp/ika_msgs/srv/detail/dds_fastrtps/emergency_stop__type_support.cpp.o[0m
[ 50%] [32mBuilding CXX object CMakeFiles/ika_msgs__rosidl_typesupport_fastrtps_cpp.dir/rosidl_typesupport_fastrtps_cpp/ika_msgs/msg/detail/dds_fastrtps/mission_state__type_support.cpp.o[0m
[ 52%] [32m[1mLinking CXX shared library libika_msgs__rosidl_typesupport_c.so[0m
[ 53%] [32m[1mLinking CXX shared library libika_msgs__rosidl_typesupport_cpp.so[0m
[ 55%] [32mBuilding C object CMakeFiles/ika_msgs__rosidl_typesupport_introspection_c.dir/rosidl_typesupport_introspection_c/ika_msgs/msg/detail/environment_data__type_support.c.o[0m
[ 55%] Built target ika_msgs__rosidl_typesupport_c
[ 57%] [32mBuilding C object CMakeFiles/ika_msgs__rosidl_typesupport_introspection_c.dir/rosidl_typesupport_introspection_c/ika_msgs/msg/detail/mission_state__type_support.c.o[0m
[ 57%] Built target ika_msgs__rosidl_typesupport_cpp
[ 58%] [32mBuilding C object CMakeFiles/ika_msgs__rosidl_typesupport_introspection_c.dir/rosidl_typesupport_introspection_c/ika_msgs/srv/detail/emergency_stop__type_support.c.o[0m
[ 60%] [32mBuilding C object CMakeFiles/ika_msgs__rosidl_typesupport_introspection_c.dir/rosidl_typesupport_introspection_c/ika_msgs/srv/detail/set_laser__type_support.c.o[0m
[ 61%] [32mBuilding C object CMakeFiles/ika_msgs__rosidl_typesupport_introspection_c.dir/rosidl_typesupport_introspection_c/ika_msgs/action/detail/aim_and_fire__type_support.c.o[0m
[ 63%] [32mBuilding CXX object CMakeFiles/ika_msgs__rosidl_typesupport_fastrtps_cpp.dir/rosidl_typesupport_fastrtps_cpp/ika_msgs/action/detail/dds_fastrtps/aim_and_fire__type_support.cpp.o[0m
[ 65%] [32mBuilding CXX object CMakeFiles/ika_msgs__rosidl_typesupport_fastrtps_cpp.dir/rosidl_typesupport_fastrtps_cpp/ika_msgs/srv/detail/dds_fastrtps/set_laser__type_support.cpp.o[0m
[ 66%] [32mBuilding CXX object CMakeFiles/ika_msgs__rosidl_typesupport_fastrtps_c.dir/rosidl_typesupport_fastrtps_c/ika_msgs/msg/detail/environment_data__type_support_c.cpp.o[0m
[ 68%] [32mBuilding CXX object CMakeFiles/ika_msgs__rosidl_typesupport_fastrtps_c.dir/rosidl_typesupport_fastrtps_c/ika_msgs/msg/detail/mission_state__type_support_c.cpp.o[0m
[ 69%] [32m[1mLinking C shared library libika_msgs__rosidl_typesupport_introspection_c.so[0m
[ 71%] [32mBuilding CXX object CMakeFiles/ika_msgs__rosidl_typesupport_fastrtps_c.dir/rosidl_typesupport_fastrtps_c/ika_msgs/srv/detail/emergency_stop__type_support_c.cpp.o[0m
[ 73%] [32mBuilding CXX object CMakeFiles/ika_msgs__rosidl_typesupport_fastrtps_c.dir/rosidl_typesupport_fastrtps_c/ika_msgs/srv/detail/set_laser__type_support_c.cpp.o[0m
[ 73%] Built target ika_msgs__rosidl_typesupport_introspection_c
[ 74%] [32mBuilding CXX object CMakeFiles/ika_msgs__rosidl_typesupport_fastrtps_c.dir/rosidl_typesupport_fastrtps_c/ika_msgs/action/detail/aim_and_fire__type_support_c.cpp.o[0m
[ 76%] [32m[1mLinking CXX shared library libika_msgs__rosidl_typesupport_introspection_cpp.so[0m
[ 76%] Built target ika_msgs__rosidl_typesupport_introspection_cpp
[ 77%] [32m[1mLinking CXX shared library libika_msgs__rosidl_typesupport_fastrtps_c.so[0m
[ 79%] [32m[1mLinking CXX shared library libika_msgs__rosidl_typesupport_fastrtps_cpp.so[0m
[ 79%] Built target ika_msgs__rosidl_typesupport_fastrtps_c
[ 79%] Built target ika_msgs__rosidl_typesupport_fastrtps_cpp
[ 79%] Built target ika_msgs
[ 80%] [34m[1mGenerating Python code for ROS interfaces[0m
[ 80%] Built target ika_msgs__py
[ 82%] [32mBuilding C object CMakeFiles/ika_msgs__rosidl_generator_py.dir/rosidl_generator_py/ika_msgs/msg/_environment_data_s.c.o[0m
[ 84%] [32mBuilding C object CMakeFiles/ika_msgs__rosidl_generator_py.dir/rosidl_generator_py/ika_msgs/msg/_mission_state_s.c.o[0m
[ 87%] [32mBuilding C object CMakeFiles/ika_msgs__rosidl_generator_py.dir/rosidl_generator_py/ika_msgs/srv/_set_laser_s.c.o[0m
[ 87%] [32mBuilding C object CMakeFiles/ika_msgs__rosidl_generator_py.dir/rosidl_generator_py/ika_msgs/srv/_emergency_stop_s.c.o[0m
[ 88%] [32mBuilding C object CMakeFiles/ika_msgs__rosidl_generator_py.dir/rosidl_generator_py/ika_msgs/action/_aim_and_fire_s.c.o[0m
[ 90%] [32m[1mLinking C shared library rosidl_generator_py/ika_msgs/libika_msgs__rosidl_generator_py.so[0m
[ 90%] Built target ika_msgs__rosidl_generator_py
[ 93%] [32mBuilding C object CMakeFiles/ika_msgs__rosidl_typesupport_fastrtps_c__pyext.dir/rosidl_generator_py/ika_msgs/_ika_msgs_s.ep.rosidl_typesupport_fastrtps_c.c.o[0m
[ 93%] [32mBuilding C object CMakeFiles/ika_msgs__rosidl_typesupport_introspection_c__pyext.dir/rosidl_generator_py/ika_msgs/_ika_msgs_s.ep.rosidl_typesupport_introspection_c.c.o[0m
[ 95%] [32mBuilding C object CMakeFiles/ika_msgs__rosidl_typesupport_c__pyext.dir/rosidl_generator_py/ika_msgs/_ika_msgs_s.ep.rosidl_typesupport_c.c.o[0m
[ 98%] [32m[1mLinking C shared library rosidl_generator_py/ika_msgs/ika_msgs_s__rosidl_typesupport_fastrtps_c.cpython-310-x86_64-linux-gnu.so[0m
[ 98%] [32m[1mLinking C shared library rosidl_generator_py/ika_msgs/ika_msgs_s__rosidl_typesupport_introspection_c.cpython-310-x86_64-linux-gnu.so[0m
[100%] [32m[1mLinking C shared library rosidl_generator_py/ika_msgs/ika_msgs_s__rosidl_typesupport_c.cpython-310-x86_64-linux-gnu.so[0m
[100%] Built target ika_msgs__rosidl_typesupport_fastrtps_c__pyext
[100%] Built target ika_msgs__rosidl_typesupport_introspection_c__pyext
[100%] Built target ika_msgs__rosidl_typesupport_c__pyext
-- Install configuration: ""
-- Execute custom install script
-- Symlinking: /home/sukru/ika_teknofest_aventra_ws/install/ika_msgs/share/ament_index/resource_index/rosidl_interfaces/ika_msgs
-- Symlinking: /home/sukru/ika_teknofest_aventra_ws/install/ika_msgs/include/ika_msgs/ika_msgs/action/aim_and_fire.h
-- Symlinking: /home/sukru/ika_teknofest_aventra_ws/install/ika_msgs/include/ika_msgs/ika_msgs/action/detail/aim_and_fire__functions.h
-- Symlinking: /home/sukru/ika_teknofest_aventra_ws/install/ika_msgs/include/ika_msgs/ika_msgs/action/detail/aim_and_fire__struct.h
-- Symlinking: /home/sukru/ika_teknofest_aventra_ws/install/ika_msgs/include/ika_msgs/ika_msgs/action/detail/aim_and_fire__type_support.h
-- Symlinking: /home/sukru/ika_teknofest_aventra_ws/install/ika_msgs/include/ika_msgs/ika_msgs/msg/detail/environment_data__functions.h
-- Symlinking: /home/sukru/ika_teknofest_aventra_ws/install/ika_msgs/include/ika_msgs/ika_msgs/msg/detail/environment_data__struct.h
-- Symlinking: /home/sukru/ika_teknofest_aventra_ws/install/ika_msgs/include/ika_msgs/ika_msgs/msg/detail/environment_data__type_support.h
-- Symlinking: /home/sukru/ika_teknofest_aventra_ws/install/ika_msgs/include/ika_msgs/ika_msgs/msg/detail/mission_state__functions.h
-- Symlinking: /home/sukru/ika_teknofest_aventra_ws/install/ika_msgs/include/ika_msgs/ika_msgs/msg/detail/mission_state__struct.h
-- Symlinking: /home/sukru/ika_teknofest_aventra_ws/install/ika_msgs/include/ika_msgs/ika_msgs/msg/detail/mission_state__type_support.h
-- Symlinking: /home/sukru/ika_teknofest_aventra_ws/install/ika_msgs/include/ika_msgs/ika_msgs/msg/environment_data.h
-- Symlinking: /home/sukru/ika_teknofest_aventra_ws/install/ika_msgs/include/ika_msgs/ika_msgs/msg/mission_state.h
-- Symlinking: /home/sukru/ika_teknofest_aventra_ws/install/ika_msgs/include/ika_msgs/ika_msgs/msg/rosidl_generator_c__visibility_control.h
-- Symlinking: /home/sukru/ika_teknofest_aventra_ws/install/ika_msgs/include/ika_msgs/ika_msgs/srv/detail/emergency_stop__functions.h
-- Symlinking: /home/sukru/ika_teknofest_aventra_ws/install/ika_msgs/include/ika_msgs/ika_msgs/srv/detail/emergency_stop__struct.h
-- Symlinking: /home/sukru/ika_teknofest_aventra_ws/install/ika_msgs/include/ika_msgs/ika_msgs/srv/detail/emergency_stop__type_support.h
-- Symlinking: /home/sukru/ika_teknofest_aventra_ws/install/ika_msgs/include/ika_msgs/ika_msgs/srv/detail/set_laser__functions.h
-- Symlinking: /home/sukru/ika_teknofest_aventra_ws/install/ika_msgs/include/ika_msgs/ika_msgs/srv/detail/set_laser__struct.h
-- Symlinking: /home/sukru/ika_teknofest_aventra_ws/install/ika_msgs/include/ika_msgs/ika_msgs/srv/detail/set_laser__type_support.h
-- Symlinking: /home/sukru/ika_teknofest_aventra_ws/install/ika_msgs/include/ika_msgs/ika_msgs/srv/emergency_stop.h
-- Symlinking: /home/sukru/ika_teknofest_aventra_ws/install/ika_msgs/include/ika_msgs/ika_msgs/srv/set_laser.h
-- Symlinking: /home/sukru/ika_teknofest_aventra_ws/install/ika_msgs/share/ika_msgs/environment/library_path.sh
-- Symlinking: /home/sukru/ika_teknofest_aventra_ws/install/ika_msgs/share/ika_msgs/environment/library_path.dsv
-- Symlinking: /home/sukru/ika_teknofest_aventra_ws/install/ika_msgs/include/ika_msgs/ika_msgs/action/detail/aim_and_fire__rosidl_typesupport_fastrtps_c.h
-- Symlinking: /home/sukru/ika_teknofest_aventra_ws/install/ika_msgs/include/ika_msgs/ika_msgs/msg/detail/environment_data__rosidl_typesupport_fastrtps_c.h
-- Symlinking: /home/sukru/ika_teknofest_aventra_ws/install/ika_msgs/include/ika_msgs/ika_msgs/msg/detail/mission_state__rosidl_typesupport_fastrtps_c.h
-- Symlinking: /home/sukru/ika_teknofest_aventra_ws/install/ika_msgs/include/ika_msgs/ika_msgs/msg/rosidl_typesupport_fastrtps_c__visibility_control.h
-- Symlinking: /home/sukru/ika_teknofest_aventra_ws/install/ika_msgs/include/ika_msgs/ika_msgs/srv/detail/emergency_stop__rosidl_typesupport_fastrtps_c.h
-- Symlinking: /home/sukru/ika_teknofest_aventra_ws/install/ika_msgs/include/ika_msgs/ika_msgs/srv/detail/set_laser__rosidl_typesupport_fastrtps_c.h
-- Symlinking: /home/sukru/ika_teknofest_aventra_ws/install/ika_msgs/include/ika_msgs/ika_msgs/action/aim_and_fire.hpp
-- Symlinking: /home/sukru/ika_teknofest_aventra_ws/install/ika_msgs/include/ika_msgs/ika_msgs/action/detail/aim_and_fire__builder.hpp
-- Symlinking: /home/sukru/ika_teknofest_aventra_ws/install/ika_msgs/include/ika_msgs/ika_msgs/action/detail/aim_and_fire__struct.hpp
-- Symlinking: /home/sukru/ika_teknofest_aventra_ws/install/ika_msgs/include/ika_msgs/ika_msgs/action/detail/aim_and_fire__traits.hpp
-- Symlinking: /home/sukru/ika_teknofest_aventra_ws/install/ika_msgs/include/ika_msgs/ika_msgs/action/detail/aim_and_fire__type_support.hpp
-- Symlinking: /home/sukru/ika_teknofest_aventra_ws/install/ika_msgs/include/ika_msgs/ika_msgs/msg/detail/environment_data__builder.hpp
-- Symlinking: /home/sukru/ika_teknofest_aventra_ws/install/ika_msgs/include/ika_msgs/ika_msgs/msg/detail/environment_data__struct.hpp
-- Symlinking: /home/sukru/ika_teknofest_aventra_ws/install/ika_msgs/include/ika_msgs/ika_msgs/msg/detail/environment_data__traits.hpp
-- Symlinking: /home/sukru/ika_teknofest_aventra_ws/install/ika_msgs/include/ika_msgs/ika_msgs/msg/detail/environment_data__type_support.hpp
-- Symlinking: /home/sukru/ika_teknofest_aventra_ws/install/ika_msgs/include/ika_msgs/ika_msgs/msg/detail/mission_state__builder.hpp
-- Symlinking: /home/sukru/ika_teknofest_aventra_ws/install/ika_msgs/include/ika_msgs/ika_msgs/msg/detail/mission_state__struct.hpp
-- Symlinking: /home/sukru/ika_teknofest_aventra_ws/install/ika_msgs/include/ika_msgs/ika_msgs/msg/detail/mission_state__traits.hpp
-- Symlinking: /home/sukru/ika_teknofest_aventra_ws/install/ika_msgs/include/ika_msgs/ika_msgs/msg/detail/mission_state__type_support.hpp
-- Symlinking: /home/sukru/ika_teknofest_aventra_ws/install/ika_msgs/include/ika_msgs/ika_msgs/msg/environment_data.hpp
-- Symlinking: /home/sukru/ika_teknofest_aventra_ws/install/ika_msgs/include/ika_msgs/ika_msgs/msg/mission_state.hpp
-- Symlinking: /home/sukru/ika_teknofest_aventra_ws/install/ika_msgs/include/ika_msgs/ika_msgs/msg/rosidl_generator_cpp__visibility_control.hpp
-- Symlinking: /home/sukru/ika_teknofest_aventra_ws/install/ika_msgs/include/ika_msgs/ika_msgs/srv/detail/emergency_stop__builder.hpp
-- Symlinking: /home/sukru/ika_teknofest_aventra_ws/install/ika_msgs/include/ika_msgs/ika_msgs/srv/detail/emergency_stop__struct.hpp
-- Symlinking: /home/sukru/ika_teknofest_aventra_ws/install/ika_msgs/include/ika_msgs/ika_msgs/srv/detail/emergency_stop__traits.hpp
-- Symlinking: /home/sukru/ika_teknofest_aventra_ws/install/ika_msgs/include/ika_msgs/ika_msgs/srv/detail/emergency_stop__type_support.hpp
-- Symlinking: /home/sukru/ika_teknofest_aventra_ws/install/ika_msgs/include/ika_msgs/ika_msgs/srv/detail/set_laser__builder.hpp
-- Symlinking: /home/sukru/ika_teknofest_aventra_ws/install/ika_msgs/include/ika_msgs/ika_msgs/srv/detail/set_laser__struct.hpp
-- Symlinking: /home/sukru/ika_teknofest_aventra_ws/install/ika_msgs/include/ika_msgs/ika_msgs/srv/detail/set_laser__traits.hpp
-- Symlinking: /home/sukru/ika_teknofest_aventra_ws/install/ika_msgs/include/ika_msgs/ika_msgs/srv/detail/set_laser__type_support.hpp
-- Symlinking: /home/sukru/ika_teknofest_aventra_ws/install/ika_msgs/include/ika_msgs/ika_msgs/srv/emergency_stop.hpp
-- Symlinking: /home/sukru/ika_teknofest_aventra_ws/install/ika_msgs/include/ika_msgs/ika_msgs/srv/set_laser.hpp
-- Symlinking: /home/sukru/ika_teknofest_aventra_ws/install/ika_msgs/include/ika_msgs/ika_msgs/action/detail/aim_and_fire__rosidl_typesupport_fastrtps_cpp.hpp
-- Symlinking: /home/sukru/ika_teknofest_aventra_ws/install/ika_msgs/include/ika_msgs/ika_msgs/msg/detail/environment_data__rosidl_typesupport_fastrtps_cpp.hpp
-- Symlinking: /home/sukru/ika_teknofest_aventra_ws/install/ika_msgs/include/ika_msgs/ika_msgs/msg/detail/mission_state__rosidl_typesupport_fastrtps_cpp.hpp
-- Symlinking: /home/sukru/ika_teknofest_aventra_ws/install/ika_msgs/include/ika_msgs/ika_msgs/msg/rosidl_typesupport_fastrtps_cpp__visibility_control.h
-- Symlinking: /home/sukru/ika_teknofest_aventra_ws/install/ika_msgs/include/ika_msgs/ika_msgs/srv/detail/emergency_stop__rosidl_typesupport_fastrtps_cpp.hpp
-- Symlinking: /home/sukru/ika_teknofest_aventra_ws/install/ika_msgs/include/ika_msgs/ika_msgs/srv/detail/set_laser__rosidl_typesupport_fastrtps_cpp.hpp
-- Symlinking: /home/sukru/ika_teknofest_aventra_ws/install/ika_msgs/include/ika_msgs/ika_msgs/action/detail/aim_and_fire__rosidl_typesupport_introspection_c.h
-- Symlinking: /home/sukru/ika_teknofest_aventra_ws/install/ika_msgs/include/ika_msgs/ika_msgs/msg/detail/environment_data__rosidl_typesupport_introspection_c.h
-- Symlinking: /home/sukru/ika_teknofest_aventra_ws/install/ika_msgs/include/ika_msgs/ika_msgs/msg/detail/mission_state__rosidl_typesupport_introspection_c.h
-- Symlinking: /home/sukru/ika_teknofest_aventra_ws/install/ika_msgs/include/ika_msgs/ika_msgs/msg/rosidl_typesupport_introspection_c__visibility_control.h
-- Symlinking: /home/sukru/ika_teknofest_aventra_ws/install/ika_msgs/include/ika_msgs/ika_msgs/srv/detail/emergency_stop__rosidl_typesupport_introspection_c.h
-- Symlinking: /home/sukru/ika_teknofest_aventra_ws/install/ika_msgs/include/ika_msgs/ika_msgs/srv/detail/set_laser__rosidl_typesupport_introspection_c.h
-- Symlinking: /home/sukru/ika_teknofest_aventra_ws/install/ika_msgs/include/ika_msgs/ika_msgs/action/detail/aim_and_fire__rosidl_typesupport_introspection_cpp.hpp
-- Symlinking: /home/sukru/ika_teknofest_aventra_ws/install/ika_msgs/include/ika_msgs/ika_msgs/msg/detail/environment_data__rosidl_typesupport_introspection_cpp.hpp
-- Symlinking: /home/sukru/ika_teknofest_aventra_ws/install/ika_msgs/include/ika_msgs/ika_msgs/msg/detail/mission_state__rosidl_typesupport_introspection_cpp.hpp
-- Symlinking: /home/sukru/ika_teknofest_aventra_ws/install/ika_msgs/include/ika_msgs/ika_msgs/srv/detail/emergency_stop__rosidl_typesupport_introspection_cpp.hpp
-- Symlinking: /home/sukru/ika_teknofest_aventra_ws/install/ika_msgs/include/ika_msgs/ika_msgs/srv/detail/set_laser__rosidl_typesupport_introspection_cpp.hpp
-- Symlinking: /home/sukru/ika_teknofest_aventra_ws/install/ika_msgs/share/ika_msgs/environment/pythonpath.sh
-- Symlinking: /home/sukru/ika_teknofest_aventra_ws/install/ika_msgs/share/ika_msgs/environment/pythonpath.dsv
-- Symlinking: /home/sukru/ika_teknofest_aventra_ws/install/ika_msgs/local/lib/python3.10/dist-packages/ika_msgs-0.0.1-py3.10.egg-info/PKG-INFO
-- Symlinking: /home/sukru/ika_teknofest_aventra_ws/install/ika_msgs/local/lib/python3.10/dist-packages/ika_msgs-0.0.1-py3.10.egg-info/SOURCES.txt
-- Symlinking: /home/sukru/ika_teknofest_aventra_ws/install/ika_msgs/local/lib/python3.10/dist-packages/ika_msgs-0.0.1-py3.10.egg-info/dependency_links.txt
-- Symlinking: /home/sukru/ika_teknofest_aventra_ws/install/ika_msgs/local/lib/python3.10/dist-packages/ika_msgs-0.0.1-py3.10.egg-info/top_level.txt
-- Symlinking: /home/sukru/ika_teknofest_aventra_ws/install/ika_msgs/local/lib/python3.10/dist-packages/ika_msgs/__init__.py
-- Symlinking: /home/sukru/ika_teknofest_aventra_ws/install/ika_msgs/local/lib/python3.10/dist-packages/ika_msgs/_ika_msgs_s.ep.rosidl_typesupport_c.c
-- Symlinking: /home/sukru/ika_teknofest_aventra_ws/install/ika_msgs/local/lib/python3.10/dist-packages/ika_msgs/_ika_msgs_s.ep.rosidl_typesupport_fastrtps_c.c
-- Symlinking: /home/sukru/ika_teknofest_aventra_ws/install/ika_msgs/local/lib/python3.10/dist-packages/ika_msgs/_ika_msgs_s.ep.rosidl_typesupport_introspection_c.c
-- Symlinking: /home/sukru/ika_teknofest_aventra_ws/install/ika_msgs/local/lib/python3.10/dist-packages/ika_msgs/action/__init__.py
-- Symlinking: /home/sukru/ika_teknofest_aventra_ws/install/ika_msgs/local/lib/python3.10/dist-packages/ika_msgs/action/_aim_and_fire.py
-- Symlinking: /home/sukru/ika_teknofest_aventra_ws/install/ika_msgs/local/lib/python3.10/dist-packages/ika_msgs/action/_aim_and_fire_s.c
-- Symlinking: /home/sukru/ika_teknofest_aventra_ws/install/ika_msgs/local/lib/python3.10/dist-packages/ika_msgs/ika_msgs_s__rosidl_typesupport_c.cpython-310-x86_64-linux-gnu.so
-- Symlinking: /home/sukru/ika_teknofest_aventra_ws/install/ika_msgs/local/lib/python3.10/dist-packages/ika_msgs/ika_msgs_s__rosidl_typesupport_fastrtps_c.cpython-310-x86_64-linux-gnu.so
-- Symlinking: /home/sukru/ika_teknofest_aventra_ws/install/ika_msgs/local/lib/python3.10/dist-packages/ika_msgs/ika_msgs_s__rosidl_typesupport_introspection_c.cpython-310-x86_64-linux-gnu.so
-- Symlinking: /home/sukru/ika_teknofest_aventra_ws/install/ika_msgs/local/lib/python3.10/dist-packages/ika_msgs/libika_msgs__rosidl_generator_py.so
-- Symlinking: /home/sukru/ika_teknofest_aventra_ws/install/ika_msgs/local/lib/python3.10/dist-packages/ika_msgs/msg/__init__.py
-- Symlinking: /home/sukru/ika_teknofest_aventra_ws/install/ika_msgs/local/lib/python3.10/dist-packages/ika_msgs/msg/_environment_data.py
-- Symlinking: /home/sukru/ika_teknofest_aventra_ws/install/ika_msgs/local/lib/python3.10/dist-packages/ika_msgs/msg/_environment_data_s.c
-- Symlinking: /home/sukru/ika_teknofest_aventra_ws/install/ika_msgs/local/lib/python3.10/dist-packages/ika_msgs/msg/_mission_state.py
-- Symlinking: /home/sukru/ika_teknofest_aventra_ws/install/ika_msgs/local/lib/python3.10/dist-packages/ika_msgs/msg/_mission_state_s.c
-- Symlinking: /home/sukru/ika_teknofest_aventra_ws/install/ika_msgs/local/lib/python3.10/dist-packages/ika_msgs/srv/__init__.py
-- Symlinking: /home/sukru/ika_teknofest_aventra_ws/install/ika_msgs/local/lib/python3.10/dist-packages/ika_msgs/srv/_emergency_stop.py
-- Symlinking: /home/sukru/ika_teknofest_aventra_ws/install/ika_msgs/local/lib/python3.10/dist-packages/ika_msgs/srv/_emergency_stop_s.c
-- Symlinking: /home/sukru/ika_teknofest_aventra_ws/install/ika_msgs/local/lib/python3.10/dist-packages/ika_msgs/srv/_set_laser.py
-- Symlinking: /home/sukru/ika_teknofest_aventra_ws/install/ika_msgs/local/lib/python3.10/dist-packages/ika_msgs/srv/_set_laser_s.c
-- Up-to-date symlink: /home/sukru/ika_teknofest_aventra_ws/install/ika_msgs/local/lib/python3.10/dist-packages/ika_msgs/ika_msgs_s__rosidl_typesupport_fastrtps_c.cpython-310-x86_64-linux-gnu.so
-- Up-to-date symlink: /home/sukru/ika_teknofest_aventra_ws/install/ika_msgs/local/lib/python3.10/dist-packages/ika_msgs/ika_msgs_s__rosidl_typesupport_introspection_c.cpython-310-x86_64-linux-gnu.so
-- Up-to-date symlink: /home/sukru/ika_teknofest_aventra_ws/install/ika_msgs/local/lib/python3.10/dist-packages/ika_msgs/ika_msgs_s__rosidl_typesupport_c.cpython-310-x86_64-linux-gnu.so
-- Symlinking: /home/sukru/ika_teknofest_aventra_ws/install/ika_msgs/share/ika_msgs/msg/EnvironmentData.idl
-- Symlinking: /home/sukru/ika_teknofest_aventra_ws/install/ika_msgs/share/ika_msgs/msg/MissionState.idl
-- Symlinking: /home/sukru/ika_teknofest_aventra_ws/install/ika_msgs/share/ika_msgs/srv/EmergencyStop.idl
-- Symlinking: /home/sukru/ika_teknofest_aventra_ws/install/ika_msgs/share/ika_msgs/srv/SetLaser.idl
-- Symlinking: /home/sukru/ika_teknofest_aventra_ws/install/ika_msgs/share/ika_msgs/action/AimAndFire.idl
-- Symlinking: /home/sukru/ika_teknofest_aventra_ws/install/ika_msgs/share/ika_msgs/msg/EnvironmentData.msg
-- Symlinking: /home/sukru/ika_teknofest_aventra_ws/install/ika_msgs/share/ika_msgs/msg/MissionState.msg
-- Symlinking: /home/sukru/ika_teknofest_aventra_ws/install/ika_msgs/share/ika_msgs/srv/EmergencyStop.srv
-- Symlinking: /home/sukru/ika_teknofest_aventra_ws/install/ika_msgs/share/ika_msgs/srv/EmergencyStop_Request.msg
-- Symlinking: /home/sukru/ika_teknofest_aventra_ws/install/ika_msgs/share/ika_msgs/srv/EmergencyStop_Response.msg
-- Symlinking: /home/sukru/ika_teknofest_aventra_ws/install/ika_msgs/share/ika_msgs/srv/SetLaser.srv
-- Symlinking: /home/sukru/ika_teknofest_aventra_ws/install/ika_msgs/share/ika_msgs/srv/SetLaser_Request.msg
-- Symlinking: /home/sukru/ika_teknofest_aventra_ws/install/ika_msgs/share/ika_msgs/srv/SetLaser_Response.msg
-- Symlinking: /home/sukru/ika_teknofest_aventra_ws/install/ika_msgs/share/ika_msgs/action/AimAndFire.action
-- Symlinking: /home/sukru/ika_teknofest_aventra_ws/install/ika_msgs/share/ament_index/resource_index/package_run_dependencies/ika_msgs
-- Symlinking: /home/sukru/ika_teknofest_aventra_ws/install/ika_msgs/share/ament_index/resource_index/parent_prefix_path/ika_msgs
-- Symlinking: /home/sukru/ika_teknofest_aventra_ws/install/ika_msgs/share/ika_msgs/environment/ament_prefix_path.sh
-- Symlinking: /home/sukru/ika_teknofest_aventra_ws/install/ika_msgs/share/ika_msgs/environment/ament_prefix_path.dsv
-- Symlinking: /home/sukru/ika_teknofest_aventra_ws/install/ika_msgs/share/ika_msgs/environment/path.sh
-- Symlinking: /home/sukru/ika_teknofest_aventra_ws/install/ika_msgs/share/ika_msgs/environment/path.dsv
-- Symlinking: /home/sukru/ika_teknofest_aventra_ws/install/ika_msgs/share/ika_msgs/local_setup.bash
-- Symlinking: /home/sukru/ika_teknofest_aventra_ws/install/ika_msgs/share/ika_msgs/local_setup.sh
-- Symlinking: /home/sukru/ika_teknofest_aventra_ws/install/ika_msgs/share/ika_msgs/local_setup.zsh
-- Symlinking: /home/sukru/ika_teknofest_aventra_ws/install/ika_msgs/share/ika_msgs/local_setup.dsv
-- Symlinking: /home/sukru/ika_teknofest_aventra_ws/install/ika_msgs/share/ika_msgs/package.dsv
-- Symlinking: /home/sukru/ika_teknofest_aventra_ws/install/ika_msgs/share/ament_index/resource_index/packages/ika_msgs
-- Symlinking: /home/sukru/ika_teknofest_aventra_ws/install/ika_msgs/share/ika_msgs/cmake/rosidl_cmake-extras.cmake
-- Symlinking: /home/sukru/ika_teknofest_aventra_ws/install/ika_msgs/share/ika_msgs/cmake/ament_cmake_export_dependencies-extras.cmake
-- Symlinking: /home/sukru/ika_teknofest_aventra_ws/install/ika_msgs/share/ika_msgs/cmake/ament_cmake_export_include_directories-extras.cmake
-- Symlinking: /home/sukru/ika_teknofest_aventra_ws/install/ika_msgs/share/ika_msgs/cmake/ament_cmake_export_libraries-extras.cmake
-- Symlinking: /home/sukru/ika_teknofest_aventra_ws/install/ika_msgs/share/ika_msgs/cmake/ament_cmake_export_targets-extras.cmake
-- Symlinking: /home/sukru/ika_teknofest_aventra_ws/install/ika_msgs/share/ika_msgs/cmake/rosidl_cmake_export_typesupport_targets-extras.cmake
-- Symlinking: /home/sukru/ika_teknofest_aventra_ws/install/ika_msgs/share/ika_msgs/cmake/rosidl_cmake_export_typesupport_libraries-extras.cmake
-- Symlinking: /home/sukru/ika_teknofest_aventra_ws/install/ika_msgs/share/ika_msgs/cmake/ika_msgsConfig.cmake
-- Symlinking: /home/sukru/ika_teknofest_aventra_ws/install/ika_msgs/share/ika_msgs/cmake/ika_msgsConfig-version.cmake
-- Symlinking: /home/sukru/ika_teknofest_aventra_ws/install/ika_msgs/share/ika_msgs/package.xml
-- Installing: /home/sukru/ika_teknofest_aventra_ws/install/ika_msgs/lib/libika_msgs__rosidl_generator_c.so
-- Set runtime path of "/home/sukru/ika_teknofest_aventra_ws/install/ika_msgs/lib/libika_msgs__rosidl_generator_c.so" to ""
-- Installing: /home/sukru/ika_teknofest_aventra_ws/install/ika_msgs/lib/libika_msgs__rosidl_typesupport_fastrtps_c.so
-- Set runtime path of "/home/sukru/ika_teknofest_aventra_ws/install/ika_msgs/lib/libika_msgs__rosidl_typesupport_fastrtps_c.so" to ""
-- Installing: /home/sukru/ika_teknofest_aventra_ws/install/ika_msgs/lib/libika_msgs__rosidl_typesupport_fastrtps_cpp.so
-- Set runtime path of "/home/sukru/ika_teknofest_aventra_ws/install/ika_msgs/lib/libika_msgs__rosidl_typesupport_fastrtps_cpp.so" to ""
-- Installing: /home/sukru/ika_teknofest_aventra_ws/install/ika_msgs/lib/libika_msgs__rosidl_typesupport_introspection_c.so
-- Set runtime path of "/home/sukru/ika_teknofest_aventra_ws/install/ika_msgs/lib/libika_msgs__rosidl_typesupport_introspection_c.so" to ""
-- Installing: /home/sukru/ika_teknofest_aventra_ws/install/ika_msgs/lib/libika_msgs__rosidl_typesupport_c.so
-- Set runtime path of "/home/sukru/ika_teknofest_aventra_ws/install/ika_msgs/lib/libika_msgs__rosidl_typesupport_c.so" to ""
-- Installing: /home/sukru/ika_teknofest_aventra_ws/install/ika_msgs/lib/libika_msgs__rosidl_typesupport_introspection_cpp.so
-- Set runtime path of "/home/sukru/ika_teknofest_aventra_ws/install/ika_msgs/lib/libika_msgs__rosidl_typesupport_introspection_cpp.so" to ""
-- Installing: /home/sukru/ika_teknofest_aventra_ws/install/ika_msgs/lib/libika_msgs__rosidl_typesupport_cpp.so
-- Set runtime path of "/home/sukru/ika_teknofest_aventra_ws/install/ika_msgs/lib/libika_msgs__rosidl_typesupport_cpp.so" to ""
Listing '/home/sukru/ika_teknofest_aventra_ws/install/ika_msgs/local/lib/python3.10/dist-packages/ika_msgs'...
Compiling '/home/sukru/ika_teknofest_aventra_ws/install/ika_msgs/local/lib/python3.10/dist-packages/ika_msgs/__init__.py'...
Listing '/home/sukru/ika_teknofest_aventra_ws/install/ika_msgs/local/lib/python3.10/dist-packages/ika_msgs/action'...
Compiling '/home/sukru/ika_teknofest_aventra_ws/install/ika_msgs/local/lib/python3.10/dist-packages/ika_msgs/action/__init__.py'...
Compiling '/home/sukru/ika_teknofest_aventra_ws/install/ika_msgs/local/lib/python3.10/dist-packages/ika_msgs/action/_aim_and_fire.py'...
Listing '/home/sukru/ika_teknofest_aventra_ws/install/ika_msgs/local/lib/python3.10/dist-packages/ika_msgs/msg'...
Compiling '/home/sukru/ika_teknofest_aventra_ws/install/ika_msgs/local/lib/python3.10/dist-packages/ika_msgs/msg/__init__.py'...
Compiling '/home/sukru/ika_teknofest_aventra_ws/install/ika_msgs/local/lib/python3.10/dist-packages/ika_msgs/msg/_environment_data.py'...
Compiling '/home/sukru/ika_teknofest_aventra_ws/install/ika_msgs/local/lib/python3.10/dist-packages/ika_msgs/msg/_mission_state.py'...
Listing '/home/sukru/ika_teknofest_aventra_ws/install/ika_msgs/local/lib/python3.10/dist-packages/ika_msgs/srv'...
Compiling '/home/sukru/ika_teknofest_aventra_ws/install/ika_msgs/local/lib/python3.10/dist-packages/ika_msgs/srv/__init__.py'...
Compiling '/home/sukru/ika_teknofest_aventra_ws/install/ika_msgs/local/lib/python3.10/dist-packages/ika_msgs/srv/_emergency_stop.py'...
Compiling '/home/sukru/ika_teknofest_aventra_ws/install/ika_msgs/local/lib/python3.10/dist-packages/ika_msgs/srv/_set_laser.py'...
-- Installing: /home/sukru/ika_teknofest_aventra_ws/install/ika_msgs/lib/libika_msgs__rosidl_generator_py.so
-- Set runtime path of "/home/sukru/ika_teknofest_aventra_ws/install/ika_msgs/lib/libika_msgs__rosidl_generator_py.so" to ""
-- Installing: /home/sukru/ika_teknofest_aventra_ws/install/ika_msgs/share/ika_msgs/cmake/export_ika_msgs__rosidl_generator_cExport.cmake
-- Installing: /home/sukru/ika_teknofest_aventra_ws/install/ika_msgs/share/ika_msgs/cmake/export_ika_msgs__rosidl_generator_cExport-noconfig.cmake
-- Installing: /home/sukru/ika_teknofest_aventra_ws/install/ika_msgs/share/ika_msgs/cmake/export_ika_msgs__rosidl_typesupport_fastrtps_cExport.cmake
-- Installing: /home/sukru/ika_teknofest_aventra_ws/install/ika_msgs/share/ika_msgs/cmake/export_ika_msgs__rosidl_typesupport_fastrtps_cExport-noconfig.cmake
-- Installing: /home/sukru/ika_teknofest_aventra_ws/install/ika_msgs/share/ika_msgs/cmake/export_ika_msgs__rosidl_generator_cppExport.cmake
-- Installing: /home/sukru/ika_teknofest_aventra_ws/install/ika_msgs/share/ika_msgs/cmake/export_ika_msgs__rosidl_typesupport_fastrtps_cppExport.cmake
-- Installing: /home/sukru/ika_teknofest_aventra_ws/install/ika_msgs/share/ika_msgs/cmake/export_ika_msgs__rosidl_typesupport_fastrtps_cppExport-noconfig.cmake
-- Installing: /home/sukru/ika_teknofest_aventra_ws/install/ika_msgs/share/ika_msgs/cmake/ika_msgs__rosidl_typesupport_introspection_cExport.cmake
-- Installing: /home/sukru/ika_teknofest_aventra_ws/install/ika_msgs/share/ika_msgs/cmake/ika_msgs__rosidl_typesupport_introspection_cExport-noconfig.cmake
-- Installing: /home/sukru/ika_teknofest_aventra_ws/install/ika_msgs/share/ika_msgs/cmake/ika_msgs__rosidl_typesupport_cExport.cmake
-- Installing: /home/sukru/ika_teknofest_aventra_ws/install/ika_msgs/share/ika_msgs/cmake/ika_msgs__rosidl_typesupport_cExport-noconfig.cmake
-- Installing: /home/sukru/ika_teknofest_aventra_ws/install/ika_msgs/share/ika_msgs/cmake/ika_msgs__rosidl_typesupport_introspection_cppExport.cmake
-- Installing: /home/sukru/ika_teknofest_aventra_ws/install/ika_msgs/share/ika_msgs/cmake/ika_msgs__rosidl_typesupport_introspection_cppExport-noconfig.cmake
-- Installing: /home/sukru/ika_teknofest_aventra_ws/install/ika_msgs/share/ika_msgs/cmake/ika_msgs__rosidl_typesupport_cppExport.cmake
-- Installing: /home/sukru/ika_teknofest_aventra_ws/install/ika_msgs/share/ika_msgs/cmake/ika_msgs__rosidl_typesupport_cppExport-noconfig.cmake
-- Installing: /home/sukru/ika_teknofest_aventra_ws/install/ika_msgs/share/ika_msgs/cmake/export_ika_msgs__rosidl_generator_pyExport.cmake
-- Installing: /home/sukru/ika_teknofest_aventra_ws/install/ika_msgs/share/ika_msgs/cmake/export_ika_msgs__rosidl_generator_pyExport-noconfig.cmake
