running egg_info
creating ../../build/ika_targeting/ika_targeting.egg-info
writing ../../build/ika_targeting/ika_targeting.egg-info/PKG-INFO
writing dependency_links to ../../build/ika_targeting/ika_targeting.egg-info/dependency_links.txt
writing entry points to ../../build/ika_targeting/ika_targeting.egg-info/entry_points.txt
writing requirements to ../../build/ika_targeting/ika_targeting.egg-info/requires.txt
writing top-level names to ../../build/ika_targeting/ika_targeting.egg-info/top_level.txt
writing manifest file '../../build/ika_targeting/ika_targeting.egg-info/SOURCES.txt'
reading manifest file '../../build/ika_targeting/ika_targeting.egg-info/SOURCES.txt'
writing manifest file '../../build/ika_targeting/ika_targeting.egg-info/SOURCES.txt'
running build
running build_py
creating /home/sukru/ika_teknofest_aventra_ws/build/ika_targeting/build
creating /home/sukru/ika_teknofest_aventra_ws/build/ika_targeting/build/lib
creating /home/sukru/ika_teknofest_aventra_ws/build/ika_targeting/build/lib/ika_targeting
copying ika_targeting/__init__.py -> /home/sukru/ika_teknofest_aventra_ws/build/ika_targeting/build/lib/ika_targeting
running install
running install_lib
creating /home/sukru/ika_teknofest_aventra_ws/install/ika_targeting/lib/python3.10/site-packages/ika_targeting
copying /home/sukru/ika_teknofest_aventra_ws/build/ika_targeting/build/lib/ika_targeting/__init__.py -> /home/sukru/ika_teknofest_aventra_ws/install/ika_targeting/lib/python3.10/site-packages/ika_targeting
byte-compiling /home/sukru/ika_teknofest_aventra_ws/install/ika_targeting/lib/python3.10/site-packages/ika_targeting/__init__.py to __init__.cpython-310.pyc
running install_data
creating /home/sukru/ika_teknofest_aventra_ws/install/ika_targeting/share/ament_index
creating /home/sukru/ika_teknofest_aventra_ws/install/ika_targeting/share/ament_index/resource_index
creating /home/sukru/ika_teknofest_aventra_ws/install/ika_targeting/share/ament_index/resource_index/packages
copying resource/ika_targeting -> /home/sukru/ika_teknofest_aventra_ws/install/ika_targeting/share/ament_index/resource_index/packages
copying package.xml -> /home/sukru/ika_teknofest_aventra_ws/install/ika_targeting/share/ika_targeting
running install_egg_info
Copying ../../build/ika_targeting/ika_targeting.egg-info to /home/sukru/ika_teknofest_aventra_ws/install/ika_targeting/lib/python3.10/site-packages/ika_targeting-0.0.0-py3.10.egg-info
running install_scripts
writing list of installed files to '/home/sukru/ika_teknofest_aventra_ws/build/ika_targeting/install.log'
