running egg_info
creating ../../build/ika_ui_bridge/ika_ui_bridge.egg-info
writing ../../build/ika_ui_bridge/ika_ui_bridge.egg-info/PKG-INFO
writing dependency_links to ../../build/ika_ui_bridge/ika_ui_bridge.egg-info/dependency_links.txt
writing entry points to ../../build/ika_ui_bridge/ika_ui_bridge.egg-info/entry_points.txt
writing requirements to ../../build/ika_ui_bridge/ika_ui_bridge.egg-info/requires.txt
writing top-level names to ../../build/ika_ui_bridge/ika_ui_bridge.egg-info/top_level.txt
writing manifest file '../../build/ika_ui_bridge/ika_ui_bridge.egg-info/SOURCES.txt'
reading manifest file '../../build/ika_ui_bridge/ika_ui_bridge.egg-info/SOURCES.txt'
writing manifest file '../../build/ika_ui_bridge/ika_ui_bridge.egg-info/SOURCES.txt'
running build
running build_py
creating /home/sukru/ika_teknofest_aventra_ws/build/ika_ui_bridge/build
creating /home/sukru/ika_teknofest_aventra_ws/build/ika_ui_bridge/build/lib
creating /home/sukru/ika_teknofest_aventra_ws/build/ika_ui_bridge/build/lib/ika_ui_bridge
copying ika_ui_bridge/__init__.py -> /home/sukru/ika_teknofest_aventra_ws/build/ika_ui_bridge/build/lib/ika_ui_bridge
running install
running install_lib
creating /home/sukru/ika_teknofest_aventra_ws/install/ika_ui_bridge/lib/python3.10/site-packages/ika_ui_bridge
copying /home/sukru/ika_teknofest_aventra_ws/build/ika_ui_bridge/build/lib/ika_ui_bridge/__init__.py -> /home/sukru/ika_teknofest_aventra_ws/install/ika_ui_bridge/lib/python3.10/site-packages/ika_ui_bridge
byte-compiling /home/sukru/ika_teknofest_aventra_ws/install/ika_ui_bridge/lib/python3.10/site-packages/ika_ui_bridge/__init__.py to __init__.cpython-310.pyc
running install_data
creating /home/sukru/ika_teknofest_aventra_ws/install/ika_ui_bridge/share/ament_index
creating /home/sukru/ika_teknofest_aventra_ws/install/ika_ui_bridge/share/ament_index/resource_index
creating /home/sukru/ika_teknofest_aventra_ws/install/ika_ui_bridge/share/ament_index/resource_index/packages
copying resource/ika_ui_bridge -> /home/sukru/ika_teknofest_aventra_ws/install/ika_ui_bridge/share/ament_index/resource_index/packages
copying package.xml -> /home/sukru/ika_teknofest_aventra_ws/install/ika_ui_bridge/share/ika_ui_bridge
running install_egg_info
Copying ../../build/ika_ui_bridge/ika_ui_bridge.egg-info to /home/sukru/ika_teknofest_aventra_ws/install/ika_ui_bridge/lib/python3.10/site-packages/ika_ui_bridge-0.0.0-py3.10.egg-info
running install_scripts
writing list of installed files to '/home/sukru/ika_teknofest_aventra_ws/build/ika_ui_bridge/install.log'
