[1.992s] Invoking command in '/home/sukru/ika_teknofest_aventra_ws/src/ika_ui_bridge': PYTHONPATH=/home/sukru/ika_teknofest_aventra_ws/build/ika_ui_bridge/prefix_override:/usr/lib/python3/dist-packages/colcon_core/task/python/colcon_distutils_commands:/home/sukru/ika_teknofest_aventra_ws/install/ika_ui_bridge/lib/python3.10/site-packages:${PYTHONPATH} /usr/bin/python3 -W ignore:setup.py install is deprecated -W ignore:easy_install command is deprecated setup.py egg_info --egg-base ../../build/ika_ui_bridge build --build-base /home/sukru/ika_teknofest_aventra_ws/build/ika_ui_bridge/build install --record /home/sukru/ika_teknofest_aventra_ws/build/ika_ui_bridge/install.log --single-version-externally-managed install_data
[2.324s] running egg_info
[2.325s] creating ../../build/ika_ui_bridge/ika_ui_bridge.egg-info
[2.328s] writing ../../build/ika_ui_bridge/ika_ui_bridge.egg-info/PKG-INFO
[2.328s] writing dependency_links to ../../build/ika_ui_bridge/ika_ui_bridge.egg-info/dependency_links.txt
[2.328s] writing entry points to ../../build/ika_ui_bridge/ika_ui_bridge.egg-info/entry_points.txt
[2.328s] writing requirements to ../../build/ika_ui_bridge/ika_ui_bridge.egg-info/requires.txt
[2.328s] writing top-level names to ../../build/ika_ui_bridge/ika_ui_bridge.egg-info/top_level.txt
[2.328s] writing manifest file '../../build/ika_ui_bridge/ika_ui_bridge.egg-info/SOURCES.txt'
[2.330s] reading manifest file '../../build/ika_ui_bridge/ika_ui_bridge.egg-info/SOURCES.txt'
[2.331s] writing manifest file '../../build/ika_ui_bridge/ika_ui_bridge.egg-info/SOURCES.txt'
[2.331s] running build
[2.331s] running build_py
[2.331s] creating /home/sukru/ika_teknofest_aventra_ws/build/ika_ui_bridge/build
[2.331s] creating /home/sukru/ika_teknofest_aventra_ws/build/ika_ui_bridge/build/lib
[2.332s] creating /home/sukru/ika_teknofest_aventra_ws/build/ika_ui_bridge/build/lib/ika_ui_bridge
[2.332s] copying ika_ui_bridge/__init__.py -> /home/sukru/ika_teknofest_aventra_ws/build/ika_ui_bridge/build/lib/ika_ui_bridge
[2.332s] running install
[2.332s] running install_lib
[2.333s] creating /home/sukru/ika_teknofest_aventra_ws/install/ika_ui_bridge/lib/python3.10/site-packages/ika_ui_bridge
[2.333s] copying /home/sukru/ika_teknofest_aventra_ws/build/ika_ui_bridge/build/lib/ika_ui_bridge/__init__.py -> /home/sukru/ika_teknofest_aventra_ws/install/ika_ui_bridge/lib/python3.10/site-packages/ika_ui_bridge
[2.334s] byte-compiling /home/sukru/ika_teknofest_aventra_ws/install/ika_ui_bridge/lib/python3.10/site-packages/ika_ui_bridge/__init__.py to __init__.cpython-310.pyc
[2.334s] running install_data
[2.334s] creating /home/sukru/ika_teknofest_aventra_ws/install/ika_ui_bridge/share/ament_index
[2.334s] creating /home/sukru/ika_teknofest_aventra_ws/install/ika_ui_bridge/share/ament_index/resource_index
[2.334s] creating /home/sukru/ika_teknofest_aventra_ws/install/ika_ui_bridge/share/ament_index/resource_index/packages
[2.334s] copying resource/ika_ui_bridge -> /home/sukru/ika_teknofest_aventra_ws/install/ika_ui_bridge/share/ament_index/resource_index/packages
[2.335s] copying package.xml -> /home/sukru/ika_teknofest_aventra_ws/install/ika_ui_bridge/share/ika_ui_bridge
[2.335s] running install_egg_info
[2.337s] Copying ../../build/ika_ui_bridge/ika_ui_bridge.egg-info to /home/sukru/ika_teknofest_aventra_ws/install/ika_ui_bridge/lib/python3.10/site-packages/ika_ui_bridge-0.0.0-py3.10.egg-info
[2.338s] running install_scripts
[2.375s] writing list of installed files to '/home/sukru/ika_teknofest_aventra_ws/build/ika_ui_bridge/install.log'
[2.423s] Invoked command in '/home/sukru/ika_teknofest_aventra_ws/src/ika_ui_bridge' returned '0': PYTHONPATH=/home/sukru/ika_teknofest_aventra_ws/build/ika_ui_bridge/prefix_override:/usr/lib/python3/dist-packages/colcon_core/task/python/colcon_distutils_commands:/home/sukru/ika_teknofest_aventra_ws/install/ika_ui_bridge/lib/python3.10/site-packages:${PYTHONPATH} /usr/bin/python3 -W ignore:setup.py install is deprecated -W ignore:easy_install command is deprecated setup.py egg_info --egg-base ../../build/ika_ui_bridge build --build-base /home/sukru/ika_teknofest_aventra_ws/build/ika_ui_bridge/build install --record /home/sukru/ika_teknofest_aventra_ws/build/ika_ui_bridge/install.log --single-version-externally-managed install_data
