running develop
running egg_info
creating ika_perception.egg-info
writing ika_perception.egg-info/PKG-INFO
writing dependency_links to ika_perception.egg-info/dependency_links.txt
writing entry points to ika_perception.egg-info/entry_points.txt
writing requirements to ika_perception.egg-info/requires.txt
writing top-level names to ika_perception.egg-info/top_level.txt
writing manifest file 'ika_perception.egg-info/SOURCES.txt'
reading manifest file 'ika_perception.egg-info/SOURCES.txt'
writing manifest file 'ika_perception.egg-info/SOURCES.txt'
running build_ext
Creating /home/yildiz/IKA_AVENTRA_WORKSPACE/ika_aventra/install/ika_perception/lib/python3.10/site-packages/ika-perception.egg-link (link to .)

Installed /home/yildiz/IKA_AVENTRA_WORKSPACE/ika_aventra/build/ika_perception
running symlink_data
creating /home/yildiz/IKA_AVENTRA_WORKSPACE/ika_aventra/install/ika_perception/share/ament_index
creating /home/yildiz/IKA_AVENTRA_WORKSPACE/ika_aventra/install/ika_perception/share/ament_index/resource_index
creating /home/yildiz/IKA_AVENTRA_WORKSPACE/ika_aventra/install/ika_perception/share/ament_index/resource_index/packages
symbolically linking /home/yildiz/IKA_AVENTRA_WORKSPACE/ika_aventra/build/ika_perception/resource/ika_perception -> /home/yildiz/IKA_AVENTRA_WORKSPACE/ika_aventra/install/ika_perception/share/ament_index/resource_index/packages
symbolically linking /home/yildiz/IKA_AVENTRA_WORKSPACE/ika_aventra/build/ika_perception/package.xml -> /home/yildiz/IKA_AVENTRA_WORKSPACE/ika_aventra/install/ika_perception/share/ika_perception
