[1.660s] Invoking command in '/home/yildiz/IKA_AVENTRA_WORKSPACE/ika_aventra/build/ika_perception': PYTHONPATH=/home/yildiz/IKA_AVENTRA_WORKSPACE/ika_aventra/build/ika_perception/prefix_override:/usr/lib/python3/dist-packages/colcon_core/task/python/colcon_distutils_commands:/home/yildiz/IKA_AVENTRA_WORKSPACE/ika_aventra/install/ika_perception/lib/python3.10/site-packages:${PYTHONPATH} /usr/bin/python3 -W ignore:setup.py install is deprecated -W ignore:easy_install command is deprecated setup.py develop --editable --build-directory /home/yildiz/IKA_AVENTRA_WORKSPACE/ika_aventra/build/ika_perception/build --no-deps symlink_data
[2.011s] running develop
[2.167s] running egg_info
[2.168s] creating ika_perception.egg-info
[2.172s] writing ika_perception.egg-info/PKG-INFO
[2.172s] writing dependency_links to ika_perception.egg-info/dependency_links.txt
[2.172s] writing entry points to ika_perception.egg-info/entry_points.txt
[2.172s] writing requirements to ika_perception.egg-info/requires.txt
[2.172s] writing top-level names to ika_perception.egg-info/top_level.txt
[2.174s] writing manifest file 'ika_perception.egg-info/SOURCES.txt'
[2.174s] reading manifest file 'ika_perception.egg-info/SOURCES.txt'
[2.174s] writing manifest file 'ika_perception.egg-info/SOURCES.txt'
[2.175s] running build_ext
[2.175s] Creating /home/yildiz/IKA_AVENTRA_WORKSPACE/ika_aventra/install/ika_perception/lib/python3.10/site-packages/ika-perception.egg-link (link to .)
[2.178s] 
[2.178s] Installed /home/yildiz/IKA_AVENTRA_WORKSPACE/ika_aventra/build/ika_perception
[2.178s] running symlink_data
[2.178s] creating /home/yildiz/IKA_AVENTRA_WORKSPACE/ika_aventra/install/ika_perception/share/ament_index
[2.178s] creating /home/yildiz/IKA_AVENTRA_WORKSPACE/ika_aventra/install/ika_perception/share/ament_index/resource_index
[2.178s] creating /home/yildiz/IKA_AVENTRA_WORKSPACE/ika_aventra/install/ika_perception/share/ament_index/resource_index/packages
[2.178s] symbolically linking /home/yildiz/IKA_AVENTRA_WORKSPACE/ika_aventra/build/ika_perception/resource/ika_perception -> /home/yildiz/IKA_AVENTRA_WORKSPACE/ika_aventra/install/ika_perception/share/ament_index/resource_index/packages
[2.178s] symbolically linking /home/yildiz/IKA_AVENTRA_WORKSPACE/ika_aventra/build/ika_perception/package.xml -> /home/yildiz/IKA_AVENTRA_WORKSPACE/ika_aventra/install/ika_perception/share/ika_perception
[2.351s] Invoked command in '/home/yildiz/IKA_AVENTRA_WORKSPACE/ika_aventra/build/ika_perception' returned '0': PYTHONPATH=/home/yildiz/IKA_AVENTRA_WORKSPACE/ika_aventra/build/ika_perception/prefix_override:/usr/lib/python3/dist-packages/colcon_core/task/python/colcon_distutils_commands:/home/yildiz/IKA_AVENTRA_WORKSPACE/ika_aventra/install/ika_perception/lib/python3.10/site-packages:${PYTHONPATH} /usr/bin/python3 -W ignore:setup.py install is deprecated -W ignore:easy_install command is deprecated setup.py develop --editable --build-directory /home/yildiz/IKA_AVENTRA_WORKSPACE/ika_aventra/build/ika_perception/build --no-deps symlink_data
