running egg_info
creating ../../build/ika_perception/ika_perception.egg-info
writing ../../build/ika_perception/ika_perception.egg-info/PKG-INFO
writing dependency_links to ../../build/ika_perception/ika_perception.egg-info/dependency_links.txt
writing entry points to ../../build/ika_perception/ika_perception.egg-info/entry_points.txt
writing requirements to ../../build/ika_perception/ika_perception.egg-info/requires.txt
writing top-level names to ../../build/ika_perception/ika_perception.egg-info/top_level.txt
writing manifest file '../../build/ika_perception/ika_perception.egg-info/SOURCES.txt'
reading manifest file '../../build/ika_perception/ika_perception.egg-info/SOURCES.txt'
writing manifest file '../../build/ika_perception/ika_perception.egg-info/SOURCES.txt'
running build
running build_py
creating /home/sukru/ika_teknofest_aventra_ws/build/ika_perception/build
creating /home/sukru/ika_teknofest_aventra_ws/build/ika_perception/build/lib
creating /home/sukru/ika_teknofest_aventra_ws/build/ika_perception/build/lib/ika_perception
copying ika_perception/__init__.py -> /home/sukru/ika_teknofest_aventra_ws/build/ika_perception/build/lib/ika_perception
running install
running install_lib
creating /home/sukru/ika_teknofest_aventra_ws/install/ika_perception/lib/python3.10/site-packages/ika_perception
copying /home/sukru/ika_teknofest_aventra_ws/build/ika_perception/build/lib/ika_perception/__init__.py -> /home/sukru/ika_teknofest_aventra_ws/install/ika_perception/lib/python3.10/site-packages/ika_perception
byte-compiling /home/sukru/ika_teknofest_aventra_ws/install/ika_perception/lib/python3.10/site-packages/ika_perception/__init__.py to __init__.cpython-310.pyc
running install_data
creating /home/sukru/ika_teknofest_aventra_ws/install/ika_perception/share/ament_index
creating /home/sukru/ika_teknofest_aventra_ws/install/ika_perception/share/ament_index/resource_index
creating /home/sukru/ika_teknofest_aventra_ws/install/ika_perception/share/ament_index/resource_index/packages
copying resource/ika_perception -> /home/sukru/ika_teknofest_aventra_ws/install/ika_perception/share/ament_index/resource_index/packages
copying package.xml -> /home/sukru/ika_teknofest_aventra_ws/install/ika_perception/share/ika_perception
running install_egg_info
Copying ../../build/ika_perception/ika_perception.egg-info to /home/sukru/ika_teknofest_aventra_ws/install/ika_perception/lib/python3.10/site-packages/ika_perception-0.0.0-py3.10.egg-info
running install_scripts
writing list of installed files to '/home/sukru/ika_teknofest_aventra_ws/build/ika_perception/install.log'
