[2.026s] Invoking command in '/home/sukru/ika_teknofest_aventra_ws/src/ika_data_logger': PYTHONPATH=/home/sukru/ika_teknofest_aventra_ws/build/ika_data_logger/prefix_override:/usr/lib/python3/dist-packages/colcon_core/task/python/colcon_distutils_commands:/home/sukru/ika_teknofest_aventra_ws/install/ika_data_logger/lib/python3.10/site-packages:${PYTHONPATH} /usr/bin/python3 -W ignore:setup.py install is deprecated -W ignore:easy_install command is deprecated setup.py egg_info --egg-base ../../build/ika_data_logger build --build-base /home/sukru/ika_teknofest_aventra_ws/build/ika_data_logger/build install --record /home/sukru/ika_teknofest_aventra_ws/build/ika_data_logger/install.log --single-version-externally-managed install_data
[2.255s] running egg_info
[2.255s] creating ../../build/ika_data_logger/ika_data_logger.egg-info
[2.256s] writing ../../build/ika_data_logger/ika_data_logger.egg-info/PKG-INFO
[2.256s] writing dependency_links to ../../build/ika_data_logger/ika_data_logger.egg-info/dependency_links.txt
[2.256s] writing entry points to ../../build/ika_data_logger/ika_data_logger.egg-info/entry_points.txt
[2.256s] writing requirements to ../../build/ika_data_logger/ika_data_logger.egg-info/requires.txt
[2.256s] writing top-level names to ../../build/ika_data_logger/ika_data_logger.egg-info/top_level.txt
[2.256s] writing manifest file '../../build/ika_data_logger/ika_data_logger.egg-info/SOURCES.txt'
[2.258s] reading manifest file '../../build/ika_data_logger/ika_data_logger.egg-info/SOURCES.txt'
[2.258s] writing manifest file '../../build/ika_data_logger/ika_data_logger.egg-info/SOURCES.txt'
[2.259s] running build
[2.259s] running build_py
[2.259s] creating /home/sukru/ika_teknofest_aventra_ws/build/ika_data_logger/build
[2.259s] creating /home/sukru/ika_teknofest_aventra_ws/build/ika_data_logger/build/lib
[2.259s] creating /home/sukru/ika_teknofest_aventra_ws/build/ika_data_logger/build/lib/ika_data_logger
[2.259s] copying ika_data_logger/__init__.py -> /home/sukru/ika_teknofest_aventra_ws/build/ika_data_logger/build/lib/ika_data_logger
[2.259s] running install
[2.259s] running install_lib
[2.260s] creating /home/sukru/ika_teknofest_aventra_ws/install/ika_data_logger/lib/python3.10/site-packages/ika_data_logger
[2.260s] copying /home/sukru/ika_teknofest_aventra_ws/build/ika_data_logger/build/lib/ika_data_logger/__init__.py -> /home/sukru/ika_teknofest_aventra_ws/install/ika_data_logger/lib/python3.10/site-packages/ika_data_logger
[2.261s] byte-compiling /home/sukru/ika_teknofest_aventra_ws/install/ika_data_logger/lib/python3.10/site-packages/ika_data_logger/__init__.py to __init__.cpython-310.pyc
[2.261s] running install_data
[2.261s] creating /home/sukru/ika_teknofest_aventra_ws/install/ika_data_logger/share/ament_index
[2.261s] creating /home/sukru/ika_teknofest_aventra_ws/install/ika_data_logger/share/ament_index/resource_index
[2.261s] creating /home/sukru/ika_teknofest_aventra_ws/install/ika_data_logger/share/ament_index/resource_index/packages
[2.261s] copying resource/ika_data_logger -> /home/sukru/ika_teknofest_aventra_ws/install/ika_data_logger/share/ament_index/resource_index/packages
[2.261s] copying package.xml -> /home/sukru/ika_teknofest_aventra_ws/install/ika_data_logger/share/ika_data_logger
[2.262s] running install_egg_info
[2.263s] Copying ../../build/ika_data_logger/ika_data_logger.egg-info to /home/sukru/ika_teknofest_aventra_ws/install/ika_data_logger/lib/python3.10/site-packages/ika_data_logger-0.0.0-py3.10.egg-info
[2.264s] running install_scripts
[2.285s] writing list of installed files to '/home/sukru/ika_teknofest_aventra_ws/build/ika_data_logger/install.log'
[2.359s] Invoked command in '/home/sukru/ika_teknofest_aventra_ws/src/ika_data_logger' returned '0': PYTHONPATH=/home/sukru/ika_teknofest_aventra_ws/build/ika_data_logger/prefix_override:/usr/lib/python3/dist-packages/colcon_core/task/python/colcon_distutils_commands:/home/sukru/ika_teknofest_aventra_ws/install/ika_data_logger/lib/python3.10/site-packages:${PYTHONPATH} /usr/bin/python3 -W ignore:setup.py install is deprecated -W ignore:easy_install command is deprecated setup.py egg_info --egg-base ../../build/ika_data_logger build --build-base /home/sukru/ika_teknofest_aventra_ws/build/ika_data_logger/build install --record /home/sukru/ika_teknofest_aventra_ws/build/ika_data_logger/install.log --single-version-externally-managed install_data
