-- Install configuration: ""
-- Up-to-date: /home/sukru/ika_teknofest_aventra_ws/install/ika_description/share/ika_description/urdf
-- Up-to-date: /home/sukru/ika_teknofest_aventra_ws/install/ika_description/share/ika_description/urdf/lidar.xacro
-- Up-to-date: /home/sukru/ika_teknofest_aventra_ws/install/ika_description/share/ika_description/urdf/camera_aim.xacro
-- Up-to-date: /home/sukru/ika_teknofest_aventra_ws/install/ika_description/share/ika_description/urdf/gps.xacro
-- Up-to-date: /home/sukru/ika_teknofest_aventra_ws/install/ika_description/share/ika_description/urdf/camera_rear.xacro
-- Up-to-date: /home/sukru/ika_teknofest_aventra_ws/install/ika_description/share/ika_description/urdf/laser_range.xacro
-- Up-to-date: /home/sukru/ika_teknofest_aventra_ws/install/ika_description/share/ika_description/urdf/laser_pointer.xacro
-- Up-to-date: /home/sukru/ika_teknofest_aventra_ws/install/ika_description/share/ika_description/urdf/imu.xacro
-- Up-to-date: /home/sukru/ika_teknofest_aventra_ws/install/ika_description/share/ika_description/urdf/robot.urdf.xacro
-- Up-to-date: /home/sukru/ika_teknofest_aventra_ws/install/ika_description/share/ika_description/urdf/environmental_sensor.xacro
-- Up-to-date: /home/sukru/ika_teknofest_aventra_ws/install/ika_description/share/ika_description/urdf/base.xacro
-- Up-to-date: /home/sukru/ika_teknofest_aventra_ws/install/ika_description/share/ika_description/urdf/camera_front.xacro
-- Up-to-date: /home/sukru/ika_teknofest_aventra_ws/install/ika_description/share/ika_description/urdf/wheels.xacro
-- Up-to-date: /home/sukru/ika_teknofest_aventra_ws/install/ika_description/share/ika_description/urdf/encoder.xacro
-- Up-to-date: /home/sukru/ika_teknofest_aventra_ws/install/ika_description/share/ika_description/launch
-- Up-to-date: /home/sukru/ika_teknofest_aventra_ws/install/ika_description/share/ika_description/launch/rsp.launch.py
-- Up-to-date: /home/sukru/ika_teknofest_aventra_ws/install/ika_description/share/ika_description/rviz
-- Up-to-date: /home/sukru/ika_teknofest_aventra_ws/install/ika_description/share/ika_description/rviz/robot_view.rviz
-- Up-to-date: /home/sukru/ika_teknofest_aventra_ws/install/ika_description/share/ika_description/meshes
-- Up-to-date: /home/sukru/ika_teknofest_aventra_ws/install/ika_description/share/ika_description/meshes/.gitkeep
-- Up-to-date: /home/sukru/ika_teknofest_aventra_ws/install/ika_description/share/ament_index/resource_index/package_run_dependencies/ika_description
-- Up-to-date: /home/sukru/ika_teknofest_aventra_ws/install/ika_description/share/ament_index/resource_index/parent_prefix_path/ika_description
-- Up-to-date: /home/sukru/ika_teknofest_aventra_ws/install/ika_description/share/ika_description/environment/ament_prefix_path.sh
-- Up-to-date: /home/sukru/ika_teknofest_aventra_ws/install/ika_description/share/ika_description/environment/ament_prefix_path.dsv
-- Up-to-date: /home/sukru/ika_teknofest_aventra_ws/install/ika_description/share/ika_description/environment/path.sh
-- Up-to-date: /home/sukru/ika_teknofest_aventra_ws/install/ika_description/share/ika_description/environment/path.dsv
-- Up-to-date: /home/sukru/ika_teknofest_aventra_ws/install/ika_description/share/ika_description/local_setup.bash
-- Up-to-date: /home/sukru/ika_teknofest_aventra_ws/install/ika_description/share/ika_description/local_setup.sh
-- Up-to-date: /home/sukru/ika_teknofest_aventra_ws/install/ika_description/share/ika_description/local_setup.zsh
-- Up-to-date: /home/sukru/ika_teknofest_aventra_ws/install/ika_description/share/ika_description/local_setup.dsv
-- Up-to-date: /home/sukru/ika_teknofest_aventra_ws/install/ika_description/share/ika_description/package.dsv
-- Up-to-date: /home/sukru/ika_teknofest_aventra_ws/install/ika_description/share/ament_index/resource_index/packages/ika_description
-- Up-to-date: /home/sukru/ika_teknofest_aventra_ws/install/ika_description/share/ika_description/cmake/ika_descriptionConfig.cmake
-- Up-to-date: /home/sukru/ika_teknofest_aventra_ws/install/ika_description/share/ika_description/cmake/ika_descriptionConfig-version.cmake
-- Up-to-date: /home/sukru/ika_teknofest_aventra_ws/install/ika_description/share/ika_description/package.xml
