/home/sukru/ika_teknofest_aventra_ws/install/ika_sensors/lib/python3.10/site-packages/ika_sensors/__init__.py
/home/sukru/ika_teknofest_aventra_ws/install/ika_sensors/lib/python3.10/site-packages/ika_sensors/laser_range_node.py
/home/sukru/ika_teknofest_aventra_ws/install/ika_sensors/lib/python3.10/site-packages/ika_sensors/pressure_altitude_node.py
/home/sukru/ika_teknofest_aventra_ws/install/ika_sensors/lib/python3.10/site-packages/ika_sensors/temp_humidity_node.py
/home/sukru/ika_teknofest_aventra_ws/install/ika_sensors/lib/python3.10/site-packages/ika_sensors/__pycache__/__init__.cpython-310.pyc
/home/sukru/ika_teknofest_aventra_ws/install/ika_sensors/lib/python3.10/site-packages/ika_sensors/__pycache__/laser_range_node.cpython-310.pyc
/home/sukru/ika_teknofest_aventra_ws/install/ika_sensors/lib/python3.10/site-packages/ika_sensors/__pycache__/pressure_altitude_node.cpython-310.pyc
/home/sukru/ika_teknofest_aventra_ws/install/ika_sensors/lib/python3.10/site-packages/ika_sensors/__pycache__/temp_humidity_node.cpython-310.pyc
/home/sukru/ika_teknofest_aventra_ws/install/ika_sensors/share/ament_index/resource_index/packages/ika_sensors
/home/sukru/ika_teknofest_aventra_ws/install/ika_sensors/share/ika_sensors/package.xml
/home/sukru/ika_teknofest_aventra_ws/install/ika_sensors/share/ika_sensors/launch/imu.launch.py
/home/sukru/ika_teknofest_aventra_ws/install/ika_sensors/share/ika_sensors/launch/lidar.launch.py
/home/sukru/ika_teknofest_aventra_ws/install/ika_sensors/share/ika_sensors/launch/environmental.launch.py
/home/sukru/ika_teknofest_aventra_ws/install/ika_sensors/share/ika_sensors/launch/cameras.launch.py
/home/sukru/ika_teknofest_aventra_ws/install/ika_sensors/share/ika_sensors/launch/gps.launch.py
/home/sukru/ika_teknofest_aventra_ws/install/ika_sensors/lib/python3.10/site-packages/ika_sensors-0.0.1-py3.10.egg-info/PKG-INFO
/home/sukru/ika_teknofest_aventra_ws/install/ika_sensors/lib/python3.10/site-packages/ika_sensors-0.0.1-py3.10.egg-info/entry_points.txt
/home/sukru/ika_teknofest_aventra_ws/install/ika_sensors/lib/python3.10/site-packages/ika_sensors-0.0.1-py3.10.egg-info/dependency_links.txt
/home/sukru/ika_teknofest_aventra_ws/install/ika_sensors/lib/python3.10/site-packages/ika_sensors-0.0.1-py3.10.egg-info/top_level.txt
/home/sukru/ika_teknofest_aventra_ws/install/ika_sensors/lib/python3.10/site-packages/ika_sensors-0.0.1-py3.10.egg-info/SOURCES.txt
/home/sukru/ika_teknofest_aventra_ws/install/ika_sensors/lib/python3.10/site-packages/ika_sensors-0.0.1-py3.10.egg-info/requires.txt
/home/sukru/ika_teknofest_aventra_ws/install/ika_sensors/lib/python3.10/site-packages/ika_sensors-0.0.1-py3.10.egg-info/zip-safe
/home/sukru/ika_teknofest_aventra_ws/install/ika_sensors/lib/ika_sensors/laser_range_node
/home/sukru/ika_teknofest_aventra_ws/install/ika_sensors/lib/ika_sensors/pressure_altitude_node
/home/sukru/ika_teknofest_aventra_ws/install/ika_sensors/lib/ika_sensors/temp_humidity_node
