running develop
running egg_info
creating ika_navigation.egg-info
writing ika_navigation.egg-info/PKG-INFO
writing dependency_links to ika_navigation.egg-info/dependency_links.txt
writing entry points to ika_navigation.egg-info/entry_points.txt
writing requirements to ika_navigation.egg-info/requires.txt
writing top-level names to ika_navigation.egg-info/top_level.txt
writing manifest file 'ika_navigation.egg-info/SOURCES.txt'
reading manifest file 'ika_navigation.egg-info/SOURCES.txt'
writing manifest file 'ika_navigation.egg-info/SOURCES.txt'
running build_ext
Creating /home/yildiz/IKA_AVENTRA_WORKSPACE/ika_aventra/install/ika_navigation/lib/python3.10/site-packages/ika-navigation.egg-link (link to .)

Installed /home/yildiz/IKA_AVENTRA_WORKSPACE/ika_aventra/build/ika_navigation
running symlink_data
creating /home/yildiz/IKA_AVENTRA_WORKSPACE/ika_aventra/install/ika_navigation/share/ament_index
creating /home/yildiz/IKA_AVENTRA_WORKSPACE/ika_aventra/install/ika_navigation/share/ament_index/resource_index
creating /home/yildiz/IKA_AVENTRA_WORKSPACE/ika_aventra/install/ika_navigation/share/ament_index/resource_index/packages
symbolically linking /home/yildiz/IKA_AVENTRA_WORKSPACE/ika_aventra/build/ika_navigation/resource/ika_navigation -> /home/yildiz/IKA_AVENTRA_WORKSPACE/ika_aventra/install/ika_navigation/share/ament_index/resource_index/packages
symbolically linking /home/yildiz/IKA_AVENTRA_WORKSPACE/ika_aventra/build/ika_navigation/package.xml -> /home/yildiz/IKA_AVENTRA_WORKSPACE/ika_aventra/install/ika_navigation/share/ika_navigation
