[0.007s] Invoking command in '/home/sukru/ika_teknofest_aventra_ws/build/ika_msgs': CMAKE_PREFIX_PATH=${CMAKE_PREFIX_PATH}:/home/sukru/ika_teknofest_aventra_ws/install/ika_sensors:/home/sukru/ai_autonomi_ws/install/ika_autonomi:/home/sukru/Desktop/otonom_atis/install/python_pkg:/home/sukru/ros_ws_vacuum_bot/install/vacuum_teleop:/home/sukru/ros_ws_vacuum_bot/install/vacuum_sensors:/home/sukru/ros_ws_vacuum_bot/install/vacuum_navigation:/home/sukru/ros_ws_vacuum_bot/install/vacuum_msgs:/home/sukru/ros_ws_vacuum_bot/install/vacuum_mapping:/home/sukru/ros_ws_vacuum_bot/install/vacuum_description:/home/sukru/ros_ws_vacuum_bot/install/vacuum_control:/home/sukru/ros_ws_vacuum_bot/install/vacuum_bringup:/home/sukru/ros_ws_demo/install/python_pkg:/opt/ros/humble /usr/bin/cmake /home/sukru/ika_teknofest_aventra_ws/src/ika_msgs -DCMAKE_INSTALL_PREFIX=/home/sukru/ika_teknofest_aventra_ws/install/ika_msgs
[0.041s] -- The C compiler identification is GNU 11.4.0
[0.078s] -- The CXX compiler identification is GNU 11.4.0
[0.082s] -- Detecting C compiler ABI info
[0.125s] -- Detecting C compiler ABI info - done
[0.129s] -- Check for working C compiler: /usr/bin/cc - skipped
[0.129s] -- Detecting C compile features
[0.130s] -- Detecting C compile features - done
[0.131s] -- Detecting CXX compiler ABI info
[0.180s] -- Detecting CXX compiler ABI info - done
[0.184s] -- Check for working CXX compiler: /usr/bin/c++ - skipped
[0.184s] -- Detecting CXX compile features
[0.184s] -- Detecting CXX compile features - done
[0.187s] -- Found ament_cmake: 1.3.13 (/opt/ros/humble/share/ament_cmake/cmake)
[0.285s] -- Found Python3: /usr/bin/python3 (found version "3.10.12") found components: Interpreter 
[0.381s] -- Found std_msgs: 4.9.1 (/opt/ros/humble/share/std_msgs/cmake)
[0.441s] -- Found rosidl_generator_c: 3.1.8 (/opt/ros/humble/share/rosidl_generator_c/cmake)
[0.448s] -- Found rosidl_adapter: 3.1.8 (/opt/ros/humble/share/rosidl_adapter/cmake)
[0.462s] -- Found rosidl_generator_cpp: 3.1.8 (/opt/ros/humble/share/rosidl_generator_cpp/cmake)
[0.484s] -- Using all available rosidl_typesupport_c: rosidl_typesupport_fastrtps_c;rosidl_typesupport_introspection_c
[0.505s] -- Using all available rosidl_typesupport_cpp: rosidl_typesupport_fastrtps_cpp;rosidl_typesupport_introspection_cpp
[0.534s] -- Found rosidl_default_generators: 1.2.0 (/opt/ros/humble/share/rosidl_default_generators/cmake)
[0.759s] -- Found ament_cmake_ros: 0.10.0 (/opt/ros/humble/share/ament_cmake_ros/cmake)
[0.998s] -- Using all available rosidl_typesupport_c: rosidl_typesupport_fastrtps_c;rosidl_typesupport_introspection_c
[1.087s] -- Using all available rosidl_typesupport_cpp: rosidl_typesupport_fastrtps_cpp;rosidl_typesupport_introspection_cpp
[1.103s] -- Found PythonInterp: /usr/bin/python3 (found suitable version "3.10.12", minimum required is "3.6") 
[1.106s] -- Found python_cmake_module: 0.10.0 (/opt/ros/humble/share/python_cmake_module/cmake)
[1.126s] -- Found PythonLibs: /usr/lib/x86_64-linux-gnu/libpython3.10.so (found suitable version "3.10.12", minimum required is "3.5") 
[1.126s] -- Using PYTHON_EXECUTABLE: /usr/bin/python3
[1.126s] -- Using PYTHON_INCLUDE_DIRS: /usr/include/python3.10
[1.126s] -- Using PYTHON_LIBRARIES: /usr/lib/x86_64-linux-gnu/libpython3.10.so
[1.140s] -- Found PythonExtra: .so  
[1.182s] -- Configuring done
[1.208s] -- Generating done
[1.214s] -- Build files have been written to: /home/sukru/ika_teknofest_aventra_ws/build/ika_msgs
[1.220s] Invoked command in '/home/sukru/ika_teknofest_aventra_ws/build/ika_msgs' returned '0': CMAKE_PREFIX_PATH=${CMAKE_PREFIX_PATH}:/home/sukru/ika_teknofest_aventra_ws/install/ika_sensors:/home/sukru/ai_autonomi_ws/install/ika_autonomi:/home/sukru/Desktop/otonom_atis/install/python_pkg:/home/sukru/ros_ws_vacuum_bot/install/vacuum_teleop:/home/sukru/ros_ws_vacuum_bot/install/vacuum_sensors:/home/sukru/ros_ws_vacuum_bot/install/vacuum_navigation:/home/sukru/ros_ws_vacuum_bot/install/vacuum_msgs:/home/sukru/ros_ws_vacuum_bot/install/vacuum_mapping:/home/sukru/ros_ws_vacuum_bot/install/vacuum_description:/home/sukru/ros_ws_vacuum_bot/install/vacuum_control:/home/sukru/ros_ws_vacuum_bot/install/vacuum_bringup:/home/sukru/ros_ws_demo/install/python_pkg:/opt/ros/humble /usr/bin/cmake /home/sukru/ika_teknofest_aventra_ws/src/ika_msgs -DCMAKE_INSTALL_PREFIX=/home/sukru/ika_teknofest_aventra_ws/install/ika_msgs
[1.222s] Invoking command in '/home/sukru/ika_teknofest_aventra_ws/build/ika_msgs': CMAKE_PREFIX_PATH=${CMAKE_PREFIX_PATH}:/home/sukru/ika_teknofest_aventra_ws/install/ika_sensors:/home/sukru/ai_autonomi_ws/install/ika_autonomi:/home/sukru/Desktop/otonom_atis/install/python_pkg:/home/sukru/ros_ws_vacuum_bot/install/vacuum_teleop:/home/sukru/ros_ws_vacuum_bot/install/vacuum_sensors:/home/sukru/ros_ws_vacuum_bot/install/vacuum_navigation:/home/sukru/ros_ws_vacuum_bot/install/vacuum_msgs:/home/sukru/ros_ws_vacuum_bot/install/vacuum_mapping:/home/sukru/ros_ws_vacuum_bot/install/vacuum_description:/home/sukru/ros_ws_vacuum_bot/install/vacuum_control:/home/sukru/ros_ws_vacuum_bot/install/vacuum_bringup:/home/sukru/ros_ws_demo/install/python_pkg:/opt/ros/humble /usr/bin/cmake --build /home/sukru/ika_teknofest_aventra_ws/build/ika_msgs -- -j12 -l12
[1.247s] [  1%] [34m[1mGenerating C code for ROS interfaces[0m
[1.253s] [  3%] [34m[1mGenerating C++ code for ROS interfaces[0m
[1.258s] [  3%] Built target ament_cmake_python_copy_ika_msgs
[1.397s] running egg_info
[1.397s] creating ika_msgs.egg-info
[1.397s] writing ika_msgs.egg-info/PKG-INFO
[1.397s] writing dependency_links to ika_msgs.egg-info/dependency_links.txt
[1.397s] writing top-level names to ika_msgs.egg-info/top_level.txt
[1.398s] writing manifest file 'ika_msgs.egg-info/SOURCES.txt'
[1.398s] reading manifest file 'ika_msgs.egg-info/SOURCES.txt'
[1.399s] writing manifest file 'ika_msgs.egg-info/SOURCES.txt'
[1.414s] [  3%] Built target ament_cmake_python_build_ika_msgs_egg
[1.629s] [  3%] Built target ika_msgs__cpp
[1.635s] [  4%] [34m[1mGenerating C++ type support for eProsima Fast-RTPS[0m
[1.635s] [  6%] [32mBuilding C object CMakeFiles/ika_msgs__rosidl_generator_c.dir/rosidl_generator_c/ika_msgs/msg/detail/environment_data__functions.c.o[0m
[1.635s] [  7%] [34m[1mGenerating C++ type support dispatch for ROS interfaces[0m
[1.636s] [  9%] [34m[1mGenerating C++ introspection for ROS interfaces[0m
[1.636s] [ 11%] [32mBuilding C object CMakeFiles/ika_msgs__rosidl_generator_c.dir/rosidl_generator_c/ika_msgs/srv/detail/emergency_stop__functions.c.o[0m
[1.636s] [ 12%] [32mBuilding C object CMakeFiles/ika_msgs__rosidl_generator_c.dir/rosidl_generator_c/ika_msgs/msg/detail/mission_state__functions.c.o[0m
[1.637s] [ 14%] [32mBuilding C object CMakeFiles/ika_msgs__rosidl_generator_c.dir/rosidl_generator_c/ika_msgs/srv/detail/set_laser__functions.c.o[0m
[1.637s] [ 15%] [32mBuilding C object CMakeFiles/ika_msgs__rosidl_generator_c.dir/rosidl_generator_c/ika_msgs/action/detail/aim_and_fire__functions.c.o[0m
[1.776s] [ 17%] [32m[1mLinking C shared library libika_msgs__rosidl_generator_c.so[0m
[1.802s] [ 17%] Built target ika_msgs__rosidl_generator_c
[1.808s] [ 19%] [34m[1mGenerating C type support for eProsima Fast-RTPS[0m
[1.808s] [ 20%] [34m[1mGenerating C introspection for ROS interfaces[0m
[1.808s] [ 22%] [34m[1mGenerating C type support dispatch for ROS interfaces[0m
[1.873s] [ 23%] [32mBuilding CXX object CMakeFiles/ika_msgs__rosidl_typesupport_cpp.dir/rosidl_typesupport_cpp/ika_msgs/msg/environment_data__type_support.cpp.o[0m
[1.874s] [ 25%] [32mBuilding CXX object CMakeFiles/ika_msgs__rosidl_typesupport_cpp.dir/rosidl_typesupport_cpp/ika_msgs/msg/mission_state__type_support.cpp.o[0m
[1.874s] [ 26%] [32mBuilding CXX object CMakeFiles/ika_msgs__rosidl_typesupport_cpp.dir/rosidl_typesupport_cpp/ika_msgs/srv/emergency_stop__type_support.cpp.o[0m
[1.874s] [ 28%] [32mBuilding CXX object CMakeFiles/ika_msgs__rosidl_typesupport_cpp.dir/rosidl_typesupport_cpp/ika_msgs/srv/set_laser__type_support.cpp.o[0m
[1.874s] [ 30%] [32mBuilding CXX object CMakeFiles/ika_msgs__rosidl_typesupport_cpp.dir/rosidl_typesupport_cpp/ika_msgs/action/aim_and_fire__type_support.cpp.o[0m
[1.954s] [ 31%] [32mBuilding CXX object CMakeFiles/ika_msgs__rosidl_typesupport_introspection_cpp.dir/rosidl_typesupport_introspection_cpp/ika_msgs/msg/detail/environment_data__type_support.cpp.o[0m
[1.955s] [ 33%] [32mBuilding CXX object CMakeFiles/ika_msgs__rosidl_typesupport_introspection_cpp.dir/rosidl_typesupport_introspection_cpp/ika_msgs/srv/detail/emergency_stop__type_support.cpp.o[0m
[1.955s] [ 34%] [32mBuilding CXX object CMakeFiles/ika_msgs__rosidl_typesupport_introspection_cpp.dir/rosidl_typesupport_introspection_cpp/ika_msgs/msg/detail/mission_state__type_support.cpp.o[0m
[2.041s] [ 36%] [32mBuilding CXX object CMakeFiles/ika_msgs__rosidl_typesupport_fastrtps_cpp.dir/rosidl_typesupport_fastrtps_cpp/ika_msgs/msg/detail/dds_fastrtps/environment_data__type_support.cpp.o[0m
[2.130s] [ 38%] [32mBuilding CXX object CMakeFiles/ika_msgs__rosidl_typesupport_c.dir/rosidl_typesupport_c/ika_msgs/msg/environment_data__type_support.cpp.o[0m
[2.146s] [ 41%] [32mBuilding CXX object CMakeFiles/ika_msgs__rosidl_typesupport_fastrtps_cpp.dir/rosidl_typesupport_fastrtps_cpp/ika_msgs/srv/detail/dds_fastrtps/emergency_stop__type_support.cpp.o[0m
[2.146s] [ 39%] [32mBuilding CXX object CMakeFiles/ika_msgs__rosidl_typesupport_fastrtps_cpp.dir/rosidl_typesupport_fastrtps_cpp/ika_msgs/msg/detail/dds_fastrtps/mission_state__type_support.cpp.o[0m
[2.148s] [ 42%] [32mBuilding CXX object CMakeFiles/ika_msgs__rosidl_typesupport_c.dir/rosidl_typesupport_c/ika_msgs/msg/mission_state__type_support.cpp.o[0m
[2.155s] [ 44%] [32mBuilding CXX object CMakeFiles/ika_msgs__rosidl_typesupport_fastrtps_cpp.dir/rosidl_typesupport_fastrtps_cpp/ika_msgs/srv/detail/dds_fastrtps/set_laser__type_support.cpp.o[0m
[2.160s] [ 46%] [32mBuilding CXX object CMakeFiles/ika_msgs__rosidl_typesupport_c.dir/rosidl_typesupport_c/ika_msgs/srv/emergency_stop__type_support.cpp.o[0m
[2.184s] [ 47%] [32mBuilding CXX object CMakeFiles/ika_msgs__rosidl_typesupport_c.dir/rosidl_typesupport_c/ika_msgs/srv/set_laser__type_support.cpp.o[0m
[2.187s] [ 49%] [32mBuilding CXX object CMakeFiles/ika_msgs__rosidl_typesupport_c.dir/rosidl_typesupport_c/ika_msgs/action/aim_and_fire__type_support.cpp.o[0m
[2.231s] [ 50%] [32m[1mLinking CXX shared library libika_msgs__rosidl_typesupport_c.so[0m
[2.245s] [ 52%] [32mBuilding C object CMakeFiles/ika_msgs__rosidl_typesupport_introspection_c.dir/rosidl_typesupport_introspection_c/ika_msgs/msg/detail/environment_data__type_support.c.o[0m
[2.245s] [ 53%] [32mBuilding C object CMakeFiles/ika_msgs__rosidl_typesupport_introspection_c.dir/rosidl_typesupport_introspection_c/ika_msgs/msg/detail/mission_state__type_support.c.o[0m
[2.261s] [ 55%] [32mBuilding CXX object CMakeFiles/ika_msgs__rosidl_typesupport_introspection_cpp.dir/rosidl_typesupport_introspection_cpp/ika_msgs/srv/detail/set_laser__type_support.cpp.o[0m
[2.263s] [ 57%] [32mBuilding CXX object CMakeFiles/ika_msgs__rosidl_typesupport_introspection_cpp.dir/rosidl_typesupport_introspection_cpp/ika_msgs/action/detail/aim_and_fire__type_support.cpp.o[0m
[2.264s] [ 58%] [32mBuilding C object CMakeFiles/ika_msgs__rosidl_typesupport_introspection_c.dir/rosidl_typesupport_introspection_c/ika_msgs/srv/detail/emergency_stop__type_support.c.o[0m
[2.268s] [ 58%] Built target ika_msgs__rosidl_typesupport_c
[2.275s] [ 60%] [32mBuilding C object CMakeFiles/ika_msgs__rosidl_typesupport_introspection_c.dir/rosidl_typesupport_introspection_c/ika_msgs/srv/detail/set_laser__type_support.c.o[0m
[2.278s] [ 61%] [32mBuilding C object CMakeFiles/ika_msgs__rosidl_typesupport_introspection_c.dir/rosidl_typesupport_introspection_c/ika_msgs/action/detail/aim_and_fire__type_support.c.o[0m
[2.281s] [ 63%] [32mBuilding CXX object CMakeFiles/ika_msgs__rosidl_typesupport_fastrtps_c.dir/rosidl_typesupport_fastrtps_c/ika_msgs/msg/detail/environment_data__type_support_c.cpp.o[0m
[2.282s] [ 65%] [32mBuilding CXX object CMakeFiles/ika_msgs__rosidl_typesupport_fastrtps_cpp.dir/rosidl_typesupport_fastrtps_cpp/ika_msgs/action/detail/dds_fastrtps/aim_and_fire__type_support.cpp.o[0m
[2.299s] [ 66%] [32m[1mLinking CXX shared library libika_msgs__rosidl_typesupport_cpp.so[0m
[2.308s] [ 68%] [32mBuilding CXX object CMakeFiles/ika_msgs__rosidl_typesupport_fastrtps_c.dir/rosidl_typesupport_fastrtps_c/ika_msgs/msg/detail/mission_state__type_support_c.cpp.o[0m
[2.308s] [ 69%] [32mBuilding CXX object CMakeFiles/ika_msgs__rosidl_typesupport_fastrtps_c.dir/rosidl_typesupport_fastrtps_c/ika_msgs/srv/detail/emergency_stop__type_support_c.cpp.o[0m
[2.320s] [ 71%] [32m[1mLinking C shared library libika_msgs__rosidl_typesupport_introspection_c.so[0m
[2.366s] [ 71%] Built target ika_msgs__rosidl_typesupport_cpp
[2.369s] [ 73%] [32mBuilding CXX object CMakeFiles/ika_msgs__rosidl_typesupport_fastrtps_c.dir/rosidl_typesupport_fastrtps_c/ika_msgs/srv/detail/set_laser__type_support_c.cpp.o[0m
[2.373s] [ 74%] [32mBuilding CXX object CMakeFiles/ika_msgs__rosidl_typesupport_fastrtps_c.dir/rosidl_typesupport_fastrtps_c/ika_msgs/action/detail/aim_and_fire__type_support_c.cpp.o[0m
[2.379s] [ 74%] Built target ika_msgs__rosidl_typesupport_introspection_c
[2.670s] [ 77%] [32m[1mLinking CXX shared library libika_msgs__rosidl_typesupport_fastrtps_c.so[0m
[2.670s] [ 77%] [32m[1mLinking CXX shared library libika_msgs__rosidl_typesupport_introspection_cpp.so[0m
[2.695s] [ 79%] [32m[1mLinking CXX shared library libika_msgs__rosidl_typesupport_fastrtps_cpp.so[0m
[2.716s] [ 79%] Built target ika_msgs__rosidl_typesupport_fastrtps_c
[2.716s] [ 79%] Built target ika_msgs__rosidl_typesupport_introspection_cpp
[2.744s] [ 79%] Built target ika_msgs__rosidl_typesupport_fastrtps_cpp
[2.756s] [ 79%] Built target ika_msgs
[2.769s] [ 80%] [34m[1mGenerating Python code for ROS interfaces[0m
[3.401s] [ 80%] Built target ika_msgs__py
[3.413s] [ 84%] [32mBuilding C object CMakeFiles/ika_msgs__rosidl_generator_py.dir/rosidl_generator_py/ika_msgs/msg/_mission_state_s.c.o[0m
[3.413s] [ 84%] [32mBuilding C object CMakeFiles/ika_msgs__rosidl_generator_py.dir/rosidl_generator_py/ika_msgs/msg/_environment_data_s.c.o[0m
[3.413s] [ 85%] [32mBuilding C object CMakeFiles/ika_msgs__rosidl_generator_py.dir/rosidl_generator_py/ika_msgs/srv/_emergency_stop_s.c.o[0m
[3.414s] [ 87%] [32mBuilding C object CMakeFiles/ika_msgs__rosidl_generator_py.dir/rosidl_generator_py/ika_msgs/srv/_set_laser_s.c.o[0m
[3.414s] [ 88%] [32mBuilding C object CMakeFiles/ika_msgs__rosidl_generator_py.dir/rosidl_generator_py/ika_msgs/action/_aim_and_fire_s.c.o[0m
[3.535s] [ 90%] [32m[1mLinking C shared library rosidl_generator_py/ika_msgs/libika_msgs__rosidl_generator_py.so[0m
[3.563s] [ 90%] Built target ika_msgs__rosidl_generator_py
[3.574s] [ 92%] [32mBuilding C object CMakeFiles/ika_msgs__rosidl_typesupport_fastrtps_c__pyext.dir/rosidl_generator_py/ika_msgs/_ika_msgs_s.ep.rosidl_typesupport_fastrtps_c.c.o[0m
[3.575s] [ 93%] [32mBuilding C object CMakeFiles/ika_msgs__rosidl_typesupport_introspection_c__pyext.dir/rosidl_generator_py/ika_msgs/_ika_msgs_s.ep.rosidl_typesupport_introspection_c.c.o[0m
[3.575s] [ 95%] [32mBuilding C object CMakeFiles/ika_msgs__rosidl_typesupport_c__pyext.dir/rosidl_generator_py/ika_msgs/_ika_msgs_s.ep.rosidl_typesupport_c.c.o[0m
[3.657s] [100%] [32m[1mLinking C shared library rosidl_generator_py/ika_msgs/ika_msgs_s__rosidl_typesupport_c.cpython-310-x86_64-linux-gnu.so[0m
[3.657s] [100%] [32m[1mLinking C shared library rosidl_generator_py/ika_msgs/ika_msgs_s__rosidl_typesupport_fastrtps_c.cpython-310-x86_64-linux-gnu.so[0m
[3.657s] [100%] [32m[1mLinking C shared library rosidl_generator_py/ika_msgs/ika_msgs_s__rosidl_typesupport_introspection_c.cpython-310-x86_64-linux-gnu.so[0m
[3.684s] [100%] Built target ika_msgs__rosidl_typesupport_introspection_c__pyext
[3.684s] [100%] Built target ika_msgs__rosidl_typesupport_fastrtps_c__pyext
[3.684s] [100%] Built target ika_msgs__rosidl_typesupport_c__pyext
[3.691s] Invoked command in '/home/sukru/ika_teknofest_aventra_ws/build/ika_msgs' returned '0': CMAKE_PREFIX_PATH=${CMAKE_PREFIX_PATH}:/home/sukru/ika_teknofest_aventra_ws/install/ika_sensors:/home/sukru/ai_autonomi_ws/install/ika_autonomi:/home/sukru/Desktop/otonom_atis/install/python_pkg:/home/sukru/ros_ws_vacuum_bot/install/vacuum_teleop:/home/sukru/ros_ws_vacuum_bot/install/vacuum_sensors:/home/sukru/ros_ws_vacuum_bot/install/vacuum_navigation:/home/sukru/ros_ws_vacuum_bot/install/vacuum_msgs:/home/sukru/ros_ws_vacuum_bot/install/vacuum_mapping:/home/sukru/ros_ws_vacuum_bot/install/vacuum_description:/home/sukru/ros_ws_vacuum_bot/install/vacuum_control:/home/sukru/ros_ws_vacuum_bot/install/vacuum_bringup:/home/sukru/ros_ws_demo/install/python_pkg:/opt/ros/humble /usr/bin/cmake --build /home/sukru/ika_teknofest_aventra_ws/build/ika_msgs -- -j12 -l12
[3.697s] Invoking command in '/home/sukru/ika_teknofest_aventra_ws/build/ika_msgs': CMAKE_PREFIX_PATH=${CMAKE_PREFIX_PATH}:/home/sukru/ika_teknofest_aventra_ws/install/ika_sensors:/home/sukru/ai_autonomi_ws/install/ika_autonomi:/home/sukru/Desktop/otonom_atis/install/python_pkg:/home/sukru/ros_ws_vacuum_bot/install/vacuum_teleop:/home/sukru/ros_ws_vacuum_bot/install/vacuum_sensors:/home/sukru/ros_ws_vacuum_bot/install/vacuum_navigation:/home/sukru/ros_ws_vacuum_bot/install/vacuum_msgs:/home/sukru/ros_ws_vacuum_bot/install/vacuum_mapping:/home/sukru/ros_ws_vacuum_bot/install/vacuum_description:/home/sukru/ros_ws_vacuum_bot/install/vacuum_control:/home/sukru/ros_ws_vacuum_bot/install/vacuum_bringup:/home/sukru/ros_ws_demo/install/python_pkg:/opt/ros/humble /usr/bin/cmake --install /home/sukru/ika_teknofest_aventra_ws/build/ika_msgs
[3.701s] -- Install configuration: ""
[3.701s] -- Installing: /home/sukru/ika_teknofest_aventra_ws/install/ika_msgs/share/ament_index/resource_index/rosidl_interfaces/ika_msgs
[3.701s] -- Installing: /home/sukru/ika_teknofest_aventra_ws/install/ika_msgs/include/ika_msgs/ika_msgs
[3.701s] -- Installing: /home/sukru/ika_teknofest_aventra_ws/install/ika_msgs/include/ika_msgs/ika_msgs/srv
[3.701s] -- Installing: /home/sukru/ika_teknofest_aventra_ws/install/ika_msgs/include/ika_msgs/ika_msgs/srv/set_laser.h
[3.701s] -- Installing: /home/sukru/ika_teknofest_aventra_ws/install/ika_msgs/include/ika_msgs/ika_msgs/srv/detail
[3.701s] -- Installing: /home/sukru/ika_teknofest_aventra_ws/install/ika_msgs/include/ika_msgs/ika_msgs/srv/detail/emergency_stop__functions.h
[3.701s] -- Installing: /home/sukru/ika_teknofest_aventra_ws/install/ika_msgs/include/ika_msgs/ika_msgs/srv/detail/set_laser__struct.h
[3.701s] -- Installing: /home/sukru/ika_teknofest_aventra_ws/install/ika_msgs/include/ika_msgs/ika_msgs/srv/detail/emergency_stop__struct.h
[3.702s] -- Installing: /home/sukru/ika_teknofest_aventra_ws/install/ika_msgs/include/ika_msgs/ika_msgs/srv/detail/set_laser__functions.h
[3.702s] -- Installing: /home/sukru/ika_teknofest_aventra_ws/install/ika_msgs/include/ika_msgs/ika_msgs/srv/detail/emergency_stop__type_support.h
[3.702s] -- Installing: /home/sukru/ika_teknofest_aventra_ws/install/ika_msgs/include/ika_msgs/ika_msgs/srv/detail/emergency_stop__functions.c
[3.702s] -- Installing: /home/sukru/ika_teknofest_aventra_ws/install/ika_msgs/include/ika_msgs/ika_msgs/srv/detail/set_laser__functions.c
[3.702s] -- Installing: /home/sukru/ika_teknofest_aventra_ws/install/ika_msgs/include/ika_msgs/ika_msgs/srv/detail/set_laser__type_support.h
[3.702s] -- Installing: /home/sukru/ika_teknofest_aventra_ws/install/ika_msgs/include/ika_msgs/ika_msgs/srv/emergency_stop.h
[3.702s] -- Installing: /home/sukru/ika_teknofest_aventra_ws/install/ika_msgs/include/ika_msgs/ika_msgs/msg
[3.702s] -- Installing: /home/sukru/ika_teknofest_aventra_ws/install/ika_msgs/include/ika_msgs/ika_msgs/msg/rosidl_generator_c__visibility_control.h
[3.702s] -- Installing: /home/sukru/ika_teknofest_aventra_ws/install/ika_msgs/include/ika_msgs/ika_msgs/msg/environment_data.h
[3.702s] -- Installing: /home/sukru/ika_teknofest_aventra_ws/install/ika_msgs/include/ika_msgs/ika_msgs/msg/detail
[3.702s] -- Installing: /home/sukru/ika_teknofest_aventra_ws/install/ika_msgs/include/ika_msgs/ika_msgs/msg/detail/environment_data__type_support.h
[3.702s] -- Installing: /home/sukru/ika_teknofest_aventra_ws/install/ika_msgs/include/ika_msgs/ika_msgs/msg/detail/mission_state__struct.h
[3.703s] -- Installing: /home/sukru/ika_teknofest_aventra_ws/install/ika_msgs/include/ika_msgs/ika_msgs/msg/detail/mission_state__type_support.h
[3.703s] -- Installing: /home/sukru/ika_teknofest_aventra_ws/install/ika_msgs/include/ika_msgs/ika_msgs/msg/detail/mission_state__functions.c
[3.703s] -- Installing: /home/sukru/ika_teknofest_aventra_ws/install/ika_msgs/include/ika_msgs/ika_msgs/msg/detail/environment_data__functions.h
[3.703s] -- Installing: /home/sukru/ika_teknofest_aventra_ws/install/ika_msgs/include/ika_msgs/ika_msgs/msg/detail/environment_data__struct.h
[3.703s] -- Installing: /home/sukru/ika_teknofest_aventra_ws/install/ika_msgs/include/ika_msgs/ika_msgs/msg/detail/environment_data__functions.c
[3.703s] -- Installing: /home/sukru/ika_teknofest_aventra_ws/install/ika_msgs/include/ika_msgs/ika_msgs/msg/detail/mission_state__functions.h
[3.703s] -- Installing: /home/sukru/ika_teknofest_aventra_ws/install/ika_msgs/include/ika_msgs/ika_msgs/msg/mission_state.h
[3.703s] -- Installing: /home/sukru/ika_teknofest_aventra_ws/install/ika_msgs/include/ika_msgs/ika_msgs/action
[3.703s] -- Installing: /home/sukru/ika_teknofest_aventra_ws/install/ika_msgs/include/ika_msgs/ika_msgs/action/aim_and_fire.h
[3.703s] -- Installing: /home/sukru/ika_teknofest_aventra_ws/install/ika_msgs/include/ika_msgs/ika_msgs/action/detail
[3.703s] -- Installing: /home/sukru/ika_teknofest_aventra_ws/install/ika_msgs/include/ika_msgs/ika_msgs/action/detail/aim_and_fire__functions.h
[3.703s] -- Installing: /home/sukru/ika_teknofest_aventra_ws/install/ika_msgs/include/ika_msgs/ika_msgs/action/detail/aim_and_fire__functions.c
[3.704s] -- Installing: /home/sukru/ika_teknofest_aventra_ws/install/ika_msgs/include/ika_msgs/ika_msgs/action/detail/aim_and_fire__type_support.h
[3.704s] -- Installing: /home/sukru/ika_teknofest_aventra_ws/install/ika_msgs/include/ika_msgs/ika_msgs/action/detail/aim_and_fire__struct.h
[3.704s] -- Installing: /home/sukru/ika_teknofest_aventra_ws/install/ika_msgs/share/ika_msgs/environment/library_path.sh
[3.704s] -- Installing: /home/sukru/ika_teknofest_aventra_ws/install/ika_msgs/share/ika_msgs/environment/library_path.dsv
[3.704s] -- Installing: /home/sukru/ika_teknofest_aventra_ws/install/ika_msgs/lib/libika_msgs__rosidl_generator_c.so
[3.704s] -- Set runtime path of "/home/sukru/ika_teknofest_aventra_ws/install/ika_msgs/lib/libika_msgs__rosidl_generator_c.so" to ""
[3.704s] -- Up-to-date: /home/sukru/ika_teknofest_aventra_ws/install/ika_msgs/include/ika_msgs/ika_msgs
[3.704s] -- Up-to-date: /home/sukru/ika_teknofest_aventra_ws/install/ika_msgs/include/ika_msgs/ika_msgs/srv
[3.705s] -- Up-to-date: /home/sukru/ika_teknofest_aventra_ws/install/ika_msgs/include/ika_msgs/ika_msgs/srv/detail
[3.705s] -- Installing: /home/sukru/ika_teknofest_aventra_ws/install/ika_msgs/include/ika_msgs/ika_msgs/srv/detail/emergency_stop__rosidl_typesupport_fastrtps_c.h
[3.705s] -- Installing: /home/sukru/ika_teknofest_aventra_ws/install/ika_msgs/include/ika_msgs/ika_msgs/srv/detail/set_laser__rosidl_typesupport_fastrtps_c.h
[3.705s] -- Up-to-date: /home/sukru/ika_teknofest_aventra_ws/install/ika_msgs/include/ika_msgs/ika_msgs/msg
[3.705s] -- Installing: /home/sukru/ika_teknofest_aventra_ws/install/ika_msgs/include/ika_msgs/ika_msgs/msg/rosidl_typesupport_fastrtps_c__visibility_control.h
[3.705s] -- Up-to-date: /home/sukru/ika_teknofest_aventra_ws/install/ika_msgs/include/ika_msgs/ika_msgs/msg/detail
[3.705s] -- Installing: /home/sukru/ika_teknofest_aventra_ws/install/ika_msgs/include/ika_msgs/ika_msgs/msg/detail/mission_state__rosidl_typesupport_fastrtps_c.h
[3.705s] -- Installing: /home/sukru/ika_teknofest_aventra_ws/install/ika_msgs/include/ika_msgs/ika_msgs/msg/detail/environment_data__rosidl_typesupport_fastrtps_c.h
[3.705s] -- Up-to-date: /home/sukru/ika_teknofest_aventra_ws/install/ika_msgs/include/ika_msgs/ika_msgs/action
[3.705s] -- Up-to-date: /home/sukru/ika_teknofest_aventra_ws/install/ika_msgs/include/ika_msgs/ika_msgs/action/detail
[3.705s] -- Installing: /home/sukru/ika_teknofest_aventra_ws/install/ika_msgs/include/ika_msgs/ika_msgs/action/detail/aim_and_fire__rosidl_typesupport_fastrtps_c.h
[3.705s] -- Installing: /home/sukru/ika_teknofest_aventra_ws/install/ika_msgs/lib/libika_msgs__rosidl_typesupport_fastrtps_c.so
[3.705s] -- Set runtime path of "/home/sukru/ika_teknofest_aventra_ws/install/ika_msgs/lib/libika_msgs__rosidl_typesupport_fastrtps_c.so" to ""
[3.705s] -- Up-to-date: /home/sukru/ika_teknofest_aventra_ws/install/ika_msgs/include/ika_msgs/ika_msgs
[3.705s] -- Up-to-date: /home/sukru/ika_teknofest_aventra_ws/install/ika_msgs/include/ika_msgs/ika_msgs/srv
[3.706s] -- Installing: /home/sukru/ika_teknofest_aventra_ws/install/ika_msgs/include/ika_msgs/ika_msgs/srv/set_laser.hpp
[3.706s] -- Installing: /home/sukru/ika_teknofest_aventra_ws/install/ika_msgs/include/ika_msgs/ika_msgs/srv/emergency_stop.hpp
[3.706s] -- Up-to-date: /home/sukru/ika_teknofest_aventra_ws/install/ika_msgs/include/ika_msgs/ika_msgs/srv/detail
[3.706s] -- Installing: /home/sukru/ika_teknofest_aventra_ws/install/ika_msgs/include/ika_msgs/ika_msgs/srv/detail/emergency_stop__struct.hpp
[3.706s] -- Installing: /home/sukru/ika_teknofest_aventra_ws/install/ika_msgs/include/ika_msgs/ika_msgs/srv/detail/emergency_stop__type_support.hpp
[3.706s] -- Installing: /home/sukru/ika_teknofest_aventra_ws/install/ika_msgs/include/ika_msgs/ika_msgs/srv/detail/emergency_stop__builder.hpp
[3.706s] -- Installing: /home/sukru/ika_teknofest_aventra_ws/install/ika_msgs/include/ika_msgs/ika_msgs/srv/detail/set_laser__builder.hpp
[3.706s] -- Installing: /home/sukru/ika_teknofest_aventra_ws/install/ika_msgs/include/ika_msgs/ika_msgs/srv/detail/set_laser__traits.hpp
[3.706s] -- Installing: /home/sukru/ika_teknofest_aventra_ws/install/ika_msgs/include/ika_msgs/ika_msgs/srv/detail/emergency_stop__traits.hpp
[3.706s] -- Installing: /home/sukru/ika_teknofest_aventra_ws/install/ika_msgs/include/ika_msgs/ika_msgs/srv/detail/set_laser__type_support.hpp
[3.706s] -- Installing: /home/sukru/ika_teknofest_aventra_ws/install/ika_msgs/include/ika_msgs/ika_msgs/srv/detail/set_laser__struct.hpp
[3.706s] -- Up-to-date: /home/sukru/ika_teknofest_aventra_ws/install/ika_msgs/include/ika_msgs/ika_msgs/msg
[3.706s] -- Installing: /home/sukru/ika_teknofest_aventra_ws/install/ika_msgs/include/ika_msgs/ika_msgs/msg/mission_state.hpp
[3.706s] -- Installing: /home/sukru/ika_teknofest_aventra_ws/install/ika_msgs/include/ika_msgs/ika_msgs/msg/environment_data.hpp
[3.707s] -- Up-to-date: /home/sukru/ika_teknofest_aventra_ws/install/ika_msgs/include/ika_msgs/ika_msgs/msg/detail
[3.707s] -- Installing: /home/sukru/ika_teknofest_aventra_ws/install/ika_msgs/include/ika_msgs/ika_msgs/msg/detail/environment_data__struct.hpp
[3.707s] -- Installing: /home/sukru/ika_teknofest_aventra_ws/install/ika_msgs/include/ika_msgs/ika_msgs/msg/detail/mission_state__struct.hpp
[3.707s] -- Installing: /home/sukru/ika_teknofest_aventra_ws/install/ika_msgs/include/ika_msgs/ika_msgs/msg/detail/mission_state__type_support.hpp
[3.707s] -- Installing: /home/sukru/ika_teknofest_aventra_ws/install/ika_msgs/include/ika_msgs/ika_msgs/msg/detail/mission_state__builder.hpp
[3.707s] -- Installing: /home/sukru/ika_teknofest_aventra_ws/install/ika_msgs/include/ika_msgs/ika_msgs/msg/detail/environment_data__traits.hpp
[3.707s] -- Installing: /home/sukru/ika_teknofest_aventra_ws/install/ika_msgs/include/ika_msgs/ika_msgs/msg/detail/mission_state__traits.hpp
[3.707s] -- Installing: /home/sukru/ika_teknofest_aventra_ws/install/ika_msgs/include/ika_msgs/ika_msgs/msg/detail/environment_data__builder.hpp
[3.707s] -- Installing: /home/sukru/ika_teknofest_aventra_ws/install/ika_msgs/include/ika_msgs/ika_msgs/msg/detail/environment_data__type_support.hpp
[3.707s] -- Installing: /home/sukru/ika_teknofest_aventra_ws/install/ika_msgs/include/ika_msgs/ika_msgs/msg/rosidl_generator_cpp__visibility_control.hpp
[3.707s] -- Up-to-date: /home/sukru/ika_teknofest_aventra_ws/install/ika_msgs/include/ika_msgs/ika_msgs/action
[3.707s] -- Installing: /home/sukru/ika_teknofest_aventra_ws/install/ika_msgs/include/ika_msgs/ika_msgs/action/aim_and_fire.hpp
[3.707s] -- Up-to-date: /home/sukru/ika_teknofest_aventra_ws/install/ika_msgs/include/ika_msgs/ika_msgs/action/detail
[3.707s] -- Installing: /home/sukru/ika_teknofest_aventra_ws/install/ika_msgs/include/ika_msgs/ika_msgs/action/detail/aim_and_fire__type_support.hpp
[3.707s] -- Installing: /home/sukru/ika_teknofest_aventra_ws/install/ika_msgs/include/ika_msgs/ika_msgs/action/detail/aim_and_fire__traits.hpp
[3.708s] -- Installing: /home/sukru/ika_teknofest_aventra_ws/install/ika_msgs/include/ika_msgs/ika_msgs/action/detail/aim_and_fire__struct.hpp
[3.708s] -- Installing: /home/sukru/ika_teknofest_aventra_ws/install/ika_msgs/include/ika_msgs/ika_msgs/action/detail/aim_and_fire__builder.hpp
[3.708s] -- Up-to-date: /home/sukru/ika_teknofest_aventra_ws/install/ika_msgs/include/ika_msgs/ika_msgs
[3.708s] -- Up-to-date: /home/sukru/ika_teknofest_aventra_ws/install/ika_msgs/include/ika_msgs/ika_msgs/srv
[3.708s] -- Up-to-date: /home/sukru/ika_teknofest_aventra_ws/install/ika_msgs/include/ika_msgs/ika_msgs/srv/detail
[3.708s] -- Installing: /home/sukru/ika_teknofest_aventra_ws/install/ika_msgs/include/ika_msgs/ika_msgs/srv/detail/emergency_stop__rosidl_typesupport_fastrtps_cpp.hpp
[3.708s] -- Installing: /home/sukru/ika_teknofest_aventra_ws/install/ika_msgs/include/ika_msgs/ika_msgs/srv/detail/dds_fastrtps
[3.708s] -- Installing: /home/sukru/ika_teknofest_aventra_ws/install/ika_msgs/include/ika_msgs/ika_msgs/srv/detail/set_laser__rosidl_typesupport_fastrtps_cpp.hpp
[3.708s] -- Up-to-date: /home/sukru/ika_teknofest_aventra_ws/install/ika_msgs/include/ika_msgs/ika_msgs/msg
[3.708s] -- Up-to-date: /home/sukru/ika_teknofest_aventra_ws/install/ika_msgs/include/ika_msgs/ika_msgs/msg/detail
[3.708s] -- Installing: /home/sukru/ika_teknofest_aventra_ws/install/ika_msgs/include/ika_msgs/ika_msgs/msg/detail/mission_state__rosidl_typesupport_fastrtps_cpp.hpp
[3.708s] -- Installing: /home/sukru/ika_teknofest_aventra_ws/install/ika_msgs/include/ika_msgs/ika_msgs/msg/detail/dds_fastrtps
[3.708s] -- Installing: /home/sukru/ika_teknofest_aventra_ws/install/ika_msgs/include/ika_msgs/ika_msgs/msg/detail/environment_data__rosidl_typesupport_fastrtps_cpp.hpp
[3.708s] -- Installing: /home/sukru/ika_teknofest_aventra_ws/install/ika_msgs/include/ika_msgs/ika_msgs/msg/rosidl_typesupport_fastrtps_cpp__visibility_control.h
[3.708s] -- Up-to-date: /home/sukru/ika_teknofest_aventra_ws/install/ika_msgs/include/ika_msgs/ika_msgs/action
[3.708s] -- Up-to-date: /home/sukru/ika_teknofest_aventra_ws/install/ika_msgs/include/ika_msgs/ika_msgs/action/detail
[3.709s] -- Installing: /home/sukru/ika_teknofest_aventra_ws/install/ika_msgs/include/ika_msgs/ika_msgs/action/detail/aim_and_fire__rosidl_typesupport_fastrtps_cpp.hpp
[3.709s] -- Installing: /home/sukru/ika_teknofest_aventra_ws/install/ika_msgs/include/ika_msgs/ika_msgs/action/detail/dds_fastrtps
[3.709s] -- Installing: /home/sukru/ika_teknofest_aventra_ws/install/ika_msgs/lib/libika_msgs__rosidl_typesupport_fastrtps_cpp.so
[3.709s] -- Set runtime path of "/home/sukru/ika_teknofest_aventra_ws/install/ika_msgs/lib/libika_msgs__rosidl_typesupport_fastrtps_cpp.so" to ""
[3.709s] -- Up-to-date: /home/sukru/ika_teknofest_aventra_ws/install/ika_msgs/include/ika_msgs/ika_msgs
[3.709s] -- Up-to-date: /home/sukru/ika_teknofest_aventra_ws/install/ika_msgs/include/ika_msgs/ika_msgs/srv
[3.709s] -- Up-to-date: /home/sukru/ika_teknofest_aventra_ws/install/ika_msgs/include/ika_msgs/ika_msgs/srv/detail
[3.709s] -- Installing: /home/sukru/ika_teknofest_aventra_ws/install/ika_msgs/include/ika_msgs/ika_msgs/srv/detail/set_laser__type_support.c
[3.709s] -- Installing: /home/sukru/ika_teknofest_aventra_ws/install/ika_msgs/include/ika_msgs/ika_msgs/srv/detail/set_laser__rosidl_typesupport_introspection_c.h
[3.709s] -- Installing: /home/sukru/ika_teknofest_aventra_ws/install/ika_msgs/include/ika_msgs/ika_msgs/srv/detail/emergency_stop__rosidl_typesupport_introspection_c.h
[3.709s] -- Installing: /home/sukru/ika_teknofest_aventra_ws/install/ika_msgs/include/ika_msgs/ika_msgs/srv/detail/emergency_stop__type_support.c
[3.709s] -- Up-to-date: /home/sukru/ika_teknofest_aventra_ws/install/ika_msgs/include/ika_msgs/ika_msgs/msg
[3.709s] -- Installing: /home/sukru/ika_teknofest_aventra_ws/install/ika_msgs/include/ika_msgs/ika_msgs/msg/rosidl_typesupport_introspection_c__visibility_control.h
[3.710s] -- Up-to-date: /home/sukru/ika_teknofest_aventra_ws/install/ika_msgs/include/ika_msgs/ika_msgs/msg/detail
[3.710s] -- Installing: /home/sukru/ika_teknofest_aventra_ws/install/ika_msgs/include/ika_msgs/ika_msgs/msg/detail/mission_state__rosidl_typesupport_introspection_c.h
[3.710s] -- Installing: /home/sukru/ika_teknofest_aventra_ws/install/ika_msgs/include/ika_msgs/ika_msgs/msg/detail/environment_data__type_support.c
[3.710s] -- Installing: /home/sukru/ika_teknofest_aventra_ws/install/ika_msgs/include/ika_msgs/ika_msgs/msg/detail/environment_data__rosidl_typesupport_introspection_c.h
[3.710s] -- Installing: /home/sukru/ika_teknofest_aventra_ws/install/ika_msgs/include/ika_msgs/ika_msgs/msg/detail/mission_state__type_support.c
[3.710s] -- Up-to-date: /home/sukru/ika_teknofest_aventra_ws/install/ika_msgs/include/ika_msgs/ika_msgs/action
[3.710s] -- Up-to-date: /home/sukru/ika_teknofest_aventra_ws/install/ika_msgs/include/ika_msgs/ika_msgs/action/detail
[3.710s] -- Installing: /home/sukru/ika_teknofest_aventra_ws/install/ika_msgs/include/ika_msgs/ika_msgs/action/detail/aim_and_fire__type_support.c
[3.710s] -- Installing: /home/sukru/ika_teknofest_aventra_ws/install/ika_msgs/include/ika_msgs/ika_msgs/action/detail/aim_and_fire__rosidl_typesupport_introspection_c.h
[3.710s] -- Installing: /home/sukru/ika_teknofest_aventra_ws/install/ika_msgs/lib/libika_msgs__rosidl_typesupport_introspection_c.so
[3.711s] -- Set runtime path of "/home/sukru/ika_teknofest_aventra_ws/install/ika_msgs/lib/libika_msgs__rosidl_typesupport_introspection_c.so" to ""
[3.711s] -- Installing: /home/sukru/ika_teknofest_aventra_ws/install/ika_msgs/lib/libika_msgs__rosidl_typesupport_c.so
[3.711s] -- Set runtime path of "/home/sukru/ika_teknofest_aventra_ws/install/ika_msgs/lib/libika_msgs__rosidl_typesupport_c.so" to ""
[3.711s] -- Up-to-date: /home/sukru/ika_teknofest_aventra_ws/install/ika_msgs/include/ika_msgs/ika_msgs
[3.711s] -- Up-to-date: /home/sukru/ika_teknofest_aventra_ws/install/ika_msgs/include/ika_msgs/ika_msgs/srv
[3.711s] -- Up-to-date: /home/sukru/ika_teknofest_aventra_ws/install/ika_msgs/include/ika_msgs/ika_msgs/srv/detail
[3.711s] -- Installing: /home/sukru/ika_teknofest_aventra_ws/install/ika_msgs/include/ika_msgs/ika_msgs/srv/detail/set_laser__rosidl_typesupport_introspection_cpp.hpp
[3.711s] -- Installing: /home/sukru/ika_teknofest_aventra_ws/install/ika_msgs/include/ika_msgs/ika_msgs/srv/detail/emergency_stop__rosidl_typesupport_introspection_cpp.hpp
[3.711s] -- Installing: /home/sukru/ika_teknofest_aventra_ws/install/ika_msgs/include/ika_msgs/ika_msgs/srv/detail/set_laser__type_support.cpp
[3.711s] -- Installing: /home/sukru/ika_teknofest_aventra_ws/install/ika_msgs/include/ika_msgs/ika_msgs/srv/detail/emergency_stop__type_support.cpp
[3.711s] -- Up-to-date: /home/sukru/ika_teknofest_aventra_ws/install/ika_msgs/include/ika_msgs/ika_msgs/msg
[3.711s] -- Up-to-date: /home/sukru/ika_teknofest_aventra_ws/install/ika_msgs/include/ika_msgs/ika_msgs/msg/detail
[3.711s] -- Installing: /home/sukru/ika_teknofest_aventra_ws/install/ika_msgs/include/ika_msgs/ika_msgs/msg/detail/mission_state__type_support.cpp
[3.711s] -- Installing: /home/sukru/ika_teknofest_aventra_ws/install/ika_msgs/include/ika_msgs/ika_msgs/msg/detail/environment_data__type_support.cpp
[3.711s] -- Installing: /home/sukru/ika_teknofest_aventra_ws/install/ika_msgs/include/ika_msgs/ika_msgs/msg/detail/mission_state__rosidl_typesupport_introspection_cpp.hpp
[3.712s] -- Installing: /home/sukru/ika_teknofest_aventra_ws/install/ika_msgs/include/ika_msgs/ika_msgs/msg/detail/environment_data__rosidl_typesupport_introspection_cpp.hpp
[3.712s] -- Up-to-date: /home/sukru/ika_teknofest_aventra_ws/install/ika_msgs/include/ika_msgs/ika_msgs/action
[3.712s] -- Up-to-date: /home/sukru/ika_teknofest_aventra_ws/install/ika_msgs/include/ika_msgs/ika_msgs/action/detail
[3.712s] -- Installing: /home/sukru/ika_teknofest_aventra_ws/install/ika_msgs/include/ika_msgs/ika_msgs/action/detail/aim_and_fire__type_support.cpp
[3.712s] -- Installing: /home/sukru/ika_teknofest_aventra_ws/install/ika_msgs/include/ika_msgs/ika_msgs/action/detail/aim_and_fire__rosidl_typesupport_introspection_cpp.hpp
[3.712s] -- Installing: /home/sukru/ika_teknofest_aventra_ws/install/ika_msgs/lib/libika_msgs__rosidl_typesupport_introspection_cpp.so
[3.712s] -- Set runtime path of "/home/sukru/ika_teknofest_aventra_ws/install/ika_msgs/lib/libika_msgs__rosidl_typesupport_introspection_cpp.so" to ""
[3.712s] -- Installing: /home/sukru/ika_teknofest_aventra_ws/install/ika_msgs/lib/libika_msgs__rosidl_typesupport_cpp.so
[3.713s] -- Set runtime path of "/home/sukru/ika_teknofest_aventra_ws/install/ika_msgs/lib/libika_msgs__rosidl_typesupport_cpp.so" to ""
[3.713s] -- Installing: /home/sukru/ika_teknofest_aventra_ws/install/ika_msgs/share/ika_msgs/environment/pythonpath.sh
[3.713s] -- Installing: /home/sukru/ika_teknofest_aventra_ws/install/ika_msgs/share/ika_msgs/environment/pythonpath.dsv
[3.713s] -- Installing: /home/sukru/ika_teknofest_aventra_ws/install/ika_msgs/local/lib/python3.10/dist-packages/ika_msgs-0.0.1-py3.10.egg-info
[3.713s] -- Installing: /home/sukru/ika_teknofest_aventra_ws/install/ika_msgs/local/lib/python3.10/dist-packages/ika_msgs-0.0.1-py3.10.egg-info/PKG-INFO
[3.713s] -- Installing: /home/sukru/ika_teknofest_aventra_ws/install/ika_msgs/local/lib/python3.10/dist-packages/ika_msgs-0.0.1-py3.10.egg-info/dependency_links.txt
[3.713s] -- Installing: /home/sukru/ika_teknofest_aventra_ws/install/ika_msgs/local/lib/python3.10/dist-packages/ika_msgs-0.0.1-py3.10.egg-info/top_level.txt
[3.713s] -- Installing: /home/sukru/ika_teknofest_aventra_ws/install/ika_msgs/local/lib/python3.10/dist-packages/ika_msgs-0.0.1-py3.10.egg-info/SOURCES.txt
[3.713s] -- Installing: /home/sukru/ika_teknofest_aventra_ws/install/ika_msgs/local/lib/python3.10/dist-packages/ika_msgs
[3.713s] -- Installing: /home/sukru/ika_teknofest_aventra_ws/install/ika_msgs/local/lib/python3.10/dist-packages/ika_msgs/__init__.py
[3.713s] -- Installing: /home/sukru/ika_teknofest_aventra_ws/install/ika_msgs/local/lib/python3.10/dist-packages/ika_msgs/libika_msgs__rosidl_generator_py.so
[3.714s] -- Installing: /home/sukru/ika_teknofest_aventra_ws/install/ika_msgs/local/lib/python3.10/dist-packages/ika_msgs/_ika_msgs_s.ep.rosidl_typesupport_fastrtps_c.c
[3.714s] -- Installing: /home/sukru/ika_teknofest_aventra_ws/install/ika_msgs/local/lib/python3.10/dist-packages/ika_msgs/_ika_msgs_s.ep.rosidl_typesupport_c.c
[3.714s] -- Installing: /home/sukru/ika_teknofest_aventra_ws/install/ika_msgs/local/lib/python3.10/dist-packages/ika_msgs/ika_msgs_s__rosidl_typesupport_c.cpython-310-x86_64-linux-gnu.so
[3.714s] -- Installing: /home/sukru/ika_teknofest_aventra_ws/install/ika_msgs/local/lib/python3.10/dist-packages/ika_msgs/srv
[3.714s] -- Installing: /home/sukru/ika_teknofest_aventra_ws/install/ika_msgs/local/lib/python3.10/dist-packages/ika_msgs/srv/_emergency_stop.py
[3.714s] -- Installing: /home/sukru/ika_teknofest_aventra_ws/install/ika_msgs/local/lib/python3.10/dist-packages/ika_msgs/srv/__init__.py
[3.714s] -- Installing: /home/sukru/ika_teknofest_aventra_ws/install/ika_msgs/local/lib/python3.10/dist-packages/ika_msgs/srv/_set_laser.py
[3.714s] -- Installing: /home/sukru/ika_teknofest_aventra_ws/install/ika_msgs/local/lib/python3.10/dist-packages/ika_msgs/srv/_emergency_stop_s.c
[3.714s] -- Installing: /home/sukru/ika_teknofest_aventra_ws/install/ika_msgs/local/lib/python3.10/dist-packages/ika_msgs/srv/_set_laser_s.c
[3.714s] -- Installing: /home/sukru/ika_teknofest_aventra_ws/install/ika_msgs/local/lib/python3.10/dist-packages/ika_msgs/msg
[3.714s] -- Installing: /home/sukru/ika_teknofest_aventra_ws/install/ika_msgs/local/lib/python3.10/dist-packages/ika_msgs/msg/__init__.py
[3.715s] -- Installing: /home/sukru/ika_teknofest_aventra_ws/install/ika_msgs/local/lib/python3.10/dist-packages/ika_msgs/msg/_environment_data.py
[3.715s] -- Installing: /home/sukru/ika_teknofest_aventra_ws/install/ika_msgs/local/lib/python3.10/dist-packages/ika_msgs/msg/_mission_state.py
[3.715s] -- Installing: /home/sukru/ika_teknofest_aventra_ws/install/ika_msgs/local/lib/python3.10/dist-packages/ika_msgs/msg/_environment_data_s.c
[3.715s] -- Installing: /home/sukru/ika_teknofest_aventra_ws/install/ika_msgs/local/lib/python3.10/dist-packages/ika_msgs/msg/_mission_state_s.c
[3.715s] -- Installing: /home/sukru/ika_teknofest_aventra_ws/install/ika_msgs/local/lib/python3.10/dist-packages/ika_msgs/ika_msgs_s__rosidl_typesupport_fastrtps_c.cpython-310-x86_64-linux-gnu.so
[3.715s] -- Installing: /home/sukru/ika_teknofest_aventra_ws/install/ika_msgs/local/lib/python3.10/dist-packages/ika_msgs/action
[3.715s] -- Installing: /home/sukru/ika_teknofest_aventra_ws/install/ika_msgs/local/lib/python3.10/dist-packages/ika_msgs/action/__init__.py
[3.715s] -- Installing: /home/sukru/ika_teknofest_aventra_ws/install/ika_msgs/local/lib/python3.10/dist-packages/ika_msgs/action/_aim_and_fire_s.c
[3.715s] -- Installing: /home/sukru/ika_teknofest_aventra_ws/install/ika_msgs/local/lib/python3.10/dist-packages/ika_msgs/action/_aim_and_fire.py
[3.715s] -- Installing: /home/sukru/ika_teknofest_aventra_ws/install/ika_msgs/local/lib/python3.10/dist-packages/ika_msgs/ika_msgs_s__rosidl_typesupport_introspection_c.cpython-310-x86_64-linux-gnu.so
[3.715s] -- Installing: /home/sukru/ika_teknofest_aventra_ws/install/ika_msgs/local/lib/python3.10/dist-packages/ika_msgs/_ika_msgs_s.ep.rosidl_typesupport_introspection_c.c
[3.745s] Listing '/home/sukru/ika_teknofest_aventra_ws/install/ika_msgs/local/lib/python3.10/dist-packages/ika_msgs'...
[3.745s] Compiling '/home/sukru/ika_teknofest_aventra_ws/install/ika_msgs/local/lib/python3.10/dist-packages/ika_msgs/__init__.py'...
[3.745s] Listing '/home/sukru/ika_teknofest_aventra_ws/install/ika_msgs/local/lib/python3.10/dist-packages/ika_msgs/action'...
[3.745s] Compiling '/home/sukru/ika_teknofest_aventra_ws/install/ika_msgs/local/lib/python3.10/dist-packages/ika_msgs/action/__init__.py'...
[3.745s] Compiling '/home/sukru/ika_teknofest_aventra_ws/install/ika_msgs/local/lib/python3.10/dist-packages/ika_msgs/action/_aim_and_fire.py'...
[3.745s] Listing '/home/sukru/ika_teknofest_aventra_ws/install/ika_msgs/local/lib/python3.10/dist-packages/ika_msgs/msg'...
[3.745s] Compiling '/home/sukru/ika_teknofest_aventra_ws/install/ika_msgs/local/lib/python3.10/dist-packages/ika_msgs/msg/__init__.py'...
[3.745s] Compiling '/home/sukru/ika_teknofest_aventra_ws/install/ika_msgs/local/lib/python3.10/dist-packages/ika_msgs/msg/_environment_data.py'...
[3.745s] Compiling '/home/sukru/ika_teknofest_aventra_ws/install/ika_msgs/local/lib/python3.10/dist-packages/ika_msgs/msg/_mission_state.py'...
[3.745s] Listing '/home/sukru/ika_teknofest_aventra_ws/install/ika_msgs/local/lib/python3.10/dist-packages/ika_msgs/srv'...
[3.745s] Compiling '/home/sukru/ika_teknofest_aventra_ws/install/ika_msgs/local/lib/python3.10/dist-packages/ika_msgs/srv/__init__.py'...
[3.745s] Compiling '/home/sukru/ika_teknofest_aventra_ws/install/ika_msgs/local/lib/python3.10/dist-packages/ika_msgs/srv/_emergency_stop.py'...
[3.745s] Compiling '/home/sukru/ika_teknofest_aventra_ws/install/ika_msgs/local/lib/python3.10/dist-packages/ika_msgs/srv/_set_laser.py'...
[3.747s] -- Installing: /home/sukru/ika_teknofest_aventra_ws/install/ika_msgs/local/lib/python3.10/dist-packages/ika_msgs/ika_msgs_s__rosidl_typesupport_fastrtps_c.cpython-310-x86_64-linux-gnu.so
[3.748s] -- Set runtime path of "/home/sukru/ika_teknofest_aventra_ws/install/ika_msgs/local/lib/python3.10/dist-packages/ika_msgs/ika_msgs_s__rosidl_typesupport_fastrtps_c.cpython-310-x86_64-linux-gnu.so" to ""
[3.748s] -- Installing: /home/sukru/ika_teknofest_aventra_ws/install/ika_msgs/local/lib/python3.10/dist-packages/ika_msgs/ika_msgs_s__rosidl_typesupport_introspection_c.cpython-310-x86_64-linux-gnu.so
[3.748s] -- Set runtime path of "/home/sukru/ika_teknofest_aventra_ws/install/ika_msgs/local/lib/python3.10/dist-packages/ika_msgs/ika_msgs_s__rosidl_typesupport_introspection_c.cpython-310-x86_64-linux-gnu.so" to ""
[3.748s] -- Installing: /home/sukru/ika_teknofest_aventra_ws/install/ika_msgs/local/lib/python3.10/dist-packages/ika_msgs/ika_msgs_s__rosidl_typesupport_c.cpython-310-x86_64-linux-gnu.so
[3.749s] -- Set runtime path of "/home/sukru/ika_teknofest_aventra_ws/install/ika_msgs/local/lib/python3.10/dist-packages/ika_msgs/ika_msgs_s__rosidl_typesupport_c.cpython-310-x86_64-linux-gnu.so" to ""
[3.749s] -- Installing: /home/sukru/ika_teknofest_aventra_ws/install/ika_msgs/lib/libika_msgs__rosidl_generator_py.so
[3.749s] -- Set runtime path of "/home/sukru/ika_teknofest_aventra_ws/install/ika_msgs/lib/libika_msgs__rosidl_generator_py.so" to ""
[3.749s] -- Installing: /home/sukru/ika_teknofest_aventra_ws/install/ika_msgs/share/ika_msgs/msg/EnvironmentData.idl
[3.749s] -- Installing: /home/sukru/ika_teknofest_aventra_ws/install/ika_msgs/share/ika_msgs/msg/MissionState.idl
[3.749s] -- Installing: /home/sukru/ika_teknofest_aventra_ws/install/ika_msgs/share/ika_msgs/srv/EmergencyStop.idl
[3.750s] -- Installing: /home/sukru/ika_teknofest_aventra_ws/install/ika_msgs/share/ika_msgs/srv/SetLaser.idl
[3.750s] -- Installing: /home/sukru/ika_teknofest_aventra_ws/install/ika_msgs/share/ika_msgs/action/AimAndFire.idl
[3.750s] -- Installing: /home/sukru/ika_teknofest_aventra_ws/install/ika_msgs/share/ika_msgs/msg/EnvironmentData.msg
[3.750s] -- Installing: /home/sukru/ika_teknofest_aventra_ws/install/ika_msgs/share/ika_msgs/msg/MissionState.msg
[3.750s] -- Installing: /home/sukru/ika_teknofest_aventra_ws/install/ika_msgs/share/ika_msgs/srv/EmergencyStop.srv
[3.750s] -- Installing: /home/sukru/ika_teknofest_aventra_ws/install/ika_msgs/share/ika_msgs/srv/EmergencyStop_Request.msg
[3.750s] -- Installing: /home/sukru/ika_teknofest_aventra_ws/install/ika_msgs/share/ika_msgs/srv/EmergencyStop_Response.msg
[3.750s] -- Installing: /home/sukru/ika_teknofest_aventra_ws/install/ika_msgs/share/ika_msgs/srv/SetLaser.srv
[3.750s] -- Installing: /home/sukru/ika_teknofest_aventra_ws/install/ika_msgs/share/ika_msgs/srv/SetLaser_Request.msg
[3.750s] -- Installing: /home/sukru/ika_teknofest_aventra_ws/install/ika_msgs/share/ika_msgs/srv/SetLaser_Response.msg
[3.751s] -- Installing: /home/sukru/ika_teknofest_aventra_ws/install/ika_msgs/share/ika_msgs/action/AimAndFire.action
[3.751s] -- Installing: /home/sukru/ika_teknofest_aventra_ws/install/ika_msgs/share/ament_index/resource_index/package_run_dependencies/ika_msgs
[3.751s] -- Installing: /home/sukru/ika_teknofest_aventra_ws/install/ika_msgs/share/ament_index/resource_index/parent_prefix_path/ika_msgs
[3.751s] -- Installing: /home/sukru/ika_teknofest_aventra_ws/install/ika_msgs/share/ika_msgs/environment/ament_prefix_path.sh
[3.751s] -- Installing: /home/sukru/ika_teknofest_aventra_ws/install/ika_msgs/share/ika_msgs/environment/ament_prefix_path.dsv
[3.751s] -- Installing: /home/sukru/ika_teknofest_aventra_ws/install/ika_msgs/share/ika_msgs/environment/path.sh
[3.751s] -- Installing: /home/sukru/ika_teknofest_aventra_ws/install/ika_msgs/share/ika_msgs/environment/path.dsv
[3.751s] -- Installing: /home/sukru/ika_teknofest_aventra_ws/install/ika_msgs/share/ika_msgs/local_setup.bash
[3.751s] -- Installing: /home/sukru/ika_teknofest_aventra_ws/install/ika_msgs/share/ika_msgs/local_setup.sh
[3.751s] -- Installing: /home/sukru/ika_teknofest_aventra_ws/install/ika_msgs/share/ika_msgs/local_setup.zsh
[3.751s] -- Installing: /home/sukru/ika_teknofest_aventra_ws/install/ika_msgs/share/ika_msgs/local_setup.dsv
[3.752s] -- Installing: /home/sukru/ika_teknofest_aventra_ws/install/ika_msgs/share/ika_msgs/package.dsv
[3.752s] -- Installing: /home/sukru/ika_teknofest_aventra_ws/install/ika_msgs/share/ament_index/resource_index/packages/ika_msgs
[3.752s] -- Installing: /home/sukru/ika_teknofest_aventra_ws/install/ika_msgs/share/ika_msgs/cmake/export_ika_msgs__rosidl_generator_cExport.cmake
[3.752s] -- Installing: /home/sukru/ika_teknofest_aventra_ws/install/ika_msgs/share/ika_msgs/cmake/export_ika_msgs__rosidl_generator_cExport-noconfig.cmake
[3.752s] -- Installing: /home/sukru/ika_teknofest_aventra_ws/install/ika_msgs/share/ika_msgs/cmake/export_ika_msgs__rosidl_typesupport_fastrtps_cExport.cmake
[3.752s] -- Installing: /home/sukru/ika_teknofest_aventra_ws/install/ika_msgs/share/ika_msgs/cmake/export_ika_msgs__rosidl_typesupport_fastrtps_cExport-noconfig.cmake
[3.752s] -- Installing: /home/sukru/ika_teknofest_aventra_ws/install/ika_msgs/share/ika_msgs/cmake/export_ika_msgs__rosidl_generator_cppExport.cmake
[3.752s] -- Installing: /home/sukru/ika_teknofest_aventra_ws/install/ika_msgs/share/ika_msgs/cmake/export_ika_msgs__rosidl_typesupport_fastrtps_cppExport.cmake
[3.752s] -- Installing: /home/sukru/ika_teknofest_aventra_ws/install/ika_msgs/share/ika_msgs/cmake/export_ika_msgs__rosidl_typesupport_fastrtps_cppExport-noconfig.cmake
[3.753s] -- Installing: /home/sukru/ika_teknofest_aventra_ws/install/ika_msgs/share/ika_msgs/cmake/ika_msgs__rosidl_typesupport_introspection_cExport.cmake
[3.753s] -- Installing: /home/sukru/ika_teknofest_aventra_ws/install/ika_msgs/share/ika_msgs/cmake/ika_msgs__rosidl_typesupport_introspection_cExport-noconfig.cmake
[3.753s] -- Installing: /home/sukru/ika_teknofest_aventra_ws/install/ika_msgs/share/ika_msgs/cmake/ika_msgs__rosidl_typesupport_cExport.cmake
[3.753s] -- Installing: /home/sukru/ika_teknofest_aventra_ws/install/ika_msgs/share/ika_msgs/cmake/ika_msgs__rosidl_typesupport_cExport-noconfig.cmake
[3.753s] -- Installing: /home/sukru/ika_teknofest_aventra_ws/install/ika_msgs/share/ika_msgs/cmake/ika_msgs__rosidl_typesupport_introspection_cppExport.cmake
[3.753s] -- Installing: /home/sukru/ika_teknofest_aventra_ws/install/ika_msgs/share/ika_msgs/cmake/ika_msgs__rosidl_typesupport_introspection_cppExport-noconfig.cmake
[3.753s] -- Installing: /home/sukru/ika_teknofest_aventra_ws/install/ika_msgs/share/ika_msgs/cmake/ika_msgs__rosidl_typesupport_cppExport.cmake
[3.753s] -- Installing: /home/sukru/ika_teknofest_aventra_ws/install/ika_msgs/share/ika_msgs/cmake/ika_msgs__rosidl_typesupport_cppExport-noconfig.cmake
[3.753s] -- Installing: /home/sukru/ika_teknofest_aventra_ws/install/ika_msgs/share/ika_msgs/cmake/export_ika_msgs__rosidl_generator_pyExport.cmake
[3.753s] -- Installing: /home/sukru/ika_teknofest_aventra_ws/install/ika_msgs/share/ika_msgs/cmake/export_ika_msgs__rosidl_generator_pyExport-noconfig.cmake
[3.754s] -- Installing: /home/sukru/ika_teknofest_aventra_ws/install/ika_msgs/share/ika_msgs/cmake/rosidl_cmake-extras.cmake
[3.754s] -- Installing: /home/sukru/ika_teknofest_aventra_ws/install/ika_msgs/share/ika_msgs/cmake/ament_cmake_export_dependencies-extras.cmake
[3.754s] -- Installing: /home/sukru/ika_teknofest_aventra_ws/install/ika_msgs/share/ika_msgs/cmake/ament_cmake_export_include_directories-extras.cmake
[3.754s] -- Installing: /home/sukru/ika_teknofest_aventra_ws/install/ika_msgs/share/ika_msgs/cmake/ament_cmake_export_libraries-extras.cmake
[3.754s] -- Installing: /home/sukru/ika_teknofest_aventra_ws/install/ika_msgs/share/ika_msgs/cmake/ament_cmake_export_targets-extras.cmake
[3.754s] -- Installing: /home/sukru/ika_teknofest_aventra_ws/install/ika_msgs/share/ika_msgs/cmake/rosidl_cmake_export_typesupport_targets-extras.cmake
[3.754s] -- Installing: /home/sukru/ika_teknofest_aventra_ws/install/ika_msgs/share/ika_msgs/cmake/rosidl_cmake_export_typesupport_libraries-extras.cmake
[3.754s] -- Installing: /home/sukru/ika_teknofest_aventra_ws/install/ika_msgs/share/ika_msgs/cmake/ika_msgsConfig.cmake
[3.754s] -- Installing: /home/sukru/ika_teknofest_aventra_ws/install/ika_msgs/share/ika_msgs/cmake/ika_msgsConfig-version.cmake
[3.755s] -- Installing: /home/sukru/ika_teknofest_aventra_ws/install/ika_msgs/share/ika_msgs/package.xml
[3.756s] Invoked command in '/home/sukru/ika_teknofest_aventra_ws/build/ika_msgs' returned '0': CMAKE_PREFIX_PATH=${CMAKE_PREFIX_PATH}:/home/sukru/ika_teknofest_aventra_ws/install/ika_sensors:/home/sukru/ai_autonomi_ws/install/ika_autonomi:/home/sukru/Desktop/otonom_atis/install/python_pkg:/home/sukru/ros_ws_vacuum_bot/install/vacuum_teleop:/home/sukru/ros_ws_vacuum_bot/install/vacuum_sensors:/home/sukru/ros_ws_vacuum_bot/install/vacuum_navigation:/home/sukru/ros_ws_vacuum_bot/install/vacuum_msgs:/home/sukru/ros_ws_vacuum_bot/install/vacuum_mapping:/home/sukru/ros_ws_vacuum_bot/install/vacuum_description:/home/sukru/ros_ws_vacuum_bot/install/vacuum_control:/home/sukru/ros_ws_vacuum_bot/install/vacuum_bringup:/home/sukru/ros_ws_demo/install/python_pkg:/opt/ros/humble /usr/bin/cmake --install /home/sukru/ika_teknofest_aventra_ws/build/ika_msgs
