running develop
running egg_info
creating ika_behaviors.egg-info
writing ika_behaviors.egg-info/PKG-INFO
writing dependency_links to ika_behaviors.egg-info/dependency_links.txt
writing entry points to ika_behaviors.egg-info/entry_points.txt
writing requirements to ika_behaviors.egg-info/requires.txt
writing top-level names to ika_behaviors.egg-info/top_level.txt
writing manifest file 'ika_behaviors.egg-info/SOURCES.txt'
reading manifest file 'ika_behaviors.egg-info/SOURCES.txt'
writing manifest file 'ika_behaviors.egg-info/SOURCES.txt'
running build_ext
Creating /home/sukru/ika_teknofest_aventra_ws/install/ika_behaviors/lib/python3.10/site-packages/ika-behaviors.egg-link (link to .)

Installed /home/sukru/ika_teknofest_aventra_ws/build/ika_behaviors
running symlink_data
creating /home/sukru/ika_teknofest_aventra_ws/install/ika_behaviors/share/ament_index
creating /home/sukru/ika_teknofest_aventra_ws/install/ika_behaviors/share/ament_index/resource_index
creating /home/sukru/ika_teknofest_aventra_ws/install/ika_behaviors/share/ament_index/resource_index/packages
symbolically linking /home/sukru/ika_teknofest_aventra_ws/build/ika_behaviors/resource/ika_behaviors -> /home/sukru/ika_teknofest_aventra_ws/install/ika_behaviors/share/ament_index/resource_index/packages
symbolically linking /home/sukru/ika_teknofest_aventra_ws/build/ika_behaviors/package.xml -> /home/sukru/ika_teknofest_aventra_ws/install/ika_behaviors/share/ika_behaviors
