[2.113s] Invoking command in '/home/sukru/ika_teknofest_aventra_ws/build/ika_behaviors': PYTHONPATH=/home/sukru/ika_teknofest_aventra_ws/build/ika_behaviors/prefix_override:/usr/lib/python3/dist-packages/colcon_core/task/python/colcon_distutils_commands:/home/sukru/ika_teknofest_aventra_ws/install/ika_behaviors/lib/python3.10/site-packages:${PYTHONPATH} /usr/bin/python3 -W ignore:setup.py install is deprecated -W ignore:easy_install command is deprecated setup.py develop --editable --build-directory /home/sukru/ika_teknofest_aventra_ws/build/ika_behaviors/build --no-deps symlink_data
[2.387s] running develop
[2.585s] running egg_info
[2.585s] creating ika_behaviors.egg-info
[2.585s] writing ika_behaviors.egg-info/PKG-INFO
[2.585s] writing dependency_links to ika_behaviors.egg-info/dependency_links.txt
[2.585s] writing entry points to ika_behaviors.egg-info/entry_points.txt
[2.585s] writing requirements to ika_behaviors.egg-info/requires.txt
[2.585s] writing top-level names to ika_behaviors.egg-info/top_level.txt
[2.585s] writing manifest file 'ika_behaviors.egg-info/SOURCES.txt'
[2.587s] reading manifest file 'ika_behaviors.egg-info/SOURCES.txt'
[2.588s] writing manifest file 'ika_behaviors.egg-info/SOURCES.txt'
[2.596s] running build_ext
[2.599s] Creating /home/sukru/ika_teknofest_aventra_ws/install/ika_behaviors/lib/python3.10/site-packages/ika-behaviors.egg-link (link to .)
[2.600s] 
[2.600s] Installed /home/sukru/ika_teknofest_aventra_ws/build/ika_behaviors
[2.600s] running symlink_data
[2.600s] creating /home/sukru/ika_teknofest_aventra_ws/install/ika_behaviors/share/ament_index
[2.600s] creating /home/sukru/ika_teknofest_aventra_ws/install/ika_behaviors/share/ament_index/resource_index
[2.600s] creating /home/sukru/ika_teknofest_aventra_ws/install/ika_behaviors/share/ament_index/resource_index/packages
[2.601s] symbolically linking /home/sukru/ika_teknofest_aventra_ws/build/ika_behaviors/resource/ika_behaviors -> /home/sukru/ika_teknofest_aventra_ws/install/ika_behaviors/share/ament_index/resource_index/packages
[2.601s] symbolically linking /home/sukru/ika_teknofest_aventra_ws/build/ika_behaviors/package.xml -> /home/sukru/ika_teknofest_aventra_ws/install/ika_behaviors/share/ika_behaviors
[2.664s] Invoked command in '/home/sukru/ika_teknofest_aventra_ws/build/ika_behaviors' returned '0': PYTHONPATH=/home/sukru/ika_teknofest_aventra_ws/build/ika_behaviors/prefix_override:/usr/lib/python3/dist-packages/colcon_core/task/python/colcon_distutils_commands:/home/sukru/ika_teknofest_aventra_ws/install/ika_behaviors/lib/python3.10/site-packages:${PYTHONPATH} /usr/bin/python3 -W ignore:setup.py install is deprecated -W ignore:easy_install command is deprecated setup.py develop --editable --build-directory /home/sukru/ika_teknofest_aventra_ws/build/ika_behaviors/build --no-deps symlink_data
