[2.148s] Invoking command in '/home/sukru/ika_teknofest_aventra_ws/build/ika_perception': PYTHONPATH=/home/sukru/ika_teknofest_aventra_ws/build/ika_perception/prefix_override:/usr/lib/python3/dist-packages/colcon_core/task/python/colcon_distutils_commands:/home/sukru/ika_teknofest_aventra_ws/install/ika_perception/lib/python3.10/site-packages:${PYTHONPATH} /usr/bin/python3 -W ignore:setup.py install is deprecated -W ignore:easy_install command is deprecated setup.py develop --editable --build-directory /home/sukru/ika_teknofest_aventra_ws/build/ika_perception/build --no-deps symlink_data
[2.518s] running develop
[2.649s] running egg_info
[2.649s] creating ika_perception.egg-info
[2.649s] writing ika_perception.egg-info/PKG-INFO
[2.649s] writing dependency_links to ika_perception.egg-info/dependency_links.txt
[2.649s] writing entry points to ika_perception.egg-info/entry_points.txt
[2.649s] writing requirements to ika_perception.egg-info/requires.txt
[2.649s] writing top-level names to ika_perception.egg-info/top_level.txt
[2.649s] writing manifest file 'ika_perception.egg-info/SOURCES.txt'
[2.650s] reading manifest file 'ika_perception.egg-info/SOURCES.txt'
[2.651s] writing manifest file 'ika_perception.egg-info/SOURCES.txt'
[2.652s] running build_ext
[2.652s] Creating /home/sukru/ika_teknofest_aventra_ws/install/ika_perception/lib/python3.10/site-packages/ika-perception.egg-link (link to .)
[2.653s] 
[2.653s] Installed /home/sukru/ika_teknofest_aventra_ws/build/ika_perception
[2.653s] running symlink_data
[2.653s] creating /home/sukru/ika_teknofest_aventra_ws/install/ika_perception/share/ament_index
[2.653s] creating /home/sukru/ika_teknofest_aventra_ws/install/ika_perception/share/ament_index/resource_index
[2.653s] creating /home/sukru/ika_teknofest_aventra_ws/install/ika_perception/share/ament_index/resource_index/packages
[2.654s] symbolically linking /home/sukru/ika_teknofest_aventra_ws/build/ika_perception/resource/ika_perception -> /home/sukru/ika_teknofest_aventra_ws/install/ika_perception/share/ament_index/resource_index/packages
[2.654s] symbolically linking /home/sukru/ika_teknofest_aventra_ws/build/ika_perception/package.xml -> /home/sukru/ika_teknofest_aventra_ws/install/ika_perception/share/ika_perception
[2.677s] Invoked command in '/home/sukru/ika_teknofest_aventra_ws/build/ika_perception' returned '0': PYTHONPATH=/home/sukru/ika_teknofest_aventra_ws/build/ika_perception/prefix_override:/usr/lib/python3/dist-packages/colcon_core/task/python/colcon_distutils_commands:/home/sukru/ika_teknofest_aventra_ws/install/ika_perception/lib/python3.10/site-packages:${PYTHONPATH} /usr/bin/python3 -W ignore:setup.py install is deprecated -W ignore:easy_install command is deprecated setup.py develop --editable --build-directory /home/sukru/ika_teknofest_aventra_ws/build/ika_perception/build --no-deps symlink_data
