running develop
running egg_info
creating ika_teleop.egg-info
writing ika_teleop.egg-info/PKG-INFO
writing dependency_links to ika_teleop.egg-info/dependency_links.txt
writing entry points to ika_teleop.egg-info/entry_points.txt
writing requirements to ika_teleop.egg-info/requires.txt
writing top-level names to ika_teleop.egg-info/top_level.txt
writing manifest file 'ika_teleop.egg-info/SOURCES.txt'
reading manifest file 'ika_teleop.egg-info/SOURCES.txt'
writing manifest file 'ika_teleop.egg-info/SOURCES.txt'
running build_ext
Creating /home/yildiz/IKA_AVENTRA_WORKSPACE/ika_aventra/install/ika_teleop/lib/python3.10/site-packages/ika-teleop.egg-link (link to .)

Installed /home/yildiz/IKA_AVENTRA_WORKSPACE/ika_aventra/build/ika_teleop
running symlink_data
creating /home/yildiz/IKA_AVENTRA_WORKSPACE/ika_aventra/install/ika_teleop/share/ament_index
creating /home/yildiz/IKA_AVENTRA_WORKSPACE/ika_aventra/install/ika_teleop/share/ament_index/resource_index
creating /home/yildiz/IKA_AVENTRA_WORKSPACE/ika_aventra/install/ika_teleop/share/ament_index/resource_index/packages
symbolically linking /home/yildiz/IKA_AVENTRA_WORKSPACE/ika_aventra/build/ika_teleop/resource/ika_teleop -> /home/yildiz/IKA_AVENTRA_WORKSPACE/ika_aventra/install/ika_teleop/share/ament_index/resource_index/packages
symbolically linking /home/yildiz/IKA_AVENTRA_WORKSPACE/ika_aventra/build/ika_teleop/package.xml -> /home/yildiz/IKA_AVENTRA_WORKSPACE/ika_aventra/install/ika_teleop/share/ika_teleop
