-- Install configuration: ""
-- Up-to-date: /home/sukru/ika_teknofest_aventra_ws/install/ika_gazebo/share/ika_gazebo/launch
-- Up-to-date: /home/sukru/ika_teknofest_aventra_ws/install/ika_gazebo/share/ika_gazebo/launch/__pycache__
-- Up-to-date: /home/sukru/ika_teknofest_aventra_ws/install/ika_gazebo/share/ika_gazebo/launch/__pycache__/teknofest_sim.launch.cpython-313.pyc
-- Up-to-date: /home/sukru/ika_teknofest_aventra_ws/install/ika_gazebo/share/ika_gazebo/launch/teknofest_sim.launch.py
-- Up-to-date: /home/sukru/ika_teknofest_aventra_ws/install/ika_gazebo/share/ika_gazebo/models
-- Up-to-date: /home/sukru/ika_teknofest_aventra_ws/install/ika_gazebo/share/ika_gazebo/worlds
-- Installing: /home/sukru/ika_teknofest_aventra_ws/install/ika_gazebo/share/ika_gazebo/worlds/teknofest_track.world
-- Up-to-date: /home/sukru/ika_teknofest_aventra_ws/install/ika_gazebo/lib/ika_gazebo/sliding_obstacle_controller.py
-- Up-to-date: /home/sukru/ika_teknofest_aventra_ws/install/ika_gazebo/share/ament_index/resource_index/package_run_dependencies/ika_gazebo
-- Up-to-date: /home/sukru/ika_teknofest_aventra_ws/install/ika_gazebo/share/ament_index/resource_index/parent_prefix_path/ika_gazebo
-- Up-to-date: /home/sukru/ika_teknofest_aventra_ws/install/ika_gazebo/share/ika_gazebo/environment/ament_prefix_path.sh
-- Up-to-date: /home/sukru/ika_teknofest_aventra_ws/install/ika_gazebo/share/ika_gazebo/environment/ament_prefix_path.dsv
-- Up-to-date: /home/sukru/ika_teknofest_aventra_ws/install/ika_gazebo/share/ika_gazebo/environment/path.sh
-- Up-to-date: /home/sukru/ika_teknofest_aventra_ws/install/ika_gazebo/share/ika_gazebo/environment/path.dsv
-- Up-to-date: /home/sukru/ika_teknofest_aventra_ws/install/ika_gazebo/share/ika_gazebo/local_setup.bash
-- Up-to-date: /home/sukru/ika_teknofest_aventra_ws/install/ika_gazebo/share/ika_gazebo/local_setup.sh
-- Up-to-date: /home/sukru/ika_teknofest_aventra_ws/install/ika_gazebo/share/ika_gazebo/local_setup.zsh
-- Up-to-date: /home/sukru/ika_teknofest_aventra_ws/install/ika_gazebo/share/ika_gazebo/local_setup.dsv
-- Up-to-date: /home/sukru/ika_teknofest_aventra_ws/install/ika_gazebo/share/ika_gazebo/package.dsv
-- Up-to-date: /home/sukru/ika_teknofest_aventra_ws/install/ika_gazebo/share/ament_index/resource_index/packages/ika_gazebo
-- Up-to-date: /home/sukru/ika_teknofest_aventra_ws/install/ika_gazebo/share/ika_gazebo/cmake/ika_gazeboConfig.cmake
-- Up-to-date: /home/sukru/ika_teknofest_aventra_ws/install/ika_gazebo/share/ika_gazebo/cmake/ika_gazeboConfig-version.cmake
-- Up-to-date: /home/sukru/ika_teknofest_aventra_ws/install/ika_gazebo/share/ika_gazebo/package.xml
