running egg_info
creating ../../build/ika_hardware/ika_hardware.egg-info
writing ../../build/ika_hardware/ika_hardware.egg-info/PKG-INFO
writing dependency_links to ../../build/ika_hardware/ika_hardware.egg-info/dependency_links.txt
writing entry points to ../../build/ika_hardware/ika_hardware.egg-info/entry_points.txt
writing requirements to ../../build/ika_hardware/ika_hardware.egg-info/requires.txt
writing top-level names to ../../build/ika_hardware/ika_hardware.egg-info/top_level.txt
writing manifest file '../../build/ika_hardware/ika_hardware.egg-info/SOURCES.txt'
reading manifest file '../../build/ika_hardware/ika_hardware.egg-info/SOURCES.txt'
writing manifest file '../../build/ika_hardware/ika_hardware.egg-info/SOURCES.txt'
running build
running build_py
creating /home/sukru/ika_teknofest_aventra_ws/build/ika_hardware/build
creating /home/sukru/ika_teknofest_aventra_ws/build/ika_hardware/build/lib
creating /home/sukru/ika_teknofest_aventra_ws/build/ika_hardware/build/lib/ika_hardware
copying ika_hardware/__init__.py -> /home/sukru/ika_teknofest_aventra_ws/build/ika_hardware/build/lib/ika_hardware
running install
running install_lib
creating /home/sukru/ika_teknofest_aventra_ws/install/ika_hardware/lib/python3.10/site-packages/ika_hardware
copying /home/sukru/ika_teknofest_aventra_ws/build/ika_hardware/build/lib/ika_hardware/__init__.py -> /home/sukru/ika_teknofest_aventra_ws/install/ika_hardware/lib/python3.10/site-packages/ika_hardware
byte-compiling /home/sukru/ika_teknofest_aventra_ws/install/ika_hardware/lib/python3.10/site-packages/ika_hardware/__init__.py to __init__.cpython-310.pyc
running install_data
creating /home/sukru/ika_teknofest_aventra_ws/install/ika_hardware/share/ament_index
creating /home/sukru/ika_teknofest_aventra_ws/install/ika_hardware/share/ament_index/resource_index
creating /home/sukru/ika_teknofest_aventra_ws/install/ika_hardware/share/ament_index/resource_index/packages
copying resource/ika_hardware -> /home/sukru/ika_teknofest_aventra_ws/install/ika_hardware/share/ament_index/resource_index/packages
copying package.xml -> /home/sukru/ika_teknofest_aventra_ws/install/ika_hardware/share/ika_hardware
running install_egg_info
Copying ../../build/ika_hardware/ika_hardware.egg-info to /home/sukru/ika_teknofest_aventra_ws/install/ika_hardware/lib/python3.10/site-packages/ika_hardware-0.0.0-py3.10.egg-info
running install_scripts
writing list of installed files to '/home/sukru/ika_teknofest_aventra_ws/build/ika_hardware/install.log'
