[2.022s] Invoking command in '/home/sukru/ika_teknofest_aventra_ws/src/ika_hardware': PYTHONPATH=/home/sukru/ika_teknofest_aventra_ws/build/ika_hardware/prefix_override:/usr/lib/python3/dist-packages/colcon_core/task/python/colcon_distutils_commands:/home/sukru/ika_teknofest_aventra_ws/install/ika_hardware/lib/python3.10/site-packages:${PYTHONPATH} /usr/bin/python3 -W ignore:setup.py install is deprecated -W ignore:easy_install command is deprecated setup.py egg_info --egg-base ../../build/ika_hardware build --build-base /home/sukru/ika_teknofest_aventra_ws/build/ika_hardware/build install --record /home/sukru/ika_teknofest_aventra_ws/build/ika_hardware/install.log --single-version-externally-managed install_data
[2.324s] running egg_info
[2.325s] creating ../../build/ika_hardware/ika_hardware.egg-info
[2.325s] writing ../../build/ika_hardware/ika_hardware.egg-info/PKG-INFO
[2.326s] writing dependency_links to ../../build/ika_hardware/ika_hardware.egg-info/dependency_links.txt
[2.326s] writing entry points to ../../build/ika_hardware/ika_hardware.egg-info/entry_points.txt
[2.326s] writing requirements to ../../build/ika_hardware/ika_hardware.egg-info/requires.txt
[2.326s] writing top-level names to ../../build/ika_hardware/ika_hardware.egg-info/top_level.txt
[2.326s] writing manifest file '../../build/ika_hardware/ika_hardware.egg-info/SOURCES.txt'
[2.329s] reading manifest file '../../build/ika_hardware/ika_hardware.egg-info/SOURCES.txt'
[2.329s] writing manifest file '../../build/ika_hardware/ika_hardware.egg-info/SOURCES.txt'
[2.329s] running build
[2.329s] running build_py
[2.329s] creating /home/sukru/ika_teknofest_aventra_ws/build/ika_hardware/build
[2.329s] creating /home/sukru/ika_teknofest_aventra_ws/build/ika_hardware/build/lib
[2.329s] creating /home/sukru/ika_teknofest_aventra_ws/build/ika_hardware/build/lib/ika_hardware
[2.329s] copying ika_hardware/__init__.py -> /home/sukru/ika_teknofest_aventra_ws/build/ika_hardware/build/lib/ika_hardware
[2.329s] running install
[2.329s] running install_lib
[2.330s] creating /home/sukru/ika_teknofest_aventra_ws/install/ika_hardware/lib/python3.10/site-packages/ika_hardware
[2.330s] copying /home/sukru/ika_teknofest_aventra_ws/build/ika_hardware/build/lib/ika_hardware/__init__.py -> /home/sukru/ika_teknofest_aventra_ws/install/ika_hardware/lib/python3.10/site-packages/ika_hardware
[2.330s] byte-compiling /home/sukru/ika_teknofest_aventra_ws/install/ika_hardware/lib/python3.10/site-packages/ika_hardware/__init__.py to __init__.cpython-310.pyc
[2.330s] running install_data
[2.331s] creating /home/sukru/ika_teknofest_aventra_ws/install/ika_hardware/share/ament_index
[2.331s] creating /home/sukru/ika_teknofest_aventra_ws/install/ika_hardware/share/ament_index/resource_index
[2.331s] creating /home/sukru/ika_teknofest_aventra_ws/install/ika_hardware/share/ament_index/resource_index/packages
[2.331s] copying resource/ika_hardware -> /home/sukru/ika_teknofest_aventra_ws/install/ika_hardware/share/ament_index/resource_index/packages
[2.331s] copying package.xml -> /home/sukru/ika_teknofest_aventra_ws/install/ika_hardware/share/ika_hardware
[2.331s] running install_egg_info
[2.333s] Copying ../../build/ika_hardware/ika_hardware.egg-info to /home/sukru/ika_teknofest_aventra_ws/install/ika_hardware/lib/python3.10/site-packages/ika_hardware-0.0.0-py3.10.egg-info
[2.334s] running install_scripts
[2.355s] writing list of installed files to '/home/sukru/ika_teknofest_aventra_ws/build/ika_hardware/install.log'
[2.405s] Invoked command in '/home/sukru/ika_teknofest_aventra_ws/src/ika_hardware' returned '0': PYTHONPATH=/home/sukru/ika_teknofest_aventra_ws/build/ika_hardware/prefix_override:/usr/lib/python3/dist-packages/colcon_core/task/python/colcon_distutils_commands:/home/sukru/ika_teknofest_aventra_ws/install/ika_hardware/lib/python3.10/site-packages:${PYTHONPATH} /usr/bin/python3 -W ignore:setup.py install is deprecated -W ignore:easy_install command is deprecated setup.py egg_info --egg-base ../../build/ika_hardware build --build-base /home/sukru/ika_teknofest_aventra_ws/build/ika_hardware/build install --record /home/sukru/ika_teknofest_aventra_ws/build/ika_hardware/install.log --single-version-externally-managed install_data
