[0.059s] DEBUG:colcon:Command line arguments: ['/usr/bin/colcon', 'build', '--packages-select', 'ika_description']
[0.059s] DEBUG:colcon:Parsed command line arguments: Namespace(log_base=None, log_level=None, verb_name='build', build_base='build', install_base='install', merge_install=False, symlink_install=False, test_result_base=None, continue_on_error=False, executor='parallel', parallel_workers=12, event_handlers=None, ignore_user_meta=False, metas=['./colcon.meta'], base_paths=['.'], packages_ignore=None, packages_ignore_regex=None, paths=None, packages_up_to=None, packages_up_to_regex=None, packages_above=None, packages_above_and_dependencies=None, packages_above_depth=None, packages_select_by_dep=None, packages_skip_by_dep=None, packages_skip_up_to=None, packages_select_build_failed=False, packages_skip_build_finished=False, packages_select_test_failures=False, packages_skip_test_passed=False, packages_select=['ika_description'], packages_skip=None, packages_select_regex=None, packages_skip_regex=None, packages_start=None, packages_end=None, allow_overriding=[], cmake_args=None, cmake_target=None, cmake_target_skip_unavailable=False, cmake_clean_cache=False, cmake_clean_first=False, cmake_force_configure=False, ament_cmake_args=None, catkin_cmake_args=None, catkin_skip_building_tests=False, mixin_files=None, mixin=None, verb_parser=<colcon_mixin.mixin.mixin_argument.MixinArgumentDecorator object at 0x7f1c97799960>, verb_extension=<colcon_core.verb.build.BuildVerb object at 0x7f1c977994b0>, main=<bound method BuildVerb.main of <colcon_core.verb.build.BuildVerb object at 0x7f1c977994b0>>, mixin_verb=('build',))
[0.152s] Level 1:colcon.colcon_core.package_discovery:discover_packages(colcon_meta) check parameters
[0.152s] Level 1:colcon.colcon_core.package_discovery:discover_packages(recursive) check parameters
[0.152s] Level 1:colcon.colcon_core.package_discovery:discover_packages(ignore) check parameters
[0.152s] Level 1:colcon.colcon_core.package_discovery:discover_packages(path) check parameters
[0.152s] Level 1:colcon.colcon_core.package_discovery:discover_packages(colcon_meta) discover
[0.152s] Level 1:colcon.colcon_core.package_discovery:discover_packages(recursive) discover
[0.152s] INFO:colcon.colcon_core.package_discovery:Crawling recursively for packages in '/home/sukru/ika_teknofest_aventra_ws'
[0.152s] Level 1:colcon.colcon_core.package_identification:_identify(.) by extensions ['ignore', 'ignore_ament_install']
[0.152s] Level 1:colcon.colcon_core.package_identification:_identify(.) by extension 'ignore'
[0.152s] Level 1:colcon.colcon_core.package_identification:_identify(.) by extension 'ignore_ament_install'
[0.152s] Level 1:colcon.colcon_core.package_identification:_identify(.) by extensions ['colcon_pkg']
[0.152s] Level 1:colcon.colcon_core.package_identification:_identify(.) by extension 'colcon_pkg'
[0.152s] Level 1:colcon.colcon_core.package_identification:_identify(.) by extensions ['colcon_meta']
[0.153s] Level 1:colcon.colcon_core.package_identification:_identify(.) by extension 'colcon_meta'
[0.153s] Level 1:colcon.colcon_core.package_identification:_identify(.) by extensions ['ros']
[0.153s] Level 1:colcon.colcon_core.package_identification:_identify(.) by extension 'ros'
[0.163s] Level 1:colcon.colcon_core.package_identification:_identify(.) by extensions ['cmake', 'python']
[0.163s] Level 1:colcon.colcon_core.package_identification:_identify(.) by extension 'cmake'
[0.163s] Level 1:colcon.colcon_core.package_identification:_identify(.) by extension 'python'
[0.163s] Level 1:colcon.colcon_core.package_identification:_identify(.) by extensions ['python_setup_py']
[0.163s] Level 1:colcon.colcon_core.package_identification:_identify(.) by extension 'python_setup_py'
[0.163s] Level 1:colcon.colcon_core.package_identification:_identify(build) by extensions ['ignore', 'ignore_ament_install']
[0.163s] Level 1:colcon.colcon_core.package_identification:_identify(build) by extension 'ignore'
[0.163s] Level 1:colcon.colcon_core.package_identification:_identify(build) ignored
[0.163s] Level 1:colcon.colcon_core.package_identification:_identify(install) by extensions ['ignore', 'ignore_ament_install']
[0.163s] Level 1:colcon.colcon_core.package_identification:_identify(install) by extension 'ignore'
[0.163s] Level 1:colcon.colcon_core.package_identification:_identify(install) ignored
[0.163s] Level 1:colcon.colcon_core.package_identification:_identify(log) by extensions ['ignore', 'ignore_ament_install']
[0.163s] Level 1:colcon.colcon_core.package_identification:_identify(log) by extension 'ignore'
[0.163s] Level 1:colcon.colcon_core.package_identification:_identify(log) ignored
[0.163s] Level 1:colcon.colcon_core.package_identification:_identify(src) by extensions ['ignore', 'ignore_ament_install']
[0.163s] Level 1:colcon.colcon_core.package_identification:_identify(src) by extension 'ignore'
[0.163s] Level 1:colcon.colcon_core.package_identification:_identify(src) by extension 'ignore_ament_install'
[0.163s] Level 1:colcon.colcon_core.package_identification:_identify(src) by extensions ['colcon_pkg']
[0.163s] Level 1:colcon.colcon_core.package_identification:_identify(src) by extension 'colcon_pkg'
[0.163s] Level 1:colcon.colcon_core.package_identification:_identify(src) by extensions ['colcon_meta']
[0.163s] Level 1:colcon.colcon_core.package_identification:_identify(src) by extension 'colcon_meta'
[0.163s] Level 1:colcon.colcon_core.package_identification:_identify(src) by extensions ['ros']
[0.163s] Level 1:colcon.colcon_core.package_identification:_identify(src) by extension 'ros'
[0.163s] Level 1:colcon.colcon_core.package_identification:_identify(src) by extensions ['cmake', 'python']
[0.163s] Level 1:colcon.colcon_core.package_identification:_identify(src) by extension 'cmake'
[0.163s] Level 1:colcon.colcon_core.package_identification:_identify(src) by extension 'python'
[0.163s] Level 1:colcon.colcon_core.package_identification:_identify(src) by extensions ['python_setup_py']
[0.163s] Level 1:colcon.colcon_core.package_identification:_identify(src) by extension 'python_setup_py'
[0.164s] Level 1:colcon.colcon_core.package_identification:_identify(src/ika_behaviors) by extensions ['ignore', 'ignore_ament_install']
[0.164s] Level 1:colcon.colcon_core.package_identification:_identify(src/ika_behaviors) by extension 'ignore'
[0.164s] Level 1:colcon.colcon_core.package_identification:_identify(src/ika_behaviors) by extension 'ignore_ament_install'
[0.164s] Level 1:colcon.colcon_core.package_identification:_identify(src/ika_behaviors) by extensions ['colcon_pkg']
[0.164s] Level 1:colcon.colcon_core.package_identification:_identify(src/ika_behaviors) by extension 'colcon_pkg'
[0.164s] Level 1:colcon.colcon_core.package_identification:_identify(src/ika_behaviors) by extensions ['colcon_meta']
[0.164s] Level 1:colcon.colcon_core.package_identification:_identify(src/ika_behaviors) by extension 'colcon_meta'
[0.164s] Level 1:colcon.colcon_core.package_identification:_identify(src/ika_behaviors) by extensions ['ros']
[0.164s] Level 1:colcon.colcon_core.package_identification:_identify(src/ika_behaviors) by extension 'ros'
[0.165s] DEBUG:colcon.colcon_core.package_identification:Package 'src/ika_behaviors' with type 'ros.ament_python' and name 'ika_behaviors'
[0.165s] Level 1:colcon.colcon_core.package_identification:_identify(src/ika_bringup) by extensions ['ignore', 'ignore_ament_install']
[0.165s] Level 1:colcon.colcon_core.package_identification:_identify(src/ika_bringup) by extension 'ignore'
[0.165s] Level 1:colcon.colcon_core.package_identification:_identify(src/ika_bringup) by extension 'ignore_ament_install'
[0.165s] Level 1:colcon.colcon_core.package_identification:_identify(src/ika_bringup) by extensions ['colcon_pkg']
[0.165s] Level 1:colcon.colcon_core.package_identification:_identify(src/ika_bringup) by extension 'colcon_pkg'
[0.165s] Level 1:colcon.colcon_core.package_identification:_identify(src/ika_bringup) by extensions ['colcon_meta']
[0.165s] Level 1:colcon.colcon_core.package_identification:_identify(src/ika_bringup) by extension 'colcon_meta'
[0.165s] Level 1:colcon.colcon_core.package_identification:_identify(src/ika_bringup) by extensions ['ros']
[0.165s] Level 1:colcon.colcon_core.package_identification:_identify(src/ika_bringup) by extension 'ros'
[0.165s] DEBUG:colcon.colcon_core.package_identification:Package 'src/ika_bringup' with type 'ros.ament_cmake' and name 'ika_bringup'
[0.165s] Level 1:colcon.colcon_core.package_identification:_identify(src/ika_control) by extensions ['ignore', 'ignore_ament_install']
[0.165s] Level 1:colcon.colcon_core.package_identification:_identify(src/ika_control) by extension 'ignore'
[0.165s] Level 1:colcon.colcon_core.package_identification:_identify(src/ika_control) by extension 'ignore_ament_install'
[0.165s] Level 1:colcon.colcon_core.package_identification:_identify(src/ika_control) by extensions ['colcon_pkg']
[0.165s] Level 1:colcon.colcon_core.package_identification:_identify(src/ika_control) by extension 'colcon_pkg'
[0.165s] Level 1:colcon.colcon_core.package_identification:_identify(src/ika_control) by extensions ['colcon_meta']
[0.165s] Level 1:colcon.colcon_core.package_identification:_identify(src/ika_control) by extension 'colcon_meta'
[0.165s] Level 1:colcon.colcon_core.package_identification:_identify(src/ika_control) by extensions ['ros']
[0.165s] Level 1:colcon.colcon_core.package_identification:_identify(src/ika_control) by extension 'ros'
[0.166s] DEBUG:colcon.colcon_core.package_identification:Package 'src/ika_control' with type 'ros.ament_python' and name 'ika_control'
[0.166s] Level 1:colcon.colcon_core.package_identification:_identify(src/ika_data_logger) by extensions ['ignore', 'ignore_ament_install']
[0.166s] Level 1:colcon.colcon_core.package_identification:_identify(src/ika_data_logger) by extension 'ignore'
[0.166s] Level 1:colcon.colcon_core.package_identification:_identify(src/ika_data_logger) by extension 'ignore_ament_install'
[0.166s] Level 1:colcon.colcon_core.package_identification:_identify(src/ika_data_logger) by extensions ['colcon_pkg']
[0.166s] Level 1:colcon.colcon_core.package_identification:_identify(src/ika_data_logger) by extension 'colcon_pkg'
[0.166s] Level 1:colcon.colcon_core.package_identification:_identify(src/ika_data_logger) by extensions ['colcon_meta']
[0.166s] Level 1:colcon.colcon_core.package_identification:_identify(src/ika_data_logger) by extension 'colcon_meta'
[0.166s] Level 1:colcon.colcon_core.package_identification:_identify(src/ika_data_logger) by extensions ['ros']
[0.166s] Level 1:colcon.colcon_core.package_identification:_identify(src/ika_data_logger) by extension 'ros'
[0.166s] DEBUG:colcon.colcon_core.package_identification:Package 'src/ika_data_logger' with type 'ros.ament_python' and name 'ika_data_logger'
[0.166s] Level 1:colcon.colcon_core.package_identification:_identify(src/ika_description) by extensions ['ignore', 'ignore_ament_install']
[0.166s] Level 1:colcon.colcon_core.package_identification:_identify(src/ika_description) by extension 'ignore'
[0.166s] Level 1:colcon.colcon_core.package_identification:_identify(src/ika_description) by extension 'ignore_ament_install'
[0.166s] Level 1:colcon.colcon_core.package_identification:_identify(src/ika_description) by extensions ['colcon_pkg']
[0.166s] Level 1:colcon.colcon_core.package_identification:_identify(src/ika_description) by extension 'colcon_pkg'
[0.166s] Level 1:colcon.colcon_core.package_identification:_identify(src/ika_description) by extensions ['colcon_meta']
[0.166s] Level 1:colcon.colcon_core.package_identification:_identify(src/ika_description) by extension 'colcon_meta'
[0.166s] Level 1:colcon.colcon_core.package_identification:_identify(src/ika_description) by extensions ['ros']
[0.166s] Level 1:colcon.colcon_core.package_identification:_identify(src/ika_description) by extension 'ros'
[0.167s] DEBUG:colcon.colcon_core.package_identification:Package 'src/ika_description' with type 'ros.ament_cmake' and name 'ika_description'
[0.167s] Level 1:colcon.colcon_core.package_identification:_identify(src/ika_gazebo) by extensions ['ignore', 'ignore_ament_install']
[0.167s] Level 1:colcon.colcon_core.package_identification:_identify(src/ika_gazebo) by extension 'ignore'
[0.167s] Level 1:colcon.colcon_core.package_identification:_identify(src/ika_gazebo) by extension 'ignore_ament_install'
[0.167s] Level 1:colcon.colcon_core.package_identification:_identify(src/ika_gazebo) by extensions ['colcon_pkg']
[0.167s] Level 1:colcon.colcon_core.package_identification:_identify(src/ika_gazebo) by extension 'colcon_pkg'
[0.167s] Level 1:colcon.colcon_core.package_identification:_identify(src/ika_gazebo) by extensions ['colcon_meta']
[0.167s] Level 1:colcon.colcon_core.package_identification:_identify(src/ika_gazebo) by extension 'colcon_meta'
[0.167s] Level 1:colcon.colcon_core.package_identification:_identify(src/ika_gazebo) by extensions ['ros']
[0.167s] Level 1:colcon.colcon_core.package_identification:_identify(src/ika_gazebo) by extension 'ros'
[0.167s] DEBUG:colcon.colcon_core.package_identification:Package 'src/ika_gazebo' with type 'ros.ament_cmake' and name 'ika_gazebo'
[0.167s] Level 1:colcon.colcon_core.package_identification:_identify(src/ika_hardware) by extensions ['ignore', 'ignore_ament_install']
[0.167s] Level 1:colcon.colcon_core.package_identification:_identify(src/ika_hardware) by extension 'ignore'
[0.167s] Level 1:colcon.colcon_core.package_identification:_identify(src/ika_hardware) by extension 'ignore_ament_install'
[0.167s] Level 1:colcon.colcon_core.package_identification:_identify(src/ika_hardware) by extensions ['colcon_pkg']
[0.167s] Level 1:colcon.colcon_core.package_identification:_identify(src/ika_hardware) by extension 'colcon_pkg'
[0.167s] Level 1:colcon.colcon_core.package_identification:_identify(src/ika_hardware) by extensions ['colcon_meta']
[0.167s] Level 1:colcon.colcon_core.package_identification:_identify(src/ika_hardware) by extension 'colcon_meta'
[0.167s] Level 1:colcon.colcon_core.package_identification:_identify(src/ika_hardware) by extensions ['ros']
[0.167s] Level 1:colcon.colcon_core.package_identification:_identify(src/ika_hardware) by extension 'ros'
[0.168s] DEBUG:colcon.colcon_core.package_identification:Package 'src/ika_hardware' with type 'ros.ament_python' and name 'ika_hardware'
[0.168s] Level 1:colcon.colcon_core.package_identification:_identify(src/ika_localization) by extensions ['ignore', 'ignore_ament_install']
[0.168s] Level 1:colcon.colcon_core.package_identification:_identify(src/ika_localization) by extension 'ignore'
[0.168s] Level 1:colcon.colcon_core.package_identification:_identify(src/ika_localization) by extension 'ignore_ament_install'
[0.168s] Level 1:colcon.colcon_core.package_identification:_identify(src/ika_localization) by extensions ['colcon_pkg']
[0.168s] Level 1:colcon.colcon_core.package_identification:_identify(src/ika_localization) by extension 'colcon_pkg'
[0.168s] Level 1:colcon.colcon_core.package_identification:_identify(src/ika_localization) by extensions ['colcon_meta']
[0.168s] Level 1:colcon.colcon_core.package_identification:_identify(src/ika_localization) by extension 'colcon_meta'
[0.168s] Level 1:colcon.colcon_core.package_identification:_identify(src/ika_localization) by extensions ['ros']
[0.168s] Level 1:colcon.colcon_core.package_identification:_identify(src/ika_localization) by extension 'ros'
[0.168s] DEBUG:colcon.colcon_core.package_identification:Package 'src/ika_localization' with type 'ros.ament_python' and name 'ika_localization'
[0.168s] Level 1:colcon.colcon_core.package_identification:_identify(src/ika_mission_manager) by extensions ['ignore', 'ignore_ament_install']
[0.168s] Level 1:colcon.colcon_core.package_identification:_identify(src/ika_mission_manager) by extension 'ignore'
[0.168s] Level 1:colcon.colcon_core.package_identification:_identify(src/ika_mission_manager) by extension 'ignore_ament_install'
[0.168s] Level 1:colcon.colcon_core.package_identification:_identify(src/ika_mission_manager) by extensions ['colcon_pkg']
[0.168s] Level 1:colcon.colcon_core.package_identification:_identify(src/ika_mission_manager) by extension 'colcon_pkg'
[0.168s] Level 1:colcon.colcon_core.package_identification:_identify(src/ika_mission_manager) by extensions ['colcon_meta']
[0.168s] Level 1:colcon.colcon_core.package_identification:_identify(src/ika_mission_manager) by extension 'colcon_meta'
[0.168s] Level 1:colcon.colcon_core.package_identification:_identify(src/ika_mission_manager) by extensions ['ros']
[0.168s] Level 1:colcon.colcon_core.package_identification:_identify(src/ika_mission_manager) by extension 'ros'
[0.168s] DEBUG:colcon.colcon_core.package_identification:Package 'src/ika_mission_manager' with type 'ros.ament_python' and name 'ika_mission_manager'
[0.168s] Level 1:colcon.colcon_core.package_identification:_identify(src/ika_msgs) by extensions ['ignore', 'ignore_ament_install']
[0.168s] Level 1:colcon.colcon_core.package_identification:_identify(src/ika_msgs) by extension 'ignore'
[0.169s] Level 1:colcon.colcon_core.package_identification:_identify(src/ika_msgs) by extension 'ignore_ament_install'
[0.169s] Level 1:colcon.colcon_core.package_identification:_identify(src/ika_msgs) by extensions ['colcon_pkg']
[0.169s] Level 1:colcon.colcon_core.package_identification:_identify(src/ika_msgs) by extension 'colcon_pkg'
[0.169s] Level 1:colcon.colcon_core.package_identification:_identify(src/ika_msgs) by extensions ['colcon_meta']
[0.169s] Level 1:colcon.colcon_core.package_identification:_identify(src/ika_msgs) by extension 'colcon_meta'
[0.169s] Level 1:colcon.colcon_core.package_identification:_identify(src/ika_msgs) by extensions ['ros']
[0.169s] Level 1:colcon.colcon_core.package_identification:_identify(src/ika_msgs) by extension 'ros'
[0.169s] DEBUG:colcon.colcon_core.package_identification:Package 'src/ika_msgs' with type 'ros.ament_cmake' and name 'ika_msgs'
[0.169s] Level 1:colcon.colcon_core.package_identification:_identify(src/ika_navigation) by extensions ['ignore', 'ignore_ament_install']
[0.169s] Level 1:colcon.colcon_core.package_identification:_identify(src/ika_navigation) by extension 'ignore'
[0.169s] Level 1:colcon.colcon_core.package_identification:_identify(src/ika_navigation) by extension 'ignore_ament_install'
[0.169s] Level 1:colcon.colcon_core.package_identification:_identify(src/ika_navigation) by extensions ['colcon_pkg']
[0.169s] Level 1:colcon.colcon_core.package_identification:_identify(src/ika_navigation) by extension 'colcon_pkg'
[0.169s] Level 1:colcon.colcon_core.package_identification:_identify(src/ika_navigation) by extensions ['colcon_meta']
[0.169s] Level 1:colcon.colcon_core.package_identification:_identify(src/ika_navigation) by extension 'colcon_meta'
[0.169s] Level 1:colcon.colcon_core.package_identification:_identify(src/ika_navigation) by extensions ['ros']
[0.169s] Level 1:colcon.colcon_core.package_identification:_identify(src/ika_navigation) by extension 'ros'
[0.169s] DEBUG:colcon.colcon_core.package_identification:Package 'src/ika_navigation' with type 'ros.ament_python' and name 'ika_navigation'
[0.169s] Level 1:colcon.colcon_core.package_identification:_identify(src/ika_perception) by extensions ['ignore', 'ignore_ament_install']
[0.169s] Level 1:colcon.colcon_core.package_identification:_identify(src/ika_perception) by extension 'ignore'
[0.169s] Level 1:colcon.colcon_core.package_identification:_identify(src/ika_perception) by extension 'ignore_ament_install'
[0.169s] Level 1:colcon.colcon_core.package_identification:_identify(src/ika_perception) by extensions ['colcon_pkg']
[0.169s] Level 1:colcon.colcon_core.package_identification:_identify(src/ika_perception) by extension 'colcon_pkg'
[0.169s] Level 1:colcon.colcon_core.package_identification:_identify(src/ika_perception) by extensions ['colcon_meta']
[0.169s] Level 1:colcon.colcon_core.package_identification:_identify(src/ika_perception) by extension 'colcon_meta'
[0.170s] Level 1:colcon.colcon_core.package_identification:_identify(src/ika_perception) by extensions ['ros']
[0.170s] Level 1:colcon.colcon_core.package_identification:_identify(src/ika_perception) by extension 'ros'
[0.170s] DEBUG:colcon.colcon_core.package_identification:Package 'src/ika_perception' with type 'ros.ament_python' and name 'ika_perception'
[0.170s] Level 1:colcon.colcon_core.package_identification:_identify(src/ika_sensors) by extensions ['ignore', 'ignore_ament_install']
[0.170s] Level 1:colcon.colcon_core.package_identification:_identify(src/ika_sensors) by extension 'ignore'
[0.170s] Level 1:colcon.colcon_core.package_identification:_identify(src/ika_sensors) by extension 'ignore_ament_install'
[0.170s] Level 1:colcon.colcon_core.package_identification:_identify(src/ika_sensors) by extensions ['colcon_pkg']
[0.170s] Level 1:colcon.colcon_core.package_identification:_identify(src/ika_sensors) by extension 'colcon_pkg'
[0.170s] Level 1:colcon.colcon_core.package_identification:_identify(src/ika_sensors) by extensions ['colcon_meta']
[0.170s] Level 1:colcon.colcon_core.package_identification:_identify(src/ika_sensors) by extension 'colcon_meta'
[0.170s] Level 1:colcon.colcon_core.package_identification:_identify(src/ika_sensors) by extensions ['ros']
[0.170s] Level 1:colcon.colcon_core.package_identification:_identify(src/ika_sensors) by extension 'ros'
[0.170s] DEBUG:colcon.colcon_core.package_identification:Package 'src/ika_sensors' with type 'ros.ament_python' and name 'ika_sensors'
[0.170s] Level 1:colcon.colcon_core.package_identification:_identify(src/ika_targeting) by extensions ['ignore', 'ignore_ament_install']
[0.170s] Level 1:colcon.colcon_core.package_identification:_identify(src/ika_targeting) by extension 'ignore'
[0.170s] Level 1:colcon.colcon_core.package_identification:_identify(src/ika_targeting) by extension 'ignore_ament_install'
[0.170s] Level 1:colcon.colcon_core.package_identification:_identify(src/ika_targeting) by extensions ['colcon_pkg']
[0.170s] Level 1:colcon.colcon_core.package_identification:_identify(src/ika_targeting) by extension 'colcon_pkg'
[0.171s] Level 1:colcon.colcon_core.package_identification:_identify(src/ika_targeting) by extensions ['colcon_meta']
[0.171s] Level 1:colcon.colcon_core.package_identification:_identify(src/ika_targeting) by extension 'colcon_meta'
[0.171s] Level 1:colcon.colcon_core.package_identification:_identify(src/ika_targeting) by extensions ['ros']
[0.171s] Level 1:colcon.colcon_core.package_identification:_identify(src/ika_targeting) by extension 'ros'
[0.171s] DEBUG:colcon.colcon_core.package_identification:Package 'src/ika_targeting' with type 'ros.ament_python' and name 'ika_targeting'
[0.171s] Level 1:colcon.colcon_core.package_identification:_identify(src/ika_ui_bridge) by extensions ['ignore', 'ignore_ament_install']
[0.171s] Level 1:colcon.colcon_core.package_identification:_identify(src/ika_ui_bridge) by extension 'ignore'
[0.171s] Level 1:colcon.colcon_core.package_identification:_identify(src/ika_ui_bridge) by extension 'ignore_ament_install'
[0.171s] Level 1:colcon.colcon_core.package_identification:_identify(src/ika_ui_bridge) by extensions ['colcon_pkg']
[0.171s] Level 1:colcon.colcon_core.package_identification:_identify(src/ika_ui_bridge) by extension 'colcon_pkg'
[0.171s] Level 1:colcon.colcon_core.package_identification:_identify(src/ika_ui_bridge) by extensions ['colcon_meta']
[0.171s] Level 1:colcon.colcon_core.package_identification:_identify(src/ika_ui_bridge) by extension 'colcon_meta'
[0.171s] Level 1:colcon.colcon_core.package_identification:_identify(src/ika_ui_bridge) by extensions ['ros']
[0.171s] Level 1:colcon.colcon_core.package_identification:_identify(src/ika_ui_bridge) by extension 'ros'
[0.171s] DEBUG:colcon.colcon_core.package_identification:Package 'src/ika_ui_bridge' with type 'ros.ament_python' and name 'ika_ui_bridge'
[0.171s] Level 1:colcon.colcon_core.package_discovery:discover_packages(recursive) using defaults
[0.171s] Level 1:colcon.colcon_core.package_discovery:discover_packages(ignore) discover
[0.171s] Level 1:colcon.colcon_core.package_discovery:discover_packages(ignore) using defaults
[0.171s] Level 1:colcon.colcon_core.package_discovery:discover_packages(path) discover
[0.171s] Level 1:colcon.colcon_core.package_discovery:discover_packages(path) using defaults
[0.182s] INFO:colcon.colcon_core.package_selection:Skipping not selected package 'ika_behaviors' in 'src/ika_behaviors'
[0.182s] INFO:colcon.colcon_core.package_selection:Skipping not selected package 'ika_bringup' in 'src/ika_bringup'
[0.182s] INFO:colcon.colcon_core.package_selection:Skipping not selected package 'ika_control' in 'src/ika_control'
[0.182s] INFO:colcon.colcon_core.package_selection:Skipping not selected package 'ika_data_logger' in 'src/ika_data_logger'
[0.182s] INFO:colcon.colcon_core.package_selection:Skipping not selected package 'ika_gazebo' in 'src/ika_gazebo'
[0.182s] INFO:colcon.colcon_core.package_selection:Skipping not selected package 'ika_hardware' in 'src/ika_hardware'
[0.182s] INFO:colcon.colcon_core.package_selection:Skipping not selected package 'ika_localization' in 'src/ika_localization'
[0.182s] INFO:colcon.colcon_core.package_selection:Skipping not selected package 'ika_mission_manager' in 'src/ika_mission_manager'
[0.182s] INFO:colcon.colcon_core.package_selection:Skipping not selected package 'ika_msgs' in 'src/ika_msgs'
[0.182s] INFO:colcon.colcon_core.package_selection:Skipping not selected package 'ika_navigation' in 'src/ika_navigation'
[0.182s] INFO:colcon.colcon_core.package_selection:Skipping not selected package 'ika_perception' in 'src/ika_perception'
[0.182s] INFO:colcon.colcon_core.package_selection:Skipping not selected package 'ika_targeting' in 'src/ika_targeting'
[0.182s] INFO:colcon.colcon_core.package_selection:Skipping not selected package 'ika_ui_bridge' in 'src/ika_ui_bridge'
[0.182s] INFO:colcon.colcon_core.package_selection:Skipping not selected package 'ika_sensors' in 'src/ika_sensors'
[0.183s] Level 1:colcon.colcon_core.package_discovery:discover_packages(prefix_path) check parameters
[0.183s] Level 1:colcon.colcon_core.package_discovery:discover_packages(prefix_path) discover
[0.184s] DEBUG:colcon.colcon_installed_package_information.package_discovery:Found 3 installed packages in /home/sukru/ika_teknofest_aventra_ws/install
[0.184s] DEBUG:colcon.colcon_installed_package_information.package_discovery:Found 1 installed packages in /home/sukru/ai_autonomi_ws/install
[0.184s] DEBUG:colcon.colcon_installed_package_information.package_discovery:Found 1 installed packages in /home/sukru/Desktop/otonom_atis/install
[0.184s] DEBUG:colcon.colcon_installed_package_information.package_discovery:Found 2 installed packages in /home/sukru/dev_ws/install
[0.185s] DEBUG:colcon.colcon_installed_package_information.package_discovery:Found 8 installed packages in /home/sukru/ros_ws_vacuum_bot/install
[0.185s] DEBUG:colcon.colcon_installed_package_information.package_discovery:Found 1 installed packages in /home/sukru/ros_ws_demo/install
[0.186s] DEBUG:colcon.colcon_installed_package_information.package_discovery:Found 372 installed packages in /opt/ros/humble
[0.187s] Level 1:colcon.colcon_core.package_discovery:discover_packages(prefix_path) using defaults
[0.211s] Level 5:colcon.colcon_core.verb:set package 'ika_description' build argument 'cmake_args' from command line to 'None'
[0.211s] Level 5:colcon.colcon_core.verb:set package 'ika_description' build argument 'cmake_target' from command line to 'None'
[0.211s] Level 5:colcon.colcon_core.verb:set package 'ika_description' build argument 'cmake_target_skip_unavailable' from command line to 'False'
[0.211s] Level 5:colcon.colcon_core.verb:set package 'ika_description' build argument 'cmake_clean_cache' from command line to 'False'
[0.211s] Level 5:colcon.colcon_core.verb:set package 'ika_description' build argument 'cmake_clean_first' from command line to 'False'
[0.211s] Level 5:colcon.colcon_core.verb:set package 'ika_description' build argument 'cmake_force_configure' from command line to 'False'
[0.211s] Level 5:colcon.colcon_core.verb:set package 'ika_description' build argument 'ament_cmake_args' from command line to 'None'
[0.211s] Level 5:colcon.colcon_core.verb:set package 'ika_description' build argument 'catkin_cmake_args' from command line to 'None'
[0.211s] Level 5:colcon.colcon_core.verb:set package 'ika_description' build argument 'catkin_skip_building_tests' from command line to 'False'
[0.211s] DEBUG:colcon.colcon_core.verb:Building package 'ika_description' with the following arguments: {'ament_cmake_args': None, 'build_base': '/home/sukru/ika_teknofest_aventra_ws/build/ika_description', 'catkin_cmake_args': None, 'catkin_skip_building_tests': False, 'cmake_args': None, 'cmake_clean_cache': False, 'cmake_clean_first': False, 'cmake_force_configure': False, 'cmake_target': None, 'cmake_target_skip_unavailable': False, 'install_base': '/home/sukru/ika_teknofest_aventra_ws/install/ika_description', 'merge_install': False, 'path': '/home/sukru/ika_teknofest_aventra_ws/src/ika_description', 'symlink_install': False, 'test_result_base': None}
[0.211s] INFO:colcon.colcon_core.executor:Executing jobs using 'parallel' executor
[0.211s] DEBUG:colcon.colcon_parallel_executor.executor.parallel:run_until_complete
[0.211s] INFO:colcon.colcon_ros.task.ament_cmake.build:Building ROS package in '/home/sukru/ika_teknofest_aventra_ws/src/ika_description' with build type 'ament_cmake'
[0.211s] INFO:colcon.colcon_cmake.task.cmake.build:Building CMake package in '/home/sukru/ika_teknofest_aventra_ws/src/ika_description'
[0.213s] INFO:colcon.colcon_core.plugin_system:Skipping extension 'colcon_core.shell.bat': Not used on non-Windows systems
[0.213s] INFO:colcon.colcon_core.shell:Skip shell extension 'powershell' for command environment: Not usable outside of PowerShell
[0.213s] DEBUG:colcon.colcon_core.shell:Skip shell extension 'dsv' for command environment
[0.220s] DEBUG:colcon.colcon_core.event_handler.log_command:Invoking command in '/home/sukru/ika_teknofest_aventra_ws/build/ika_description': CMAKE_PREFIX_PATH=${CMAKE_PREFIX_PATH}:/home/sukru/ika_teknofest_aventra_ws/install/ika_sensors:/home/sukru/ai_autonomi_ws/install/ika_autonomi:/home/sukru/Desktop/otonom_atis/install/python_pkg:/home/sukru/ros_ws_vacuum_bot/install/vacuum_teleop:/home/sukru/ros_ws_vacuum_bot/install/vacuum_sensors:/home/sukru/ros_ws_vacuum_bot/install/vacuum_navigation:/home/sukru/ros_ws_vacuum_bot/install/vacuum_msgs:/home/sukru/ros_ws_vacuum_bot/install/vacuum_mapping:/home/sukru/ros_ws_vacuum_bot/install/vacuum_description:/home/sukru/ros_ws_vacuum_bot/install/vacuum_control:/home/sukru/ros_ws_vacuum_bot/install/vacuum_bringup:/home/sukru/ros_ws_demo/install/python_pkg:/opt/ros/humble /usr/bin/cmake --build /home/sukru/ika_teknofest_aventra_ws/build/ika_description -- -j12 -l12
[0.371s] DEBUG:colcon.colcon_core.event_handler.log_command:Invoked command in '/home/sukru/ika_teknofest_aventra_ws/build/ika_description' returned '0': CMAKE_PREFIX_PATH=${CMAKE_PREFIX_PATH}:/home/sukru/ika_teknofest_aventra_ws/install/ika_sensors:/home/sukru/ai_autonomi_ws/install/ika_autonomi:/home/sukru/Desktop/otonom_atis/install/python_pkg:/home/sukru/ros_ws_vacuum_bot/install/vacuum_teleop:/home/sukru/ros_ws_vacuum_bot/install/vacuum_sensors:/home/sukru/ros_ws_vacuum_bot/install/vacuum_navigation:/home/sukru/ros_ws_vacuum_bot/install/vacuum_msgs:/home/sukru/ros_ws_vacuum_bot/install/vacuum_mapping:/home/sukru/ros_ws_vacuum_bot/install/vacuum_description:/home/sukru/ros_ws_vacuum_bot/install/vacuum_control:/home/sukru/ros_ws_vacuum_bot/install/vacuum_bringup:/home/sukru/ros_ws_demo/install/python_pkg:/opt/ros/humble /usr/bin/cmake --build /home/sukru/ika_teknofest_aventra_ws/build/ika_description -- -j12 -l12
[0.378s] DEBUG:colcon.colcon_core.event_handler.log_command:Invoking command in '/home/sukru/ika_teknofest_aventra_ws/build/ika_description': CMAKE_PREFIX_PATH=${CMAKE_PREFIX_PATH}:/home/sukru/ika_teknofest_aventra_ws/install/ika_sensors:/home/sukru/ai_autonomi_ws/install/ika_autonomi:/home/sukru/Desktop/otonom_atis/install/python_pkg:/home/sukru/ros_ws_vacuum_bot/install/vacuum_teleop:/home/sukru/ros_ws_vacuum_bot/install/vacuum_sensors:/home/sukru/ros_ws_vacuum_bot/install/vacuum_navigation:/home/sukru/ros_ws_vacuum_bot/install/vacuum_msgs:/home/sukru/ros_ws_vacuum_bot/install/vacuum_mapping:/home/sukru/ros_ws_vacuum_bot/install/vacuum_description:/home/sukru/ros_ws_vacuum_bot/install/vacuum_control:/home/sukru/ros_ws_vacuum_bot/install/vacuum_bringup:/home/sukru/ros_ws_demo/install/python_pkg:/opt/ros/humble /usr/bin/cmake --install /home/sukru/ika_teknofest_aventra_ws/build/ika_description
[0.385s] Level 1:colcon.colcon_core.environment:create_environment_scripts_only(ika_description)
[0.386s] DEBUG:colcon.colcon_core.event_handler.log_command:Invoked command in '/home/sukru/ika_teknofest_aventra_ws/build/ika_description' returned '0': CMAKE_PREFIX_PATH=${CMAKE_PREFIX_PATH}:/home/sukru/ika_teknofest_aventra_ws/install/ika_sensors:/home/sukru/ai_autonomi_ws/install/ika_autonomi:/home/sukru/Desktop/otonom_atis/install/python_pkg:/home/sukru/ros_ws_vacuum_bot/install/vacuum_teleop:/home/sukru/ros_ws_vacuum_bot/install/vacuum_sensors:/home/sukru/ros_ws_vacuum_bot/install/vacuum_navigation:/home/sukru/ros_ws_vacuum_bot/install/vacuum_msgs:/home/sukru/ros_ws_vacuum_bot/install/vacuum_mapping:/home/sukru/ros_ws_vacuum_bot/install/vacuum_description:/home/sukru/ros_ws_vacuum_bot/install/vacuum_control:/home/sukru/ros_ws_vacuum_bot/install/vacuum_bringup:/home/sukru/ros_ws_demo/install/python_pkg:/opt/ros/humble /usr/bin/cmake --install /home/sukru/ika_teknofest_aventra_ws/build/ika_description
[0.387s] Level 1:colcon.colcon_core.environment:checking '/home/sukru/ika_teknofest_aventra_ws/install/ika_description' for CMake module files
[0.387s] Level 1:colcon.colcon_core.environment:checking '/home/sukru/ika_teknofest_aventra_ws/install/ika_description' for CMake config files
[0.388s] Level 1:colcon.colcon_core.shell:create_environment_hook('ika_description', 'cmake_prefix_path')
[0.388s] INFO:colcon.colcon_core.shell:Creating environment hook '/home/sukru/ika_teknofest_aventra_ws/install/ika_description/share/ika_description/hook/cmake_prefix_path.ps1'
[0.388s] INFO:colcon.colcon_core.shell:Creating environment descriptor '/home/sukru/ika_teknofest_aventra_ws/install/ika_description/share/ika_description/hook/cmake_prefix_path.dsv'
[0.388s] INFO:colcon.colcon_core.shell:Creating environment hook '/home/sukru/ika_teknofest_aventra_ws/install/ika_description/share/ika_description/hook/cmake_prefix_path.sh'
[0.389s] Level 1:colcon.colcon_core.environment:checking '/home/sukru/ika_teknofest_aventra_ws/install/ika_description/bin'
[0.389s] Level 1:colcon.colcon_core.environment:checking '/home/sukru/ika_teknofest_aventra_ws/install/ika_description/lib/pkgconfig/ika_description.pc'
[0.389s] Level 1:colcon.colcon_core.environment:checking '/home/sukru/ika_teknofest_aventra_ws/install/ika_description/lib/python3.10/site-packages'
[0.389s] Level 1:colcon.colcon_core.environment:checking '/home/sukru/ika_teknofest_aventra_ws/install/ika_description/bin'
[0.389s] INFO:colcon.colcon_core.shell:Creating package script '/home/sukru/ika_teknofest_aventra_ws/install/ika_description/share/ika_description/package.ps1'
[0.390s] INFO:colcon.colcon_core.shell:Creating package descriptor '/home/sukru/ika_teknofest_aventra_ws/install/ika_description/share/ika_description/package.dsv'
[0.390s] INFO:colcon.colcon_core.shell:Creating package script '/home/sukru/ika_teknofest_aventra_ws/install/ika_description/share/ika_description/package.sh'
[0.390s] INFO:colcon.colcon_core.shell:Creating package script '/home/sukru/ika_teknofest_aventra_ws/install/ika_description/share/ika_description/package.bash'
[0.390s] INFO:colcon.colcon_core.shell:Creating package script '/home/sukru/ika_teknofest_aventra_ws/install/ika_description/share/ika_description/package.zsh'
[0.391s] Level 1:colcon.colcon_core.environment:create_file_with_runtime_dependencies(/home/sukru/ika_teknofest_aventra_ws/install/ika_description/share/colcon-core/packages/ika_description)
[0.391s] Level 1:colcon.colcon_core.environment:create_environment_scripts_only(ika_description)
[0.391s] Level 1:colcon.colcon_core.environment:checking '/home/sukru/ika_teknofest_aventra_ws/install/ika_description' for CMake module files
[0.391s] Level 1:colcon.colcon_core.environment:checking '/home/sukru/ika_teknofest_aventra_ws/install/ika_description' for CMake config files
[0.391s] Level 1:colcon.colcon_core.shell:create_environment_hook('ika_description', 'cmake_prefix_path')
[0.392s] INFO:colcon.colcon_core.shell:Creating environment hook '/home/sukru/ika_teknofest_aventra_ws/install/ika_description/share/ika_description/hook/cmake_prefix_path.ps1'
[0.392s] INFO:colcon.colcon_core.shell:Creating environment descriptor '/home/sukru/ika_teknofest_aventra_ws/install/ika_description/share/ika_description/hook/cmake_prefix_path.dsv'
[0.392s] INFO:colcon.colcon_core.shell:Creating environment hook '/home/sukru/ika_teknofest_aventra_ws/install/ika_description/share/ika_description/hook/cmake_prefix_path.sh'
[0.392s] Level 1:colcon.colcon_core.environment:checking '/home/sukru/ika_teknofest_aventra_ws/install/ika_description/bin'
[0.392s] Level 1:colcon.colcon_core.environment:checking '/home/sukru/ika_teknofest_aventra_ws/install/ika_description/lib/pkgconfig/ika_description.pc'
[0.392s] Level 1:colcon.colcon_core.environment:checking '/home/sukru/ika_teknofest_aventra_ws/install/ika_description/lib/python3.10/site-packages'
[0.392s] Level 1:colcon.colcon_core.environment:checking '/home/sukru/ika_teknofest_aventra_ws/install/ika_description/bin'
[0.393s] INFO:colcon.colcon_core.shell:Creating package script '/home/sukru/ika_teknofest_aventra_ws/install/ika_description/share/ika_description/package.ps1'
[0.393s] INFO:colcon.colcon_core.shell:Creating package descriptor '/home/sukru/ika_teknofest_aventra_ws/install/ika_description/share/ika_description/package.dsv'
[0.393s] INFO:colcon.colcon_core.shell:Creating package script '/home/sukru/ika_teknofest_aventra_ws/install/ika_description/share/ika_description/package.sh'
[0.393s] INFO:colcon.colcon_core.shell:Creating package script '/home/sukru/ika_teknofest_aventra_ws/install/ika_description/share/ika_description/package.bash'
[0.393s] INFO:colcon.colcon_core.shell:Creating package script '/home/sukru/ika_teknofest_aventra_ws/install/ika_description/share/ika_description/package.zsh'
[0.394s] Level 1:colcon.colcon_core.environment:create_file_with_runtime_dependencies(/home/sukru/ika_teknofest_aventra_ws/install/ika_description/share/colcon-core/packages/ika_description)
[0.394s] DEBUG:colcon.colcon_parallel_executor.executor.parallel:closing loop
[0.394s] DEBUG:colcon.colcon_parallel_executor.executor.parallel:loop closed
[0.394s] DEBUG:colcon.colcon_parallel_executor.executor.parallel:run_until_complete finished with '0'
[0.394s] DEBUG:colcon.colcon_core.event_reactor:joining thread
[0.397s] INFO:colcon.colcon_core.plugin_system:Skipping extension 'colcon_notification.desktop_notification.terminal_notifier': Not used on non-Darwin systems
[0.397s] INFO:colcon.colcon_core.plugin_system:Skipping extension 'colcon_notification.desktop_notification.win32': Not used on non-Windows systems
[0.397s] INFO:colcon.colcon_notification.desktop_notification:Sending desktop notification using 'notify2'
[0.403s] DEBUG:colcon.colcon_core.event_reactor:joined thread
[0.404s] INFO:colcon.colcon_core.shell:Creating prefix script '/home/sukru/ika_teknofest_aventra_ws/install/local_setup.ps1'
[0.404s] INFO:colcon.colcon_core.shell:Creating prefix util module '/home/sukru/ika_teknofest_aventra_ws/install/_local_setup_util_ps1.py'
[0.405s] INFO:colcon.colcon_core.shell:Creating prefix chain script '/home/sukru/ika_teknofest_aventra_ws/install/setup.ps1'
[0.407s] INFO:colcon.colcon_core.shell:Creating prefix script '/home/sukru/ika_teknofest_aventra_ws/install/local_setup.sh'
[0.407s] INFO:colcon.colcon_core.shell:Creating prefix util module '/home/sukru/ika_teknofest_aventra_ws/install/_local_setup_util_sh.py'
[0.407s] INFO:colcon.colcon_core.shell:Creating prefix chain script '/home/sukru/ika_teknofest_aventra_ws/install/setup.sh'
[0.409s] INFO:colcon.colcon_core.shell:Creating prefix script '/home/sukru/ika_teknofest_aventra_ws/install/local_setup.bash'
[0.409s] INFO:colcon.colcon_core.shell:Creating prefix chain script '/home/sukru/ika_teknofest_aventra_ws/install/setup.bash'
[0.410s] INFO:colcon.colcon_core.shell:Creating prefix script '/home/sukru/ika_teknofest_aventra_ws/install/local_setup.zsh'
[0.410s] INFO:colcon.colcon_core.shell:Creating prefix chain script '/home/sukru/ika_teknofest_aventra_ws/install/setup.zsh'
