[2.056s] Invoking command in '/home/sukru/ika_teknofest_aventra_ws/src/ika_behaviors': PYTHONPATH=/home/sukru/ika_teknofest_aventra_ws/build/ika_behaviors/prefix_override:/usr/lib/python3/dist-packages/colcon_core/task/python/colcon_distutils_commands:/home/sukru/ika_teknofest_aventra_ws/install/ika_behaviors/lib/python3.10/site-packages:${PYTHONPATH} /usr/bin/python3 -W ignore:setup.py install is deprecated -W ignore:easy_install command is deprecated setup.py egg_info --egg-base ../../build/ika_behaviors build --build-base /home/sukru/ika_teknofest_aventra_ws/build/ika_behaviors/build install --record /home/sukru/ika_teknofest_aventra_ws/build/ika_behaviors/install.log --single-version-externally-managed install_data
[2.336s] running egg_info
[2.336s] creating ../../build/ika_behaviors/ika_behaviors.egg-info
[2.336s] writing ../../build/ika_behaviors/ika_behaviors.egg-info/PKG-INFO
[2.336s] writing dependency_links to ../../build/ika_behaviors/ika_behaviors.egg-info/dependency_links.txt
[2.336s] writing entry points to ../../build/ika_behaviors/ika_behaviors.egg-info/entry_points.txt
[2.336s] writing requirements to ../../build/ika_behaviors/ika_behaviors.egg-info/requires.txt
[2.336s] writing top-level names to ../../build/ika_behaviors/ika_behaviors.egg-info/top_level.txt
[2.336s] writing manifest file '../../build/ika_behaviors/ika_behaviors.egg-info/SOURCES.txt'
[2.336s] reading manifest file '../../build/ika_behaviors/ika_behaviors.egg-info/SOURCES.txt'
[2.336s] writing manifest file '../../build/ika_behaviors/ika_behaviors.egg-info/SOURCES.txt'
[2.336s] running build
[2.336s] running build_py
[2.336s] creating /home/sukru/ika_teknofest_aventra_ws/build/ika_behaviors/build
[2.336s] creating /home/sukru/ika_teknofest_aventra_ws/build/ika_behaviors/build/lib
[2.336s] creating /home/sukru/ika_teknofest_aventra_ws/build/ika_behaviors/build/lib/ika_behaviors
[2.336s] copying ika_behaviors/__init__.py -> /home/sukru/ika_teknofest_aventra_ws/build/ika_behaviors/build/lib/ika_behaviors
[2.336s] copying ika_behaviors/steep_hill_stop_node.py -> /home/sukru/ika_teknofest_aventra_ws/build/ika_behaviors/build/lib/ika_behaviors
[2.337s] running install
[2.337s] running install_lib
[2.337s] creating /home/sukru/ika_teknofest_aventra_ws/install/ika_behaviors/lib/python3.10/site-packages/ika_behaviors
[2.337s] copying /home/sukru/ika_teknofest_aventra_ws/build/ika_behaviors/build/lib/ika_behaviors/__init__.py -> /home/sukru/ika_teknofest_aventra_ws/install/ika_behaviors/lib/python3.10/site-packages/ika_behaviors
[2.337s] copying /home/sukru/ika_teknofest_aventra_ws/build/ika_behaviors/build/lib/ika_behaviors/steep_hill_stop_node.py -> /home/sukru/ika_teknofest_aventra_ws/install/ika_behaviors/lib/python3.10/site-packages/ika_behaviors
[2.337s] byte-compiling /home/sukru/ika_teknofest_aventra_ws/install/ika_behaviors/lib/python3.10/site-packages/ika_behaviors/__init__.py to __init__.cpython-310.pyc
[2.337s] byte-compiling /home/sukru/ika_teknofest_aventra_ws/install/ika_behaviors/lib/python3.10/site-packages/ika_behaviors/steep_hill_stop_node.py to steep_hill_stop_node.cpython-310.pyc
[2.337s] running install_data
[2.337s] creating /home/sukru/ika_teknofest_aventra_ws/install/ika_behaviors/share/ament_index
[2.337s] creating /home/sukru/ika_teknofest_aventra_ws/install/ika_behaviors/share/ament_index/resource_index
[2.337s] creating /home/sukru/ika_teknofest_aventra_ws/install/ika_behaviors/share/ament_index/resource_index/packages
[2.337s] copying resource/ika_behaviors -> /home/sukru/ika_teknofest_aventra_ws/install/ika_behaviors/share/ament_index/resource_index/packages
[2.337s] copying package.xml -> /home/sukru/ika_teknofest_aventra_ws/install/ika_behaviors/share/ika_behaviors
[2.337s] running install_egg_info
[2.337s] Copying ../../build/ika_behaviors/ika_behaviors.egg-info to /home/sukru/ika_teknofest_aventra_ws/install/ika_behaviors/lib/python3.10/site-packages/ika_behaviors-0.0.0-py3.10.egg-info
[2.337s] running install_scripts
[2.348s] writing list of installed files to '/home/sukru/ika_teknofest_aventra_ws/build/ika_behaviors/install.log'
[2.393s] Invoked command in '/home/sukru/ika_teknofest_aventra_ws/src/ika_behaviors' returned '0': PYTHONPATH=/home/sukru/ika_teknofest_aventra_ws/build/ika_behaviors/prefix_override:/usr/lib/python3/dist-packages/colcon_core/task/python/colcon_distutils_commands:/home/sukru/ika_teknofest_aventra_ws/install/ika_behaviors/lib/python3.10/site-packages:${PYTHONPATH} /usr/bin/python3 -W ignore:setup.py install is deprecated -W ignore:easy_install command is deprecated setup.py egg_info --egg-base ../../build/ika_behaviors build --build-base /home/sukru/ika_teknofest_aventra_ws/build/ika_behaviors/build install --record /home/sukru/ika_teknofest_aventra_ws/build/ika_behaviors/install.log --single-version-externally-managed install_data
