running egg_info
creating ../../build/ika_control/ika_control.egg-info
writing ../../build/ika_control/ika_control.egg-info/PKG-INFO
writing dependency_links to ../../build/ika_control/ika_control.egg-info/dependency_links.txt
writing entry points to ../../build/ika_control/ika_control.egg-info/entry_points.txt
writing requirements to ../../build/ika_control/ika_control.egg-info/requires.txt
writing top-level names to ../../build/ika_control/ika_control.egg-info/top_level.txt
writing manifest file '../../build/ika_control/ika_control.egg-info/SOURCES.txt'
reading manifest file '../../build/ika_control/ika_control.egg-info/SOURCES.txt'
writing manifest file '../../build/ika_control/ika_control.egg-info/SOURCES.txt'
running build
running build_py
creating /home/sukru/ika_teknofest_aventra_ws/build/ika_control/build
creating /home/sukru/ika_teknofest_aventra_ws/build/ika_control/build/lib
creating /home/sukru/ika_teknofest_aventra_ws/build/ika_control/build/lib/ika_control
copying ika_control/__init__.py -> /home/sukru/ika_teknofest_aventra_ws/build/ika_control/build/lib/ika_control
running install
running install_lib
creating /home/sukru/ika_teknofest_aventra_ws/install/ika_control/lib/python3.10/site-packages/ika_control
copying /home/sukru/ika_teknofest_aventra_ws/build/ika_control/build/lib/ika_control/__init__.py -> /home/sukru/ika_teknofest_aventra_ws/install/ika_control/lib/python3.10/site-packages/ika_control
byte-compiling /home/sukru/ika_teknofest_aventra_ws/install/ika_control/lib/python3.10/site-packages/ika_control/__init__.py to __init__.cpython-310.pyc
running install_data
creating /home/sukru/ika_teknofest_aventra_ws/install/ika_control/share/ament_index
creating /home/sukru/ika_teknofest_aventra_ws/install/ika_control/share/ament_index/resource_index
creating /home/sukru/ika_teknofest_aventra_ws/install/ika_control/share/ament_index/resource_index/packages
copying resource/ika_control -> /home/sukru/ika_teknofest_aventra_ws/install/ika_control/share/ament_index/resource_index/packages
copying package.xml -> /home/sukru/ika_teknofest_aventra_ws/install/ika_control/share/ika_control
creating /home/sukru/ika_teknofest_aventra_ws/install/ika_control/share/ika_control/launch
copying launch/spawn_controllers.launch.py -> /home/sukru/ika_teknofest_aventra_ws/install/ika_control/share/ika_control/launch
creating /home/sukru/ika_teknofest_aventra_ws/install/ika_control/share/ika_control/config
copying config/rover_controllers.yaml -> /home/sukru/ika_teknofest_aventra_ws/install/ika_control/share/ika_control/config
copying config/diff_controllers.yaml -> /home/sukru/ika_teknofest_aventra_ws/install/ika_control/share/ika_control/config
running install_egg_info
Copying ../../build/ika_control/ika_control.egg-info to /home/sukru/ika_teknofest_aventra_ws/install/ika_control/lib/python3.10/site-packages/ika_control-0.0.0-py3.10.egg-info
running install_scripts
writing list of installed files to '/home/sukru/ika_teknofest_aventra_ws/build/ika_control/install.log'
