[0.372s] Invoking command in '/home/sukru/ika_teknofest_aventra_ws/src/ika_control': PYTHONPATH=/home/sukru/ika_teknofest_aventra_ws/build/ika_control/prefix_override:/usr/lib/python3/dist-packages/colcon_core/task/python/colcon_distutils_commands:/home/sukru/ika_teknofest_aventra_ws/install/ika_control/lib/python3.10/site-packages:${PYTHONPATH} /usr/bin/python3 -W ignore:setup.py install is deprecated -W ignore:easy_install command is deprecated setup.py egg_info --egg-base ../../build/ika_control build --build-base /home/sukru/ika_teknofest_aventra_ws/build/ika_control/build install --record /home/sukru/ika_teknofest_aventra_ws/build/ika_control/install.log --single-version-externally-managed install_data
[0.514s] running egg_info
[0.514s] creating ../../build/ika_control/ika_control.egg-info
[0.514s] writing ../../build/ika_control/ika_control.egg-info/PKG-INFO
[0.514s] writing dependency_links to ../../build/ika_control/ika_control.egg-info/dependency_links.txt
[0.515s] writing entry points to ../../build/ika_control/ika_control.egg-info/entry_points.txt
[0.515s] writing requirements to ../../build/ika_control/ika_control.egg-info/requires.txt
[0.515s] writing top-level names to ../../build/ika_control/ika_control.egg-info/top_level.txt
[0.515s] writing manifest file '../../build/ika_control/ika_control.egg-info/SOURCES.txt'
[0.516s] reading manifest file '../../build/ika_control/ika_control.egg-info/SOURCES.txt'
[0.516s] writing manifest file '../../build/ika_control/ika_control.egg-info/SOURCES.txt'
[0.516s] running build
[0.516s] running build_py
[0.516s] creating /home/sukru/ika_teknofest_aventra_ws/build/ika_control/build
[0.516s] creating /home/sukru/ika_teknofest_aventra_ws/build/ika_control/build/lib
[0.516s] creating /home/sukru/ika_teknofest_aventra_ws/build/ika_control/build/lib/ika_control
[0.516s] copying ika_control/__init__.py -> /home/sukru/ika_teknofest_aventra_ws/build/ika_control/build/lib/ika_control
[0.516s] running install
[0.517s] running install_lib
[0.517s] creating /home/sukru/ika_teknofest_aventra_ws/install/ika_control/lib/python3.10/site-packages/ika_control
[0.517s] copying /home/sukru/ika_teknofest_aventra_ws/build/ika_control/build/lib/ika_control/__init__.py -> /home/sukru/ika_teknofest_aventra_ws/install/ika_control/lib/python3.10/site-packages/ika_control
[0.517s] byte-compiling /home/sukru/ika_teknofest_aventra_ws/install/ika_control/lib/python3.10/site-packages/ika_control/__init__.py to __init__.cpython-310.pyc
[0.517s] running install_data
[0.518s] creating /home/sukru/ika_teknofest_aventra_ws/install/ika_control/share/ament_index
[0.518s] creating /home/sukru/ika_teknofest_aventra_ws/install/ika_control/share/ament_index/resource_index
[0.518s] creating /home/sukru/ika_teknofest_aventra_ws/install/ika_control/share/ament_index/resource_index/packages
[0.518s] copying resource/ika_control -> /home/sukru/ika_teknofest_aventra_ws/install/ika_control/share/ament_index/resource_index/packages
[0.518s] copying package.xml -> /home/sukru/ika_teknofest_aventra_ws/install/ika_control/share/ika_control
[0.518s] creating /home/sukru/ika_teknofest_aventra_ws/install/ika_control/share/ika_control/launch
[0.518s] copying launch/spawn_controllers.launch.py -> /home/sukru/ika_teknofest_aventra_ws/install/ika_control/share/ika_control/launch
[0.518s] creating /home/sukru/ika_teknofest_aventra_ws/install/ika_control/share/ika_control/config
[0.518s] copying config/rover_controllers.yaml -> /home/sukru/ika_teknofest_aventra_ws/install/ika_control/share/ika_control/config
[0.518s] copying config/diff_controllers.yaml -> /home/sukru/ika_teknofest_aventra_ws/install/ika_control/share/ika_control/config
[0.518s] running install_egg_info
[0.519s] Copying ../../build/ika_control/ika_control.egg-info to /home/sukru/ika_teknofest_aventra_ws/install/ika_control/lib/python3.10/site-packages/ika_control-0.0.0-py3.10.egg-info
[0.520s] running install_scripts
[0.531s] writing list of installed files to '/home/sukru/ika_teknofest_aventra_ws/build/ika_control/install.log'
[0.547s] Invoked command in '/home/sukru/ika_teknofest_aventra_ws/src/ika_control' returned '0': PYTHONPATH=/home/sukru/ika_teknofest_aventra_ws/build/ika_control/prefix_override:/usr/lib/python3/dist-packages/colcon_core/task/python/colcon_distutils_commands:/home/sukru/ika_teknofest_aventra_ws/install/ika_control/lib/python3.10/site-packages:${PYTHONPATH} /usr/bin/python3 -W ignore:setup.py install is deprecated -W ignore:easy_install command is deprecated setup.py egg_info --egg-base ../../build/ika_control build --build-base /home/sukru/ika_teknofest_aventra_ws/build/ika_control/build install --record /home/sukru/ika_teknofest_aventra_ws/build/ika_control/install.log --single-version-externally-managed install_data
