running egg_info
creating ../../build/ika_mission_manager/ika_mission_manager.egg-info
writing ../../build/ika_mission_manager/ika_mission_manager.egg-info/PKG-INFO
writing dependency_links to ../../build/ika_mission_manager/ika_mission_manager.egg-info/dependency_links.txt
writing entry points to ../../build/ika_mission_manager/ika_mission_manager.egg-info/entry_points.txt
writing requirements to ../../build/ika_mission_manager/ika_mission_manager.egg-info/requires.txt
writing top-level names to ../../build/ika_mission_manager/ika_mission_manager.egg-info/top_level.txt
writing manifest file '../../build/ika_mission_manager/ika_mission_manager.egg-info/SOURCES.txt'
reading manifest file '../../build/ika_mission_manager/ika_mission_manager.egg-info/SOURCES.txt'
writing manifest file '../../build/ika_mission_manager/ika_mission_manager.egg-info/SOURCES.txt'
running build
running build_py
creating /home/sukru/ika_teknofest_aventra_ws/build/ika_mission_manager/build
creating /home/sukru/ika_teknofest_aventra_ws/build/ika_mission_manager/build/lib
creating /home/sukru/ika_teknofest_aventra_ws/build/ika_mission_manager/build/lib/ika_mission_manager
copying ika_mission_manager/__init__.py -> /home/sukru/ika_teknofest_aventra_ws/build/ika_mission_manager/build/lib/ika_mission_manager
running install
running install_lib
creating /home/sukru/ika_teknofest_aventra_ws/install/ika_mission_manager/lib/python3.10/site-packages/ika_mission_manager
copying /home/sukru/ika_teknofest_aventra_ws/build/ika_mission_manager/build/lib/ika_mission_manager/__init__.py -> /home/sukru/ika_teknofest_aventra_ws/install/ika_mission_manager/lib/python3.10/site-packages/ika_mission_manager
byte-compiling /home/sukru/ika_teknofest_aventra_ws/install/ika_mission_manager/lib/python3.10/site-packages/ika_mission_manager/__init__.py to __init__.cpython-310.pyc
running install_data
creating /home/sukru/ika_teknofest_aventra_ws/install/ika_mission_manager/share/ament_index
creating /home/sukru/ika_teknofest_aventra_ws/install/ika_mission_manager/share/ament_index/resource_index
creating /home/sukru/ika_teknofest_aventra_ws/install/ika_mission_manager/share/ament_index/resource_index/packages
copying resource/ika_mission_manager -> /home/sukru/ika_teknofest_aventra_ws/install/ika_mission_manager/share/ament_index/resource_index/packages
copying package.xml -> /home/sukru/ika_teknofest_aventra_ws/install/ika_mission_manager/share/ika_mission_manager
running install_egg_info
Copying ../../build/ika_mission_manager/ika_mission_manager.egg-info to /home/sukru/ika_teknofest_aventra_ws/install/ika_mission_manager/lib/python3.10/site-packages/ika_mission_manager-0.0.0-py3.10.egg-info
running install_scripts
writing list of installed files to '/home/sukru/ika_teknofest_aventra_ws/build/ika_mission_manager/install.log'
