[1.987s] Invoking command in '/home/sukru/ika_teknofest_aventra_ws/src/ika_mission_manager': PYTHONPATH=/home/sukru/ika_teknofest_aventra_ws/build/ika_mission_manager/prefix_override:/usr/lib/python3/dist-packages/colcon_core/task/python/colcon_distutils_commands:/home/sukru/ika_teknofest_aventra_ws/install/ika_mission_manager/lib/python3.10/site-packages:${PYTHONPATH} /usr/bin/python3 -W ignore:setup.py install is deprecated -W ignore:easy_install command is deprecated setup.py egg_info --egg-base ../../build/ika_mission_manager build --build-base /home/sukru/ika_teknofest_aventra_ws/build/ika_mission_manager/build install --record /home/sukru/ika_teknofest_aventra_ws/build/ika_mission_manager/install.log --single-version-externally-managed install_data
[2.203s] running egg_info
[2.206s] creating ../../build/ika_mission_manager/ika_mission_manager.egg-info
[2.206s] writing ../../build/ika_mission_manager/ika_mission_manager.egg-info/PKG-INFO
[2.206s] writing dependency_links to ../../build/ika_mission_manager/ika_mission_manager.egg-info/dependency_links.txt
[2.206s] writing entry points to ../../build/ika_mission_manager/ika_mission_manager.egg-info/entry_points.txt
[2.206s] writing requirements to ../../build/ika_mission_manager/ika_mission_manager.egg-info/requires.txt
[2.206s] writing top-level names to ../../build/ika_mission_manager/ika_mission_manager.egg-info/top_level.txt
[2.206s] writing manifest file '../../build/ika_mission_manager/ika_mission_manager.egg-info/SOURCES.txt'
[2.207s] reading manifest file '../../build/ika_mission_manager/ika_mission_manager.egg-info/SOURCES.txt'
[2.208s] writing manifest file '../../build/ika_mission_manager/ika_mission_manager.egg-info/SOURCES.txt'
[2.208s] running build
[2.208s] running build_py
[2.208s] creating /home/sukru/ika_teknofest_aventra_ws/build/ika_mission_manager/build
[2.208s] creating /home/sukru/ika_teknofest_aventra_ws/build/ika_mission_manager/build/lib
[2.208s] creating /home/sukru/ika_teknofest_aventra_ws/build/ika_mission_manager/build/lib/ika_mission_manager
[2.208s] copying ika_mission_manager/__init__.py -> /home/sukru/ika_teknofest_aventra_ws/build/ika_mission_manager/build/lib/ika_mission_manager
[2.208s] running install
[2.208s] running install_lib
[2.210s] creating /home/sukru/ika_teknofest_aventra_ws/install/ika_mission_manager/lib/python3.10/site-packages/ika_mission_manager
[2.210s] copying /home/sukru/ika_teknofest_aventra_ws/build/ika_mission_manager/build/lib/ika_mission_manager/__init__.py -> /home/sukru/ika_teknofest_aventra_ws/install/ika_mission_manager/lib/python3.10/site-packages/ika_mission_manager
[2.211s] byte-compiling /home/sukru/ika_teknofest_aventra_ws/install/ika_mission_manager/lib/python3.10/site-packages/ika_mission_manager/__init__.py to __init__.cpython-310.pyc
[2.211s] running install_data
[2.211s] creating /home/sukru/ika_teknofest_aventra_ws/install/ika_mission_manager/share/ament_index
[2.212s] creating /home/sukru/ika_teknofest_aventra_ws/install/ika_mission_manager/share/ament_index/resource_index
[2.212s] creating /home/sukru/ika_teknofest_aventra_ws/install/ika_mission_manager/share/ament_index/resource_index/packages
[2.212s] copying resource/ika_mission_manager -> /home/sukru/ika_teknofest_aventra_ws/install/ika_mission_manager/share/ament_index/resource_index/packages
[2.212s] copying package.xml -> /home/sukru/ika_teknofest_aventra_ws/install/ika_mission_manager/share/ika_mission_manager
[2.212s] running install_egg_info
[2.213s] Copying ../../build/ika_mission_manager/ika_mission_manager.egg-info to /home/sukru/ika_teknofest_aventra_ws/install/ika_mission_manager/lib/python3.10/site-packages/ika_mission_manager-0.0.0-py3.10.egg-info
[2.214s] running install_scripts
[2.234s] writing list of installed files to '/home/sukru/ika_teknofest_aventra_ws/build/ika_mission_manager/install.log'
[2.269s] Invoked command in '/home/sukru/ika_teknofest_aventra_ws/src/ika_mission_manager' returned '0': PYTHONPATH=/home/sukru/ika_teknofest_aventra_ws/build/ika_mission_manager/prefix_override:/usr/lib/python3/dist-packages/colcon_core/task/python/colcon_distutils_commands:/home/sukru/ika_teknofest_aventra_ws/install/ika_mission_manager/lib/python3.10/site-packages:${PYTHONPATH} /usr/bin/python3 -W ignore:setup.py install is deprecated -W ignore:easy_install command is deprecated setup.py egg_info --egg-base ../../build/ika_mission_manager build --build-base /home/sukru/ika_teknofest_aventra_ws/build/ika_mission_manager/build install --record /home/sukru/ika_teknofest_aventra_ws/build/ika_mission_manager/install.log --single-version-externally-managed install_data
