[0.057s] DEBUG:colcon:Command line arguments: ['/usr/bin/colcon', 'build', '--packages-select', 'ika_msgs', 'ika_sensors']
[0.057s] DEBUG:colcon:Parsed command line arguments: Namespace(log_base=None, log_level=None, verb_name='build', build_base='build', install_base='install', merge_install=False, symlink_install=False, test_result_base=None, continue_on_error=False, executor='parallel', parallel_workers=12, event_handlers=None, ignore_user_meta=False, metas=['./colcon.meta'], base_paths=['.'], packages_ignore=None, packages_ignore_regex=None, paths=None, packages_up_to=None, packages_up_to_regex=None, packages_above=None, packages_above_and_dependencies=None, packages_above_depth=None, packages_select_by_dep=None, packages_skip_by_dep=None, packages_skip_up_to=None, packages_select_build_failed=False, packages_skip_build_finished=False, packages_select_test_failures=False, packages_skip_test_passed=False, packages_select=['ika_msgs', 'ika_sensors'], packages_skip=None, packages_select_regex=None, packages_skip_regex=None, packages_start=None, packages_end=None, allow_overriding=[], cmake_args=None, cmake_target=None, cmake_target_skip_unavailable=False, cmake_clean_cache=False, cmake_clean_first=False, cmake_force_configure=False, ament_cmake_args=None, catkin_cmake_args=None, catkin_skip_building_tests=False, mixin_files=None, mixin=None, verb_parser=<colcon_mixin.mixin.mixin_argument.MixinArgumentDecorator object at 0x7efd3a4715d0>, verb_extension=<colcon_core.verb.build.BuildVerb object at 0x7efd3a471120>, main=<bound method BuildVerb.main of <colcon_core.verb.build.BuildVerb object at 0x7efd3a471120>>, mixin_verb=('build',))
[0.151s] Level 1:colcon.colcon_core.package_discovery:discover_packages(colcon_meta) check parameters
[0.151s] Level 1:colcon.colcon_core.package_discovery:discover_packages(recursive) check parameters
[0.151s] Level 1:colcon.colcon_core.package_discovery:discover_packages(ignore) check parameters
[0.151s] Level 1:colcon.colcon_core.package_discovery:discover_packages(path) check parameters
[0.151s] Level 1:colcon.colcon_core.package_discovery:discover_packages(colcon_meta) discover
[0.151s] Level 1:colcon.colcon_core.package_discovery:discover_packages(recursive) discover
[0.151s] INFO:colcon.colcon_core.package_discovery:Crawling recursively for packages in '/home/sukru/ika_teknofest_aventra_ws'
[0.152s] Level 1:colcon.colcon_core.package_identification:_identify(.) by extensions ['ignore', 'ignore_ament_install']
[0.152s] Level 1:colcon.colcon_core.package_identification:_identify(.) by extension 'ignore'
[0.152s] Level 1:colcon.colcon_core.package_identification:_identify(.) by extension 'ignore_ament_install'
[0.152s] Level 1:colcon.colcon_core.package_identification:_identify(.) by extensions ['colcon_pkg']
[0.152s] Level 1:colcon.colcon_core.package_identification:_identify(.) by extension 'colcon_pkg'
[0.152s] Level 1:colcon.colcon_core.package_identification:_identify(.) by extensions ['colcon_meta']
[0.152s] Level 1:colcon.colcon_core.package_identification:_identify(.) by extension 'colcon_meta'
[0.152s] Level 1:colcon.colcon_core.package_identification:_identify(.) by extensions ['ros']
[0.152s] Level 1:colcon.colcon_core.package_identification:_identify(.) by extension 'ros'
[0.162s] Level 1:colcon.colcon_core.package_identification:_identify(.) by extensions ['cmake', 'python']
[0.162s] Level 1:colcon.colcon_core.package_identification:_identify(.) by extension 'cmake'
[0.162s] Level 1:colcon.colcon_core.package_identification:_identify(.) by extension 'python'
[0.162s] Level 1:colcon.colcon_core.package_identification:_identify(.) by extensions ['python_setup_py']
[0.162s] Level 1:colcon.colcon_core.package_identification:_identify(.) by extension 'python_setup_py'
[0.162s] Level 1:colcon.colcon_core.package_identification:_identify(build) by extensions ['ignore', 'ignore_ament_install']
[0.162s] Level 1:colcon.colcon_core.package_identification:_identify(build) by extension 'ignore'
[0.162s] Level 1:colcon.colcon_core.package_identification:_identify(build) ignored
[0.162s] Level 1:colcon.colcon_core.package_identification:_identify(install) by extensions ['ignore', 'ignore_ament_install']
[0.162s] Level 1:colcon.colcon_core.package_identification:_identify(install) by extension 'ignore'
[0.162s] Level 1:colcon.colcon_core.package_identification:_identify(install) ignored
[0.162s] Level 1:colcon.colcon_core.package_identification:_identify(log) by extensions ['ignore', 'ignore_ament_install']
[0.162s] Level 1:colcon.colcon_core.package_identification:_identify(log) by extension 'ignore'
[0.162s] Level 1:colcon.colcon_core.package_identification:_identify(log) ignored
[0.162s] Level 1:colcon.colcon_core.package_identification:_identify(src) by extensions ['ignore', 'ignore_ament_install']
[0.162s] Level 1:colcon.colcon_core.package_identification:_identify(src) by extension 'ignore'
[0.162s] Level 1:colcon.colcon_core.package_identification:_identify(src) by extension 'ignore_ament_install'
[0.162s] Level 1:colcon.colcon_core.package_identification:_identify(src) by extensions ['colcon_pkg']
[0.162s] Level 1:colcon.colcon_core.package_identification:_identify(src) by extension 'colcon_pkg'
[0.162s] Level 1:colcon.colcon_core.package_identification:_identify(src) by extensions ['colcon_meta']
[0.162s] Level 1:colcon.colcon_core.package_identification:_identify(src) by extension 'colcon_meta'
[0.162s] Level 1:colcon.colcon_core.package_identification:_identify(src) by extensions ['ros']
[0.162s] Level 1:colcon.colcon_core.package_identification:_identify(src) by extension 'ros'
[0.162s] Level 1:colcon.colcon_core.package_identification:_identify(src) by extensions ['cmake', 'python']
[0.162s] Level 1:colcon.colcon_core.package_identification:_identify(src) by extension 'cmake'
[0.162s] Level 1:colcon.colcon_core.package_identification:_identify(src) by extension 'python'
[0.162s] Level 1:colcon.colcon_core.package_identification:_identify(src) by extensions ['python_setup_py']
[0.162s] Level 1:colcon.colcon_core.package_identification:_identify(src) by extension 'python_setup_py'
[0.163s] Level 1:colcon.colcon_core.package_identification:_identify(src/ika_behaviors) by extensions ['ignore', 'ignore_ament_install']
[0.163s] Level 1:colcon.colcon_core.package_identification:_identify(src/ika_behaviors) by extension 'ignore'
[0.163s] Level 1:colcon.colcon_core.package_identification:_identify(src/ika_behaviors) by extension 'ignore_ament_install'
[0.163s] Level 1:colcon.colcon_core.package_identification:_identify(src/ika_behaviors) by extensions ['colcon_pkg']
[0.163s] Level 1:colcon.colcon_core.package_identification:_identify(src/ika_behaviors) by extension 'colcon_pkg'
[0.163s] Level 1:colcon.colcon_core.package_identification:_identify(src/ika_behaviors) by extensions ['colcon_meta']
[0.163s] Level 1:colcon.colcon_core.package_identification:_identify(src/ika_behaviors) by extension 'colcon_meta'
[0.163s] Level 1:colcon.colcon_core.package_identification:_identify(src/ika_behaviors) by extensions ['ros']
[0.163s] Level 1:colcon.colcon_core.package_identification:_identify(src/ika_behaviors) by extension 'ros'
[0.164s] DEBUG:colcon.colcon_core.package_identification:Package 'src/ika_behaviors' with type 'ros.ament_python' and name 'ika_behaviors'
[0.164s] Level 1:colcon.colcon_core.package_identification:_identify(src/ika_bringup) by extensions ['ignore', 'ignore_ament_install']
[0.164s] Level 1:colcon.colcon_core.package_identification:_identify(src/ika_bringup) by extension 'ignore'
[0.164s] Level 1:colcon.colcon_core.package_identification:_identify(src/ika_bringup) by extension 'ignore_ament_install'
[0.164s] Level 1:colcon.colcon_core.package_identification:_identify(src/ika_bringup) by extensions ['colcon_pkg']
[0.164s] Level 1:colcon.colcon_core.package_identification:_identify(src/ika_bringup) by extension 'colcon_pkg'
[0.164s] Level 1:colcon.colcon_core.package_identification:_identify(src/ika_bringup) by extensions ['colcon_meta']
[0.164s] Level 1:colcon.colcon_core.package_identification:_identify(src/ika_bringup) by extension 'colcon_meta'
[0.164s] Level 1:colcon.colcon_core.package_identification:_identify(src/ika_bringup) by extensions ['ros']
[0.164s] Level 1:colcon.colcon_core.package_identification:_identify(src/ika_bringup) by extension 'ros'
[0.164s] DEBUG:colcon.colcon_core.package_identification:Package 'src/ika_bringup' with type 'ros.ament_cmake' and name 'ika_bringup'
[0.164s] Level 1:colcon.colcon_core.package_identification:_identify(src/ika_control) by extensions ['ignore', 'ignore_ament_install']
[0.164s] Level 1:colcon.colcon_core.package_identification:_identify(src/ika_control) by extension 'ignore'
[0.164s] Level 1:colcon.colcon_core.package_identification:_identify(src/ika_control) by extension 'ignore_ament_install'
[0.164s] Level 1:colcon.colcon_core.package_identification:_identify(src/ika_control) by extensions ['colcon_pkg']
[0.164s] Level 1:colcon.colcon_core.package_identification:_identify(src/ika_control) by extension 'colcon_pkg'
[0.164s] Level 1:colcon.colcon_core.package_identification:_identify(src/ika_control) by extensions ['colcon_meta']
[0.164s] Level 1:colcon.colcon_core.package_identification:_identify(src/ika_control) by extension 'colcon_meta'
[0.164s] Level 1:colcon.colcon_core.package_identification:_identify(src/ika_control) by extensions ['ros']
[0.164s] Level 1:colcon.colcon_core.package_identification:_identify(src/ika_control) by extension 'ros'
[0.165s] DEBUG:colcon.colcon_core.package_identification:Package 'src/ika_control' with type 'ros.ament_python' and name 'ika_control'
[0.165s] Level 1:colcon.colcon_core.package_identification:_identify(src/ika_data_logger) by extensions ['ignore', 'ignore_ament_install']
[0.165s] Level 1:colcon.colcon_core.package_identification:_identify(src/ika_data_logger) by extension 'ignore'
[0.165s] Level 1:colcon.colcon_core.package_identification:_identify(src/ika_data_logger) by extension 'ignore_ament_install'
[0.165s] Level 1:colcon.colcon_core.package_identification:_identify(src/ika_data_logger) by extensions ['colcon_pkg']
[0.165s] Level 1:colcon.colcon_core.package_identification:_identify(src/ika_data_logger) by extension 'colcon_pkg'
[0.165s] Level 1:colcon.colcon_core.package_identification:_identify(src/ika_data_logger) by extensions ['colcon_meta']
[0.165s] Level 1:colcon.colcon_core.package_identification:_identify(src/ika_data_logger) by extension 'colcon_meta'
[0.165s] Level 1:colcon.colcon_core.package_identification:_identify(src/ika_data_logger) by extensions ['ros']
[0.165s] Level 1:colcon.colcon_core.package_identification:_identify(src/ika_data_logger) by extension 'ros'
[0.165s] DEBUG:colcon.colcon_core.package_identification:Package 'src/ika_data_logger' with type 'ros.ament_python' and name 'ika_data_logger'
[0.165s] Level 1:colcon.colcon_core.package_identification:_identify(src/ika_description) by extensions ['ignore', 'ignore_ament_install']
[0.165s] Level 1:colcon.colcon_core.package_identification:_identify(src/ika_description) by extension 'ignore'
[0.165s] Level 1:colcon.colcon_core.package_identification:_identify(src/ika_description) by extension 'ignore_ament_install'
[0.165s] Level 1:colcon.colcon_core.package_identification:_identify(src/ika_description) by extensions ['colcon_pkg']
[0.165s] Level 1:colcon.colcon_core.package_identification:_identify(src/ika_description) by extension 'colcon_pkg'
[0.165s] Level 1:colcon.colcon_core.package_identification:_identify(src/ika_description) by extensions ['colcon_meta']
[0.165s] Level 1:colcon.colcon_core.package_identification:_identify(src/ika_description) by extension 'colcon_meta'
[0.165s] Level 1:colcon.colcon_core.package_identification:_identify(src/ika_description) by extensions ['ros']
[0.165s] Level 1:colcon.colcon_core.package_identification:_identify(src/ika_description) by extension 'ros'
[0.165s] DEBUG:colcon.colcon_core.package_identification:Package 'src/ika_description' with type 'ros.ament_cmake' and name 'ika_description'
[0.166s] Level 1:colcon.colcon_core.package_identification:_identify(src/ika_gazebo) by extensions ['ignore', 'ignore_ament_install']
[0.166s] Level 1:colcon.colcon_core.package_identification:_identify(src/ika_gazebo) by extension 'ignore'
[0.166s] Level 1:colcon.colcon_core.package_identification:_identify(src/ika_gazebo) by extension 'ignore_ament_install'
[0.166s] Level 1:colcon.colcon_core.package_identification:_identify(src/ika_gazebo) by extensions ['colcon_pkg']
[0.166s] Level 1:colcon.colcon_core.package_identification:_identify(src/ika_gazebo) by extension 'colcon_pkg'
[0.166s] Level 1:colcon.colcon_core.package_identification:_identify(src/ika_gazebo) by extensions ['colcon_meta']
[0.166s] Level 1:colcon.colcon_core.package_identification:_identify(src/ika_gazebo) by extension 'colcon_meta'
[0.166s] Level 1:colcon.colcon_core.package_identification:_identify(src/ika_gazebo) by extensions ['ros']
[0.166s] Level 1:colcon.colcon_core.package_identification:_identify(src/ika_gazebo) by extension 'ros'
[0.166s] DEBUG:colcon.colcon_core.package_identification:Package 'src/ika_gazebo' with type 'ros.ament_cmake' and name 'ika_gazebo'
[0.166s] Level 1:colcon.colcon_core.package_identification:_identify(src/ika_hardware) by extensions ['ignore', 'ignore_ament_install']
[0.166s] Level 1:colcon.colcon_core.package_identification:_identify(src/ika_hardware) by extension 'ignore'
[0.166s] Level 1:colcon.colcon_core.package_identification:_identify(src/ika_hardware) by extension 'ignore_ament_install'
[0.166s] Level 1:colcon.colcon_core.package_identification:_identify(src/ika_hardware) by extensions ['colcon_pkg']
[0.166s] Level 1:colcon.colcon_core.package_identification:_identify(src/ika_hardware) by extension 'colcon_pkg'
[0.166s] Level 1:colcon.colcon_core.package_identification:_identify(src/ika_hardware) by extensions ['colcon_meta']
[0.166s] Level 1:colcon.colcon_core.package_identification:_identify(src/ika_hardware) by extension 'colcon_meta'
[0.166s] Level 1:colcon.colcon_core.package_identification:_identify(src/ika_hardware) by extensions ['ros']
[0.166s] Level 1:colcon.colcon_core.package_identification:_identify(src/ika_hardware) by extension 'ros'
[0.166s] DEBUG:colcon.colcon_core.package_identification:Package 'src/ika_hardware' with type 'ros.ament_python' and name 'ika_hardware'
[0.166s] Level 1:colcon.colcon_core.package_identification:_identify(src/ika_localization) by extensions ['ignore', 'ignore_ament_install']
[0.166s] Level 1:colcon.colcon_core.package_identification:_identify(src/ika_localization) by extension 'ignore'
[0.166s] Level 1:colcon.colcon_core.package_identification:_identify(src/ika_localization) by extension 'ignore_ament_install'
[0.166s] Level 1:colcon.colcon_core.package_identification:_identify(src/ika_localization) by extensions ['colcon_pkg']
[0.166s] Level 1:colcon.colcon_core.package_identification:_identify(src/ika_localization) by extension 'colcon_pkg'
[0.166s] Level 1:colcon.colcon_core.package_identification:_identify(src/ika_localization) by extensions ['colcon_meta']
[0.166s] Level 1:colcon.colcon_core.package_identification:_identify(src/ika_localization) by extension 'colcon_meta'
[0.167s] Level 1:colcon.colcon_core.package_identification:_identify(src/ika_localization) by extensions ['ros']
[0.167s] Level 1:colcon.colcon_core.package_identification:_identify(src/ika_localization) by extension 'ros'
[0.167s] DEBUG:colcon.colcon_core.package_identification:Package 'src/ika_localization' with type 'ros.ament_python' and name 'ika_localization'
[0.167s] Level 1:colcon.colcon_core.package_identification:_identify(src/ika_mission_manager) by extensions ['ignore', 'ignore_ament_install']
[0.167s] Level 1:colcon.colcon_core.package_identification:_identify(src/ika_mission_manager) by extension 'ignore'
[0.167s] Level 1:colcon.colcon_core.package_identification:_identify(src/ika_mission_manager) by extension 'ignore_ament_install'
[0.167s] Level 1:colcon.colcon_core.package_identification:_identify(src/ika_mission_manager) by extensions ['colcon_pkg']
[0.167s] Level 1:colcon.colcon_core.package_identification:_identify(src/ika_mission_manager) by extension 'colcon_pkg'
[0.167s] Level 1:colcon.colcon_core.package_identification:_identify(src/ika_mission_manager) by extensions ['colcon_meta']
[0.167s] Level 1:colcon.colcon_core.package_identification:_identify(src/ika_mission_manager) by extension 'colcon_meta'
[0.167s] Level 1:colcon.colcon_core.package_identification:_identify(src/ika_mission_manager) by extensions ['ros']
[0.167s] Level 1:colcon.colcon_core.package_identification:_identify(src/ika_mission_manager) by extension 'ros'
[0.167s] DEBUG:colcon.colcon_core.package_identification:Package 'src/ika_mission_manager' with type 'ros.ament_python' and name 'ika_mission_manager'
[0.167s] Level 1:colcon.colcon_core.package_identification:_identify(src/ika_msgs) by extensions ['ignore', 'ignore_ament_install']
[0.167s] Level 1:colcon.colcon_core.package_identification:_identify(src/ika_msgs) by extension 'ignore'
[0.167s] Level 1:colcon.colcon_core.package_identification:_identify(src/ika_msgs) by extension 'ignore_ament_install'
[0.167s] Level 1:colcon.colcon_core.package_identification:_identify(src/ika_msgs) by extensions ['colcon_pkg']
[0.167s] Level 1:colcon.colcon_core.package_identification:_identify(src/ika_msgs) by extension 'colcon_pkg'
[0.167s] Level 1:colcon.colcon_core.package_identification:_identify(src/ika_msgs) by extensions ['colcon_meta']
[0.167s] Level 1:colcon.colcon_core.package_identification:_identify(src/ika_msgs) by extension 'colcon_meta'
[0.167s] Level 1:colcon.colcon_core.package_identification:_identify(src/ika_msgs) by extensions ['ros']
[0.167s] Level 1:colcon.colcon_core.package_identification:_identify(src/ika_msgs) by extension 'ros'
[0.168s] DEBUG:colcon.colcon_core.package_identification:Package 'src/ika_msgs' with type 'ros.ament_cmake' and name 'ika_msgs'
[0.168s] Level 1:colcon.colcon_core.package_identification:_identify(src/ika_navigation) by extensions ['ignore', 'ignore_ament_install']
[0.168s] Level 1:colcon.colcon_core.package_identification:_identify(src/ika_navigation) by extension 'ignore'
[0.168s] Level 1:colcon.colcon_core.package_identification:_identify(src/ika_navigation) by extension 'ignore_ament_install'
[0.168s] Level 1:colcon.colcon_core.package_identification:_identify(src/ika_navigation) by extensions ['colcon_pkg']
[0.168s] Level 1:colcon.colcon_core.package_identification:_identify(src/ika_navigation) by extension 'colcon_pkg'
[0.168s] Level 1:colcon.colcon_core.package_identification:_identify(src/ika_navigation) by extensions ['colcon_meta']
[0.168s] Level 1:colcon.colcon_core.package_identification:_identify(src/ika_navigation) by extension 'colcon_meta'
[0.168s] Level 1:colcon.colcon_core.package_identification:_identify(src/ika_navigation) by extensions ['ros']
[0.168s] Level 1:colcon.colcon_core.package_identification:_identify(src/ika_navigation) by extension 'ros'
[0.168s] DEBUG:colcon.colcon_core.package_identification:Package 'src/ika_navigation' with type 'ros.ament_python' and name 'ika_navigation'
[0.168s] Level 1:colcon.colcon_core.package_identification:_identify(src/ika_perception) by extensions ['ignore', 'ignore_ament_install']
[0.168s] Level 1:colcon.colcon_core.package_identification:_identify(src/ika_perception) by extension 'ignore'
[0.168s] Level 1:colcon.colcon_core.package_identification:_identify(src/ika_perception) by extension 'ignore_ament_install'
[0.168s] Level 1:colcon.colcon_core.package_identification:_identify(src/ika_perception) by extensions ['colcon_pkg']
[0.168s] Level 1:colcon.colcon_core.package_identification:_identify(src/ika_perception) by extension 'colcon_pkg'
[0.168s] Level 1:colcon.colcon_core.package_identification:_identify(src/ika_perception) by extensions ['colcon_meta']
[0.168s] Level 1:colcon.colcon_core.package_identification:_identify(src/ika_perception) by extension 'colcon_meta'
[0.168s] Level 1:colcon.colcon_core.package_identification:_identify(src/ika_perception) by extensions ['ros']
[0.168s] Level 1:colcon.colcon_core.package_identification:_identify(src/ika_perception) by extension 'ros'
[0.169s] DEBUG:colcon.colcon_core.package_identification:Package 'src/ika_perception' with type 'ros.ament_python' and name 'ika_perception'
[0.169s] Level 1:colcon.colcon_core.package_identification:_identify(src/ika_sensors) by extensions ['ignore', 'ignore_ament_install']
[0.169s] Level 1:colcon.colcon_core.package_identification:_identify(src/ika_sensors) by extension 'ignore'
[0.169s] Level 1:colcon.colcon_core.package_identification:_identify(src/ika_sensors) by extension 'ignore_ament_install'
[0.169s] Level 1:colcon.colcon_core.package_identification:_identify(src/ika_sensors) by extensions ['colcon_pkg']
[0.169s] Level 1:colcon.colcon_core.package_identification:_identify(src/ika_sensors) by extension 'colcon_pkg'
[0.169s] Level 1:colcon.colcon_core.package_identification:_identify(src/ika_sensors) by extensions ['colcon_meta']
[0.169s] Level 1:colcon.colcon_core.package_identification:_identify(src/ika_sensors) by extension 'colcon_meta'
[0.169s] Level 1:colcon.colcon_core.package_identification:_identify(src/ika_sensors) by extensions ['ros']
[0.169s] Level 1:colcon.colcon_core.package_identification:_identify(src/ika_sensors) by extension 'ros'
[0.169s] DEBUG:colcon.colcon_core.package_identification:Package 'src/ika_sensors' with type 'ros.ament_python' and name 'ika_sensors'
[0.169s] Level 1:colcon.colcon_core.package_identification:_identify(src/ika_targeting) by extensions ['ignore', 'ignore_ament_install']
[0.169s] Level 1:colcon.colcon_core.package_identification:_identify(src/ika_targeting) by extension 'ignore'
[0.169s] Level 1:colcon.colcon_core.package_identification:_identify(src/ika_targeting) by extension 'ignore_ament_install'
[0.169s] Level 1:colcon.colcon_core.package_identification:_identify(src/ika_targeting) by extensions ['colcon_pkg']
[0.169s] Level 1:colcon.colcon_core.package_identification:_identify(src/ika_targeting) by extension 'colcon_pkg'
[0.169s] Level 1:colcon.colcon_core.package_identification:_identify(src/ika_targeting) by extensions ['colcon_meta']
[0.169s] Level 1:colcon.colcon_core.package_identification:_identify(src/ika_targeting) by extension 'colcon_meta'
[0.169s] Level 1:colcon.colcon_core.package_identification:_identify(src/ika_targeting) by extensions ['ros']
[0.169s] Level 1:colcon.colcon_core.package_identification:_identify(src/ika_targeting) by extension 'ros'
[0.170s] DEBUG:colcon.colcon_core.package_identification:Package 'src/ika_targeting' with type 'ros.ament_python' and name 'ika_targeting'
[0.170s] Level 1:colcon.colcon_core.package_identification:_identify(src/ika_ui_bridge) by extensions ['ignore', 'ignore_ament_install']
[0.170s] Level 1:colcon.colcon_core.package_identification:_identify(src/ika_ui_bridge) by extension 'ignore'
[0.170s] Level 1:colcon.colcon_core.package_identification:_identify(src/ika_ui_bridge) by extension 'ignore_ament_install'
[0.170s] Level 1:colcon.colcon_core.package_identification:_identify(src/ika_ui_bridge) by extensions ['colcon_pkg']
[0.170s] Level 1:colcon.colcon_core.package_identification:_identify(src/ika_ui_bridge) by extension 'colcon_pkg'
[0.170s] Level 1:colcon.colcon_core.package_identification:_identify(src/ika_ui_bridge) by extensions ['colcon_meta']
[0.170s] Level 1:colcon.colcon_core.package_identification:_identify(src/ika_ui_bridge) by extension 'colcon_meta'
[0.170s] Level 1:colcon.colcon_core.package_identification:_identify(src/ika_ui_bridge) by extensions ['ros']
[0.170s] Level 1:colcon.colcon_core.package_identification:_identify(src/ika_ui_bridge) by extension 'ros'
[0.170s] DEBUG:colcon.colcon_core.package_identification:Package 'src/ika_ui_bridge' with type 'ros.ament_python' and name 'ika_ui_bridge'
[0.170s] Level 1:colcon.colcon_core.package_discovery:discover_packages(recursive) using defaults
[0.170s] Level 1:colcon.colcon_core.package_discovery:discover_packages(ignore) discover
[0.170s] Level 1:colcon.colcon_core.package_discovery:discover_packages(ignore) using defaults
[0.170s] Level 1:colcon.colcon_core.package_discovery:discover_packages(path) discover
[0.170s] Level 1:colcon.colcon_core.package_discovery:discover_packages(path) using defaults
[0.181s] INFO:colcon.colcon_core.package_selection:Skipping not selected package 'ika_behaviors' in 'src/ika_behaviors'
[0.181s] INFO:colcon.colcon_core.package_selection:Skipping not selected package 'ika_bringup' in 'src/ika_bringup'
[0.181s] INFO:colcon.colcon_core.package_selection:Skipping not selected package 'ika_control' in 'src/ika_control'
[0.181s] INFO:colcon.colcon_core.package_selection:Skipping not selected package 'ika_data_logger' in 'src/ika_data_logger'
[0.181s] INFO:colcon.colcon_core.package_selection:Skipping not selected package 'ika_description' in 'src/ika_description'
[0.181s] INFO:colcon.colcon_core.package_selection:Skipping not selected package 'ika_gazebo' in 'src/ika_gazebo'
[0.181s] INFO:colcon.colcon_core.package_selection:Skipping not selected package 'ika_hardware' in 'src/ika_hardware'
[0.181s] INFO:colcon.colcon_core.package_selection:Skipping not selected package 'ika_localization' in 'src/ika_localization'
[0.181s] INFO:colcon.colcon_core.package_selection:Skipping not selected package 'ika_mission_manager' in 'src/ika_mission_manager'
[0.181s] INFO:colcon.colcon_core.package_selection:Skipping not selected package 'ika_navigation' in 'src/ika_navigation'
[0.181s] INFO:colcon.colcon_core.package_selection:Skipping not selected package 'ika_perception' in 'src/ika_perception'
[0.181s] INFO:colcon.colcon_core.package_selection:Skipping not selected package 'ika_targeting' in 'src/ika_targeting'
[0.181s] INFO:colcon.colcon_core.package_selection:Skipping not selected package 'ika_ui_bridge' in 'src/ika_ui_bridge'
[0.181s] Level 1:colcon.colcon_core.package_discovery:discover_packages(prefix_path) check parameters
[0.181s] Level 1:colcon.colcon_core.package_discovery:discover_packages(prefix_path) discover
[0.182s] WARNING:colcon.colcon_ros.prefix_path.ament:The path '/home/sukru/ika_teknofest_aventra_ws/install/ika_sensors' in the environment variable AMENT_PREFIX_PATH doesn't exist
[0.182s] WARNING:colcon.colcon_ros.prefix_path.ament:The path '/home/sukru/ika_teknofest_aventra_ws/install/ika_msgs' in the environment variable AMENT_PREFIX_PATH doesn't exist
[0.182s] WARNING:colcon.colcon_ros.prefix_path.catkin:The path '/home/sukru/ika_teknofest_aventra_ws/install/ika_msgs' in the environment variable CMAKE_PREFIX_PATH doesn't exist
[0.182s] DEBUG:colcon.colcon_installed_package_information.package_discovery:Found 0 installed packages in /home/sukru/ika_teknofest_aventra_ws/install
[0.183s] DEBUG:colcon.colcon_installed_package_information.package_discovery:Found 1 installed packages in /home/sukru/ai_autonomi_ws/install
[0.183s] DEBUG:colcon.colcon_installed_package_information.package_discovery:Found 1 installed packages in /home/sukru/Desktop/otonom_atis/install
[0.183s] DEBUG:colcon.colcon_installed_package_information.package_discovery:Found 2 installed packages in /home/sukru/dev_ws/install
[0.183s] DEBUG:colcon.colcon_installed_package_information.package_discovery:Found 8 installed packages in /home/sukru/ros_ws_vacuum_bot/install
[0.183s] DEBUG:colcon.colcon_installed_package_information.package_discovery:Found 1 installed packages in /home/sukru/ros_ws_demo/install
[0.185s] DEBUG:colcon.colcon_installed_package_information.package_discovery:Found 372 installed packages in /opt/ros/humble
[0.186s] Level 1:colcon.colcon_core.package_discovery:discover_packages(prefix_path) using defaults
[0.209s] Level 5:colcon.colcon_core.verb:set package 'ika_msgs' build argument 'cmake_args' from command line to 'None'
[0.209s] Level 5:colcon.colcon_core.verb:set package 'ika_msgs' build argument 'cmake_target' from command line to 'None'
[0.209s] Level 5:colcon.colcon_core.verb:set package 'ika_msgs' build argument 'cmake_target_skip_unavailable' from command line to 'False'
[0.209s] Level 5:colcon.colcon_core.verb:set package 'ika_msgs' build argument 'cmake_clean_cache' from command line to 'False'
[0.209s] Level 5:colcon.colcon_core.verb:set package 'ika_msgs' build argument 'cmake_clean_first' from command line to 'False'
[0.209s] Level 5:colcon.colcon_core.verb:set package 'ika_msgs' build argument 'cmake_force_configure' from command line to 'False'
[0.209s] Level 5:colcon.colcon_core.verb:set package 'ika_msgs' build argument 'ament_cmake_args' from command line to 'None'
[0.209s] Level 5:colcon.colcon_core.verb:set package 'ika_msgs' build argument 'catkin_cmake_args' from command line to 'None'
[0.209s] Level 5:colcon.colcon_core.verb:set package 'ika_msgs' build argument 'catkin_skip_building_tests' from command line to 'False'
[0.209s] DEBUG:colcon.colcon_core.verb:Building package 'ika_msgs' with the following arguments: {'ament_cmake_args': None, 'build_base': '/home/sukru/ika_teknofest_aventra_ws/build/ika_msgs', 'catkin_cmake_args': None, 'catkin_skip_building_tests': False, 'cmake_args': None, 'cmake_clean_cache': False, 'cmake_clean_first': False, 'cmake_force_configure': False, 'cmake_target': None, 'cmake_target_skip_unavailable': False, 'install_base': '/home/sukru/ika_teknofest_aventra_ws/install/ika_msgs', 'merge_install': False, 'path': '/home/sukru/ika_teknofest_aventra_ws/src/ika_msgs', 'symlink_install': False, 'test_result_base': None}
[0.209s] Level 5:colcon.colcon_core.verb:set package 'ika_sensors' build argument 'cmake_args' from command line to 'None'
[0.209s] Level 5:colcon.colcon_core.verb:set package 'ika_sensors' build argument 'cmake_target' from command line to 'None'
[0.209s] Level 5:colcon.colcon_core.verb:set package 'ika_sensors' build argument 'cmake_target_skip_unavailable' from command line to 'False'
[0.209s] Level 5:colcon.colcon_core.verb:set package 'ika_sensors' build argument 'cmake_clean_cache' from command line to 'False'
[0.209s] Level 5:colcon.colcon_core.verb:set package 'ika_sensors' build argument 'cmake_clean_first' from command line to 'False'
[0.209s] Level 5:colcon.colcon_core.verb:set package 'ika_sensors' build argument 'cmake_force_configure' from command line to 'False'
[0.209s] Level 5:colcon.colcon_core.verb:set package 'ika_sensors' build argument 'ament_cmake_args' from command line to 'None'
[0.209s] Level 5:colcon.colcon_core.verb:set package 'ika_sensors' build argument 'catkin_cmake_args' from command line to 'None'
[0.209s] Level 5:colcon.colcon_core.verb:set package 'ika_sensors' build argument 'catkin_skip_building_tests' from command line to 'False'
[0.209s] DEBUG:colcon.colcon_core.verb:Building package 'ika_sensors' with the following arguments: {'ament_cmake_args': None, 'build_base': '/home/sukru/ika_teknofest_aventra_ws/build/ika_sensors', 'catkin_cmake_args': None, 'catkin_skip_building_tests': False, 'cmake_args': None, 'cmake_clean_cache': False, 'cmake_clean_first': False, 'cmake_force_configure': False, 'cmake_target': None, 'cmake_target_skip_unavailable': False, 'install_base': '/home/sukru/ika_teknofest_aventra_ws/install/ika_sensors', 'merge_install': False, 'path': '/home/sukru/ika_teknofest_aventra_ws/src/ika_sensors', 'symlink_install': False, 'test_result_base': None}
[0.209s] INFO:colcon.colcon_core.executor:Executing jobs using 'parallel' executor
[0.210s] DEBUG:colcon.colcon_parallel_executor.executor.parallel:run_until_complete
[0.210s] INFO:colcon.colcon_ros.task.ament_cmake.build:Building ROS package in '/home/sukru/ika_teknofest_aventra_ws/src/ika_msgs' with build type 'ament_cmake'
[0.210s] INFO:colcon.colcon_cmake.task.cmake.build:Building CMake package in '/home/sukru/ika_teknofest_aventra_ws/src/ika_msgs'
[0.212s] INFO:colcon.colcon_core.plugin_system:Skipping extension 'colcon_core.shell.bat': Not used on non-Windows systems
[0.212s] INFO:colcon.colcon_core.shell:Skip shell extension 'powershell' for command environment: Not usable outside of PowerShell
[0.212s] DEBUG:colcon.colcon_core.shell:Skip shell extension 'dsv' for command environment
[0.218s] DEBUG:colcon.colcon_core.event_handler.log_command:Invoking command in '/home/sukru/ika_teknofest_aventra_ws/build/ika_msgs': CMAKE_PREFIX_PATH=${CMAKE_PREFIX_PATH}:/home/sukru/ika_teknofest_aventra_ws/install/ika_sensors:/home/sukru/ai_autonomi_ws/install/ika_autonomi:/home/sukru/Desktop/otonom_atis/install/python_pkg:/home/sukru/ros_ws_vacuum_bot/install/vacuum_teleop:/home/sukru/ros_ws_vacuum_bot/install/vacuum_sensors:/home/sukru/ros_ws_vacuum_bot/install/vacuum_navigation:/home/sukru/ros_ws_vacuum_bot/install/vacuum_msgs:/home/sukru/ros_ws_vacuum_bot/install/vacuum_mapping:/home/sukru/ros_ws_vacuum_bot/install/vacuum_description:/home/sukru/ros_ws_vacuum_bot/install/vacuum_control:/home/sukru/ros_ws_vacuum_bot/install/vacuum_bringup:/home/sukru/ros_ws_demo/install/python_pkg:/opt/ros/humble /usr/bin/cmake /home/sukru/ika_teknofest_aventra_ws/src/ika_msgs -DCMAKE_INSTALL_PREFIX=/home/sukru/ika_teknofest_aventra_ws/install/ika_msgs
[1.432s] DEBUG:colcon.colcon_core.event_handler.log_command:Invoked command in '/home/sukru/ika_teknofest_aventra_ws/build/ika_msgs' returned '0': CMAKE_PREFIX_PATH=${CMAKE_PREFIX_PATH}:/home/sukru/ika_teknofest_aventra_ws/install/ika_sensors:/home/sukru/ai_autonomi_ws/install/ika_autonomi:/home/sukru/Desktop/otonom_atis/install/python_pkg:/home/sukru/ros_ws_vacuum_bot/install/vacuum_teleop:/home/sukru/ros_ws_vacuum_bot/install/vacuum_sensors:/home/sukru/ros_ws_vacuum_bot/install/vacuum_navigation:/home/sukru/ros_ws_vacuum_bot/install/vacuum_msgs:/home/sukru/ros_ws_vacuum_bot/install/vacuum_mapping:/home/sukru/ros_ws_vacuum_bot/install/vacuum_description:/home/sukru/ros_ws_vacuum_bot/install/vacuum_control:/home/sukru/ros_ws_vacuum_bot/install/vacuum_bringup:/home/sukru/ros_ws_demo/install/python_pkg:/opt/ros/humble /usr/bin/cmake /home/sukru/ika_teknofest_aventra_ws/src/ika_msgs -DCMAKE_INSTALL_PREFIX=/home/sukru/ika_teknofest_aventra_ws/install/ika_msgs
[1.433s] DEBUG:colcon.colcon_core.event_handler.log_command:Invoking command in '/home/sukru/ika_teknofest_aventra_ws/build/ika_msgs': CMAKE_PREFIX_PATH=${CMAKE_PREFIX_PATH}:/home/sukru/ika_teknofest_aventra_ws/install/ika_sensors:/home/sukru/ai_autonomi_ws/install/ika_autonomi:/home/sukru/Desktop/otonom_atis/install/python_pkg:/home/sukru/ros_ws_vacuum_bot/install/vacuum_teleop:/home/sukru/ros_ws_vacuum_bot/install/vacuum_sensors:/home/sukru/ros_ws_vacuum_bot/install/vacuum_navigation:/home/sukru/ros_ws_vacuum_bot/install/vacuum_msgs:/home/sukru/ros_ws_vacuum_bot/install/vacuum_mapping:/home/sukru/ros_ws_vacuum_bot/install/vacuum_description:/home/sukru/ros_ws_vacuum_bot/install/vacuum_control:/home/sukru/ros_ws_vacuum_bot/install/vacuum_bringup:/home/sukru/ros_ws_demo/install/python_pkg:/opt/ros/humble /usr/bin/cmake --build /home/sukru/ika_teknofest_aventra_ws/build/ika_msgs -- -j12 -l12
[3.902s] DEBUG:colcon.colcon_core.event_handler.log_command:Invoked command in '/home/sukru/ika_teknofest_aventra_ws/build/ika_msgs' returned '0': CMAKE_PREFIX_PATH=${CMAKE_PREFIX_PATH}:/home/sukru/ika_teknofest_aventra_ws/install/ika_sensors:/home/sukru/ai_autonomi_ws/install/ika_autonomi:/home/sukru/Desktop/otonom_atis/install/python_pkg:/home/sukru/ros_ws_vacuum_bot/install/vacuum_teleop:/home/sukru/ros_ws_vacuum_bot/install/vacuum_sensors:/home/sukru/ros_ws_vacuum_bot/install/vacuum_navigation:/home/sukru/ros_ws_vacuum_bot/install/vacuum_msgs:/home/sukru/ros_ws_vacuum_bot/install/vacuum_mapping:/home/sukru/ros_ws_vacuum_bot/install/vacuum_description:/home/sukru/ros_ws_vacuum_bot/install/vacuum_control:/home/sukru/ros_ws_vacuum_bot/install/vacuum_bringup:/home/sukru/ros_ws_demo/install/python_pkg:/opt/ros/humble /usr/bin/cmake --build /home/sukru/ika_teknofest_aventra_ws/build/ika_msgs -- -j12 -l12
[3.908s] DEBUG:colcon.colcon_core.event_handler.log_command:Invoking command in '/home/sukru/ika_teknofest_aventra_ws/build/ika_msgs': CMAKE_PREFIX_PATH=${CMAKE_PREFIX_PATH}:/home/sukru/ika_teknofest_aventra_ws/install/ika_sensors:/home/sukru/ai_autonomi_ws/install/ika_autonomi:/home/sukru/Desktop/otonom_atis/install/python_pkg:/home/sukru/ros_ws_vacuum_bot/install/vacuum_teleop:/home/sukru/ros_ws_vacuum_bot/install/vacuum_sensors:/home/sukru/ros_ws_vacuum_bot/install/vacuum_navigation:/home/sukru/ros_ws_vacuum_bot/install/vacuum_msgs:/home/sukru/ros_ws_vacuum_bot/install/vacuum_mapping:/home/sukru/ros_ws_vacuum_bot/install/vacuum_description:/home/sukru/ros_ws_vacuum_bot/install/vacuum_control:/home/sukru/ros_ws_vacuum_bot/install/vacuum_bringup:/home/sukru/ros_ws_demo/install/python_pkg:/opt/ros/humble /usr/bin/cmake --install /home/sukru/ika_teknofest_aventra_ws/build/ika_msgs
[3.967s] Level 1:colcon.colcon_core.environment:create_environment_scripts_only(ika_msgs)
[3.967s] DEBUG:colcon.colcon_core.event_handler.log_command:Invoked command in '/home/sukru/ika_teknofest_aventra_ws/build/ika_msgs' returned '0': CMAKE_PREFIX_PATH=${CMAKE_PREFIX_PATH}:/home/sukru/ika_teknofest_aventra_ws/install/ika_sensors:/home/sukru/ai_autonomi_ws/install/ika_autonomi:/home/sukru/Desktop/otonom_atis/install/python_pkg:/home/sukru/ros_ws_vacuum_bot/install/vacuum_teleop:/home/sukru/ros_ws_vacuum_bot/install/vacuum_sensors:/home/sukru/ros_ws_vacuum_bot/install/vacuum_navigation:/home/sukru/ros_ws_vacuum_bot/install/vacuum_msgs:/home/sukru/ros_ws_vacuum_bot/install/vacuum_mapping:/home/sukru/ros_ws_vacuum_bot/install/vacuum_description:/home/sukru/ros_ws_vacuum_bot/install/vacuum_control:/home/sukru/ros_ws_vacuum_bot/install/vacuum_bringup:/home/sukru/ros_ws_demo/install/python_pkg:/opt/ros/humble /usr/bin/cmake --install /home/sukru/ika_teknofest_aventra_ws/build/ika_msgs
[3.969s] Level 1:colcon.colcon_core.environment:checking '/home/sukru/ika_teknofest_aventra_ws/install/ika_msgs' for CMake module files
[3.969s] Level 1:colcon.colcon_core.environment:checking '/home/sukru/ika_teknofest_aventra_ws/install/ika_msgs' for CMake config files
[3.969s] Level 1:colcon.colcon_core.shell:create_environment_hook('ika_msgs', 'cmake_prefix_path')
[3.969s] INFO:colcon.colcon_core.shell:Creating environment hook '/home/sukru/ika_teknofest_aventra_ws/install/ika_msgs/share/ika_msgs/hook/cmake_prefix_path.ps1'
[3.970s] INFO:colcon.colcon_core.shell:Creating environment descriptor '/home/sukru/ika_teknofest_aventra_ws/install/ika_msgs/share/ika_msgs/hook/cmake_prefix_path.dsv'
[3.970s] INFO:colcon.colcon_core.shell:Creating environment hook '/home/sukru/ika_teknofest_aventra_ws/install/ika_msgs/share/ika_msgs/hook/cmake_prefix_path.sh'
[3.970s] Level 1:colcon.colcon_core.environment:checking '/home/sukru/ika_teknofest_aventra_ws/install/ika_msgs/lib'
[3.970s] Level 1:colcon.colcon_core.shell:create_environment_hook('ika_msgs', 'ld_library_path_lib')
[3.971s] INFO:colcon.colcon_core.shell:Creating environment hook '/home/sukru/ika_teknofest_aventra_ws/install/ika_msgs/share/ika_msgs/hook/ld_library_path_lib.ps1'
[3.971s] INFO:colcon.colcon_core.shell:Creating environment descriptor '/home/sukru/ika_teknofest_aventra_ws/install/ika_msgs/share/ika_msgs/hook/ld_library_path_lib.dsv'
[3.971s] INFO:colcon.colcon_core.shell:Creating environment hook '/home/sukru/ika_teknofest_aventra_ws/install/ika_msgs/share/ika_msgs/hook/ld_library_path_lib.sh'
[3.971s] Level 1:colcon.colcon_core.environment:checking '/home/sukru/ika_teknofest_aventra_ws/install/ika_msgs/bin'
[3.971s] Level 1:colcon.colcon_core.environment:checking '/home/sukru/ika_teknofest_aventra_ws/install/ika_msgs/lib/pkgconfig/ika_msgs.pc'
[3.971s] Level 1:colcon.colcon_core.environment:checking '/home/sukru/ika_teknofest_aventra_ws/install/ika_msgs/lib/python3.10/site-packages'
[3.971s] Level 1:colcon.colcon_core.environment:checking '/home/sukru/ika_teknofest_aventra_ws/install/ika_msgs/bin'
[3.972s] INFO:colcon.colcon_core.shell:Creating package script '/home/sukru/ika_teknofest_aventra_ws/install/ika_msgs/share/ika_msgs/package.ps1'
[3.972s] INFO:colcon.colcon_core.shell:Creating package descriptor '/home/sukru/ika_teknofest_aventra_ws/install/ika_msgs/share/ika_msgs/package.dsv'
[3.973s] INFO:colcon.colcon_core.shell:Creating package script '/home/sukru/ika_teknofest_aventra_ws/install/ika_msgs/share/ika_msgs/package.sh'
[3.973s] INFO:colcon.colcon_core.shell:Creating package script '/home/sukru/ika_teknofest_aventra_ws/install/ika_msgs/share/ika_msgs/package.bash'
[3.974s] INFO:colcon.colcon_core.shell:Creating package script '/home/sukru/ika_teknofest_aventra_ws/install/ika_msgs/share/ika_msgs/package.zsh'
[3.974s] Level 1:colcon.colcon_core.environment:create_file_with_runtime_dependencies(/home/sukru/ika_teknofest_aventra_ws/install/ika_msgs/share/colcon-core/packages/ika_msgs)
[3.975s] Level 1:colcon.colcon_core.environment:create_environment_scripts_only(ika_msgs)
[3.975s] Level 1:colcon.colcon_core.environment:checking '/home/sukru/ika_teknofest_aventra_ws/install/ika_msgs' for CMake module files
[3.976s] Level 1:colcon.colcon_core.environment:checking '/home/sukru/ika_teknofest_aventra_ws/install/ika_msgs' for CMake config files
[3.976s] Level 1:colcon.colcon_core.shell:create_environment_hook('ika_msgs', 'cmake_prefix_path')
[3.976s] INFO:colcon.colcon_core.shell:Creating environment hook '/home/sukru/ika_teknofest_aventra_ws/install/ika_msgs/share/ika_msgs/hook/cmake_prefix_path.ps1'
[3.977s] INFO:colcon.colcon_core.shell:Creating environment descriptor '/home/sukru/ika_teknofest_aventra_ws/install/ika_msgs/share/ika_msgs/hook/cmake_prefix_path.dsv'
[3.977s] INFO:colcon.colcon_core.shell:Creating environment hook '/home/sukru/ika_teknofest_aventra_ws/install/ika_msgs/share/ika_msgs/hook/cmake_prefix_path.sh'
[3.977s] Level 1:colcon.colcon_core.environment:checking '/home/sukru/ika_teknofest_aventra_ws/install/ika_msgs/lib'
[3.977s] Level 1:colcon.colcon_core.shell:create_environment_hook('ika_msgs', 'ld_library_path_lib')
[3.978s] INFO:colcon.colcon_core.shell:Creating environment hook '/home/sukru/ika_teknofest_aventra_ws/install/ika_msgs/share/ika_msgs/hook/ld_library_path_lib.ps1'
[3.978s] INFO:colcon.colcon_core.shell:Creating environment descriptor '/home/sukru/ika_teknofest_aventra_ws/install/ika_msgs/share/ika_msgs/hook/ld_library_path_lib.dsv'
[3.978s] INFO:colcon.colcon_core.shell:Creating environment hook '/home/sukru/ika_teknofest_aventra_ws/install/ika_msgs/share/ika_msgs/hook/ld_library_path_lib.sh'
[3.978s] Level 1:colcon.colcon_core.environment:checking '/home/sukru/ika_teknofest_aventra_ws/install/ika_msgs/bin'
[3.979s] Level 1:colcon.colcon_core.environment:checking '/home/sukru/ika_teknofest_aventra_ws/install/ika_msgs/lib/pkgconfig/ika_msgs.pc'
[3.979s] Level 1:colcon.colcon_core.environment:checking '/home/sukru/ika_teknofest_aventra_ws/install/ika_msgs/lib/python3.10/site-packages'
[3.979s] Level 1:colcon.colcon_core.environment:checking '/home/sukru/ika_teknofest_aventra_ws/install/ika_msgs/bin'
[3.979s] INFO:colcon.colcon_core.shell:Creating package script '/home/sukru/ika_teknofest_aventra_ws/install/ika_msgs/share/ika_msgs/package.ps1'
[3.980s] INFO:colcon.colcon_core.shell:Creating package descriptor '/home/sukru/ika_teknofest_aventra_ws/install/ika_msgs/share/ika_msgs/package.dsv'
[3.980s] INFO:colcon.colcon_core.shell:Creating package script '/home/sukru/ika_teknofest_aventra_ws/install/ika_msgs/share/ika_msgs/package.sh'
[3.981s] INFO:colcon.colcon_core.shell:Creating package script '/home/sukru/ika_teknofest_aventra_ws/install/ika_msgs/share/ika_msgs/package.bash'
[3.981s] INFO:colcon.colcon_core.shell:Creating package script '/home/sukru/ika_teknofest_aventra_ws/install/ika_msgs/share/ika_msgs/package.zsh'
[3.981s] Level 1:colcon.colcon_core.environment:create_file_with_runtime_dependencies(/home/sukru/ika_teknofest_aventra_ws/install/ika_msgs/share/colcon-core/packages/ika_msgs)
[3.981s] INFO:colcon.colcon_ros.task.ament_python.build:Building ROS package in '/home/sukru/ika_teknofest_aventra_ws/src/ika_sensors' with build type 'ament_python'
[3.982s] Level 1:colcon.colcon_core.shell:create_environment_hook('ika_sensors', 'ament_prefix_path')
[3.982s] INFO:colcon.colcon_core.shell:Creating environment hook '/home/sukru/ika_teknofest_aventra_ws/install/ika_sensors/share/ika_sensors/hook/ament_prefix_path.ps1'
[3.983s] INFO:colcon.colcon_core.shell:Creating environment descriptor '/home/sukru/ika_teknofest_aventra_ws/install/ika_sensors/share/ika_sensors/hook/ament_prefix_path.dsv'
[3.983s] INFO:colcon.colcon_core.shell:Creating environment hook '/home/sukru/ika_teknofest_aventra_ws/install/ika_sensors/share/ika_sensors/hook/ament_prefix_path.sh'
[3.983s] INFO:colcon.colcon_core.shell:Skip shell extension 'powershell' for command environment: Not usable outside of PowerShell
[3.983s] DEBUG:colcon.colcon_core.shell:Skip shell extension 'dsv' for command environment
[4.142s] INFO:colcon.colcon_core.task.python.build:Building Python package in '/home/sukru/ika_teknofest_aventra_ws/src/ika_sensors'
[4.143s] INFO:colcon.colcon_core.shell:Skip shell extension 'powershell' for command environment: Not usable outside of PowerShell
[4.143s] DEBUG:colcon.colcon_core.shell:Skip shell extension 'dsv' for command environment
[4.358s] DEBUG:colcon.colcon_core.event_handler.log_command:Invoking command in '/home/sukru/ika_teknofest_aventra_ws/src/ika_sensors': LD_LIBRARY_PATH=/home/sukru/ika_teknofest_aventra_ws/install/ika_msgs/lib:${LD_LIBRARY_PATH} PYTHONPATH=/home/sukru/ika_teknofest_aventra_ws/build/ika_sensors/prefix_override:/usr/lib/python3/dist-packages/colcon_core/task/python/colcon_distutils_commands:/home/sukru/ika_teknofest_aventra_ws/install/ika_sensors/lib/python3.10/site-packages:/home/sukru/ika_teknofest_aventra_ws/install/ika_msgs/local/lib/python3.10/dist-packages:${PYTHONPATH} /usr/bin/python3 -W ignore:setup.py install is deprecated -W ignore:easy_install command is deprecated setup.py egg_info --egg-base ../../build/ika_sensors build --build-base /home/sukru/ika_teknofest_aventra_ws/build/ika_sensors/build install --record /home/sukru/ika_teknofest_aventra_ws/build/ika_sensors/install.log --single-version-externally-managed install_data
[4.519s] Level 1:colcon.colcon_core.environment:checking '/home/sukru/ika_teknofest_aventra_ws/install/ika_sensors' for CMake module files
[4.520s] DEBUG:colcon.colcon_core.event_handler.log_command:Invoked command in '/home/sukru/ika_teknofest_aventra_ws/src/ika_sensors' returned '0': LD_LIBRARY_PATH=/home/sukru/ika_teknofest_aventra_ws/install/ika_msgs/lib:${LD_LIBRARY_PATH} PYTHONPATH=/home/sukru/ika_teknofest_aventra_ws/build/ika_sensors/prefix_override:/usr/lib/python3/dist-packages/colcon_core/task/python/colcon_distutils_commands:/home/sukru/ika_teknofest_aventra_ws/install/ika_sensors/lib/python3.10/site-packages:/home/sukru/ika_teknofest_aventra_ws/install/ika_msgs/local/lib/python3.10/dist-packages:${PYTHONPATH} /usr/bin/python3 -W ignore:setup.py install is deprecated -W ignore:easy_install command is deprecated setup.py egg_info --egg-base ../../build/ika_sensors build --build-base /home/sukru/ika_teknofest_aventra_ws/build/ika_sensors/build install --record /home/sukru/ika_teknofest_aventra_ws/build/ika_sensors/install.log --single-version-externally-managed install_data
[4.520s] Level 1:colcon.colcon_core.environment:checking '/home/sukru/ika_teknofest_aventra_ws/install/ika_sensors' for CMake config files
[4.520s] Level 1:colcon.colcon_core.environment:checking '/home/sukru/ika_teknofest_aventra_ws/install/ika_sensors/lib'
[4.521s] Level 1:colcon.colcon_core.environment:checking '/home/sukru/ika_teknofest_aventra_ws/install/ika_sensors/bin'
[4.521s] Level 1:colcon.colcon_core.environment:checking '/home/sukru/ika_teknofest_aventra_ws/install/ika_sensors/lib/pkgconfig/ika_sensors.pc'
[4.521s] Level 1:colcon.colcon_core.environment:checking '/home/sukru/ika_teknofest_aventra_ws/install/ika_sensors/lib/python3.10/site-packages'
[4.521s] Level 1:colcon.colcon_core.shell:create_environment_hook('ika_sensors', 'pythonpath')
[4.521s] INFO:colcon.colcon_core.shell:Creating environment hook '/home/sukru/ika_teknofest_aventra_ws/install/ika_sensors/share/ika_sensors/hook/pythonpath.ps1'
[4.521s] INFO:colcon.colcon_core.shell:Creating environment descriptor '/home/sukru/ika_teknofest_aventra_ws/install/ika_sensors/share/ika_sensors/hook/pythonpath.dsv'
[4.522s] INFO:colcon.colcon_core.shell:Creating environment hook '/home/sukru/ika_teknofest_aventra_ws/install/ika_sensors/share/ika_sensors/hook/pythonpath.sh'
[4.522s] Level 1:colcon.colcon_core.environment:checking '/home/sukru/ika_teknofest_aventra_ws/install/ika_sensors/bin'
[4.522s] Level 1:colcon.colcon_core.environment:create_environment_scripts_only(ika_sensors)
[4.523s] INFO:colcon.colcon_core.shell:Creating package script '/home/sukru/ika_teknofest_aventra_ws/install/ika_sensors/share/ika_sensors/package.ps1'
[4.523s] INFO:colcon.colcon_core.shell:Creating package descriptor '/home/sukru/ika_teknofest_aventra_ws/install/ika_sensors/share/ika_sensors/package.dsv'
[4.523s] INFO:colcon.colcon_core.shell:Creating package script '/home/sukru/ika_teknofest_aventra_ws/install/ika_sensors/share/ika_sensors/package.sh'
[4.524s] INFO:colcon.colcon_core.shell:Creating package script '/home/sukru/ika_teknofest_aventra_ws/install/ika_sensors/share/ika_sensors/package.bash'
[4.524s] INFO:colcon.colcon_core.shell:Creating package script '/home/sukru/ika_teknofest_aventra_ws/install/ika_sensors/share/ika_sensors/package.zsh'
[4.524s] Level 1:colcon.colcon_core.environment:create_file_with_runtime_dependencies(/home/sukru/ika_teknofest_aventra_ws/install/ika_sensors/share/colcon-core/packages/ika_sensors)
[4.524s] DEBUG:colcon.colcon_parallel_executor.executor.parallel:closing loop
[4.525s] DEBUG:colcon.colcon_parallel_executor.executor.parallel:loop closed
[4.525s] DEBUG:colcon.colcon_parallel_executor.executor.parallel:run_until_complete finished with '0'
[4.525s] DEBUG:colcon.colcon_core.event_reactor:joining thread
[4.529s] INFO:colcon.colcon_core.plugin_system:Skipping extension 'colcon_notification.desktop_notification.terminal_notifier': Not used on non-Darwin systems
[4.530s] INFO:colcon.colcon_core.plugin_system:Skipping extension 'colcon_notification.desktop_notification.win32': Not used on non-Windows systems
[4.530s] INFO:colcon.colcon_notification.desktop_notification:Sending desktop notification using 'notify2'
[4.538s] DEBUG:colcon.colcon_core.event_reactor:joined thread
[4.539s] INFO:colcon.colcon_core.shell:Creating prefix script '/home/sukru/ika_teknofest_aventra_ws/install/local_setup.ps1'
[4.539s] INFO:colcon.colcon_core.shell:Creating prefix util module '/home/sukru/ika_teknofest_aventra_ws/install/_local_setup_util_ps1.py'
[4.540s] INFO:colcon.colcon_core.shell:Creating prefix chain script '/home/sukru/ika_teknofest_aventra_ws/install/setup.ps1'
[4.542s] INFO:colcon.colcon_core.shell:Creating prefix script '/home/sukru/ika_teknofest_aventra_ws/install/local_setup.sh'
[4.542s] INFO:colcon.colcon_core.shell:Creating prefix util module '/home/sukru/ika_teknofest_aventra_ws/install/_local_setup_util_sh.py'
[4.543s] INFO:colcon.colcon_core.shell:Creating prefix chain script '/home/sukru/ika_teknofest_aventra_ws/install/setup.sh'
[4.544s] INFO:colcon.colcon_core.shell:Creating prefix script '/home/sukru/ika_teknofest_aventra_ws/install/local_setup.bash'
[4.545s] INFO:colcon.colcon_core.shell:Creating prefix chain script '/home/sukru/ika_teknofest_aventra_ws/install/setup.bash'
[4.546s] INFO:colcon.colcon_core.shell:Creating prefix script '/home/sukru/ika_teknofest_aventra_ws/install/local_setup.zsh'
[4.547s] INFO:colcon.colcon_core.shell:Creating prefix chain script '/home/sukru/ika_teknofest_aventra_ws/install/setup.zsh'
