[0.795s] Invoking command in '/home/yildiz/IKA_AVENTRA_WORKSPACE/ika_aventra/build/ika_interfaces': CMAKE_PREFIX_PATH=/home/yildiz/ros2_ws/install/my_robot_pkg:/home/yildiz/ros2_ws/install/motion_controller:/opt/ros/humble /usr/bin/cmake /home/yildiz/IKA_AVENTRA_WORKSPACE/ika_aventra/src/ika_interfaces -DAMENT_CMAKE_SYMLINK_INSTALL=1 -DCMAKE_INSTALL_PREFIX=/home/yildiz/IKA_AVENTRA_WORKSPACE/ika_aventra/install/ika_interfaces
[1.116s] -- The C compiler identification is GNU 11.4.0
[1.572s] -- The CXX compiler identification is GNU 11.4.0
[1.625s] -- Detecting C compiler ABI info
[1.897s] -- Detecting C compiler ABI info - done
[1.897s] -- Check for working C compiler: /usr/bin/cc - skipped
[1.897s] -- Detecting C compile features
[1.897s] -- Detecting C compile features - done
[1.898s] -- Detecting CXX compiler ABI info
[2.127s] -- Detecting CXX compiler ABI info - done
[2.127s] -- Check for working CXX compiler: /usr/bin/c++ - skipped
[2.127s] -- Detecting CXX compile features
[2.127s] -- Detecting CXX compile features - done
[2.150s] -- Found ament_cmake: 1.3.12 (/opt/ros/humble/share/ament_cmake/cmake)
[2.376s] -- Found Python3: /usr/bin/python3 (found version "3.10.12") found components: Interpreter 
[2.483s] -- Override CMake install command with custom implementation using symlinks instead of copying resources
[2.571s] -- Found ament_lint_auto: 0.12.14 (/opt/ros/humble/share/ament_lint_auto/cmake)
[2.677s] -- Added test 'lint_cmake' to check CMake code style
[2.679s] -- Added test 'xmllint' to check XML markup files
[2.682s] -- Configuring done
[2.685s] -- Generating done
[2.688s] -- Build files have been written to: /home/yildiz/IKA_AVENTRA_WORKSPACE/ika_aventra/build/ika_interfaces
[2.933s] Invoked command in '/home/yildiz/IKA_AVENTRA_WORKSPACE/ika_aventra/build/ika_interfaces' returned '0': CMAKE_PREFIX_PATH=/home/yildiz/ros2_ws/install/my_robot_pkg:/home/yildiz/ros2_ws/install/motion_controller:/opt/ros/humble /usr/bin/cmake /home/yildiz/IKA_AVENTRA_WORKSPACE/ika_aventra/src/ika_interfaces -DAMENT_CMAKE_SYMLINK_INSTALL=1 -DCMAKE_INSTALL_PREFIX=/home/yildiz/IKA_AVENTRA_WORKSPACE/ika_aventra/install/ika_interfaces
[2.936s] Invoking command in '/home/yildiz/IKA_AVENTRA_WORKSPACE/ika_aventra/build/ika_interfaces': CMAKE_PREFIX_PATH=/home/yildiz/ros2_ws/install/my_robot_pkg:/home/yildiz/ros2_ws/install/motion_controller:/opt/ros/humble /usr/bin/cmake --build /home/yildiz/IKA_AVENTRA_WORKSPACE/ika_aventra/build/ika_interfaces -- -j7 -l7
[2.996s] Invoked command in '/home/yildiz/IKA_AVENTRA_WORKSPACE/ika_aventra/build/ika_interfaces' returned '0': CMAKE_PREFIX_PATH=/home/yildiz/ros2_ws/install/my_robot_pkg:/home/yildiz/ros2_ws/install/motion_controller:/opt/ros/humble /usr/bin/cmake --build /home/yildiz/IKA_AVENTRA_WORKSPACE/ika_aventra/build/ika_interfaces -- -j7 -l7
[3.011s] Invoking command in '/home/yildiz/IKA_AVENTRA_WORKSPACE/ika_aventra/build/ika_interfaces': CMAKE_PREFIX_PATH=/home/yildiz/ros2_ws/install/my_robot_pkg:/home/yildiz/ros2_ws/install/motion_controller:/opt/ros/humble /usr/bin/cmake --install /home/yildiz/IKA_AVENTRA_WORKSPACE/ika_aventra/build/ika_interfaces
[3.021s] -- Install configuration: ""
[3.021s] -- Execute custom install script
[3.022s] -- Symlinking: /home/yildiz/IKA_AVENTRA_WORKSPACE/ika_aventra/install/ika_interfaces/share/ament_index/resource_index/package_run_dependencies/ika_interfaces
[3.034s] -- Symlinking: /home/yildiz/IKA_AVENTRA_WORKSPACE/ika_aventra/install/ika_interfaces/share/ament_index/resource_index/parent_prefix_path/ika_interfaces
[3.045s] -- Symlinking: /home/yildiz/IKA_AVENTRA_WORKSPACE/ika_aventra/install/ika_interfaces/share/ika_interfaces/environment/ament_prefix_path.sh
[3.057s] -- Symlinking: /home/yildiz/IKA_AVENTRA_WORKSPACE/ika_aventra/install/ika_interfaces/share/ika_interfaces/environment/ament_prefix_path.dsv
[3.069s] -- Symlinking: /home/yildiz/IKA_AVENTRA_WORKSPACE/ika_aventra/install/ika_interfaces/share/ika_interfaces/environment/path.sh
[3.084s] -- Symlinking: /home/yildiz/IKA_AVENTRA_WORKSPACE/ika_aventra/install/ika_interfaces/share/ika_interfaces/environment/path.dsv
[3.094s] -- Symlinking: /home/yildiz/IKA_AVENTRA_WORKSPACE/ika_aventra/install/ika_interfaces/share/ika_interfaces/local_setup.bash
[3.108s] -- Symlinking: /home/yildiz/IKA_AVENTRA_WORKSPACE/ika_aventra/install/ika_interfaces/share/ika_interfaces/local_setup.sh
[3.118s] -- Symlinking: /home/yildiz/IKA_AVENTRA_WORKSPACE/ika_aventra/install/ika_interfaces/share/ika_interfaces/local_setup.zsh
[3.130s] -- Symlinking: /home/yildiz/IKA_AVENTRA_WORKSPACE/ika_aventra/install/ika_interfaces/share/ika_interfaces/local_setup.dsv
[3.141s] -- Symlinking: /home/yildiz/IKA_AVENTRA_WORKSPACE/ika_aventra/install/ika_interfaces/share/ika_interfaces/package.dsv
[3.153s] -- Symlinking: /home/yildiz/IKA_AVENTRA_WORKSPACE/ika_aventra/install/ika_interfaces/share/ament_index/resource_index/packages/ika_interfaces
[3.166s] -- Symlinking: /home/yildiz/IKA_AVENTRA_WORKSPACE/ika_aventra/install/ika_interfaces/share/ika_interfaces/cmake/ika_interfacesConfig.cmake
[3.187s] -- Symlinking: /home/yildiz/IKA_AVENTRA_WORKSPACE/ika_aventra/install/ika_interfaces/share/ika_interfaces/cmake/ika_interfacesConfig-version.cmake
[3.200s] -- Symlinking: /home/yildiz/IKA_AVENTRA_WORKSPACE/ika_aventra/install/ika_interfaces/share/ika_interfaces/package.xml
[3.215s] Invoked command in '/home/yildiz/IKA_AVENTRA_WORKSPACE/ika_aventra/build/ika_interfaces' returned '0': CMAKE_PREFIX_PATH=/home/yildiz/ros2_ws/install/my_robot_pkg:/home/yildiz/ros2_ws/install/motion_controller:/opt/ros/humble /usr/bin/cmake --install /home/yildiz/IKA_AVENTRA_WORKSPACE/ika_aventra/build/ika_interfaces
