[0.356s] Invoking command in '/home/sukru/Desktop/otonom_atis/src/python_pkg': PYTHONPATH=/home/sukru/Desktop/otonom_atis/build/python_pkg/prefix_override:/usr/lib/python3/dist-packages/colcon_core/task/python/colcon_distutils_commands:/home/sukru/Desktop/otonom_atis/install/python_pkg/lib/python3.10/site-packages:${PYTHONPATH} /usr/bin/python3 -W ignore:setup.py install is deprecated -W ignore:easy_install command is deprecated setup.py egg_info --egg-base ../../build/python_pkg build --build-base /home/sukru/Desktop/otonom_atis/build/python_pkg/build install --record /home/sukru/Desktop/otonom_atis/build/python_pkg/install.log --single-version-externally-managed install_data
[0.492s] running egg_info
[0.492s] creating ../../build/python_pkg/python_pkg.egg-info
[0.492s] writing ../../build/python_pkg/python_pkg.egg-info/PKG-INFO
[0.492s] writing dependency_links to ../../build/python_pkg/python_pkg.egg-info/dependency_links.txt
[0.492s] writing entry points to ../../build/python_pkg/python_pkg.egg-info/entry_points.txt
[0.493s] writing requirements to ../../build/python_pkg/python_pkg.egg-info/requires.txt
[0.493s] writing top-level names to ../../build/python_pkg/python_pkg.egg-info/top_level.txt
[0.493s] writing manifest file '../../build/python_pkg/python_pkg.egg-info/SOURCES.txt'
[0.493s] reading manifest file '../../build/python_pkg/python_pkg.egg-info/SOURCES.txt'
[0.494s] writing manifest file '../../build/python_pkg/python_pkg.egg-info/SOURCES.txt'
[0.494s] running build
[0.494s] running build_py
[0.494s] creating /home/sukru/Desktop/otonom_atis/build/python_pkg/build
[0.494s] creating /home/sukru/Desktop/otonom_atis/build/python_pkg/build/lib
[0.494s] creating /home/sukru/Desktop/otonom_atis/build/python_pkg/build/lib/python_pkg
[0.494s] copying python_pkg/__init__.py -> /home/sukru/Desktop/otonom_atis/build/python_pkg/build/lib/python_pkg
[0.494s] running install
[0.495s] running install_lib
[0.495s] creating /home/sukru/Desktop/otonom_atis/install/python_pkg/lib/python3.10/site-packages/python_pkg
[0.495s] copying /home/sukru/Desktop/otonom_atis/build/python_pkg/build/lib/python_pkg/__init__.py -> /home/sukru/Desktop/otonom_atis/install/python_pkg/lib/python3.10/site-packages/python_pkg
[0.495s] byte-compiling /home/sukru/Desktop/otonom_atis/install/python_pkg/lib/python3.10/site-packages/python_pkg/__init__.py to __init__.cpython-310.pyc
[0.495s] running install_data
[0.495s] creating /home/sukru/Desktop/otonom_atis/install/python_pkg/share/ament_index
[0.495s] creating /home/sukru/Desktop/otonom_atis/install/python_pkg/share/ament_index/resource_index
[0.496s] creating /home/sukru/Desktop/otonom_atis/install/python_pkg/share/ament_index/resource_index/packages
[0.496s] copying resource/python_pkg -> /home/sukru/Desktop/otonom_atis/install/python_pkg/share/ament_index/resource_index/packages
[0.496s] copying package.xml -> /home/sukru/Desktop/otonom_atis/install/python_pkg/share/python_pkg
[0.496s] running install_egg_info
[0.496s] Copying ../../build/python_pkg/python_pkg.egg-info to /home/sukru/Desktop/otonom_atis/install/python_pkg/lib/python3.10/site-packages/python_pkg-0.0.0-py3.10.egg-info
[0.497s] running install_scripts
[0.508s] writing list of installed files to '/home/sukru/Desktop/otonom_atis/build/python_pkg/install.log'
[0.521s] Invoked command in '/home/sukru/Desktop/otonom_atis/src/python_pkg' returned '0': PYTHONPATH=/home/sukru/Desktop/otonom_atis/build/python_pkg/prefix_override:/usr/lib/python3/dist-packages/colcon_core/task/python/colcon_distutils_commands:/home/sukru/Desktop/otonom_atis/install/python_pkg/lib/python3.10/site-packages:${PYTHONPATH} /usr/bin/python3 -W ignore:setup.py install is deprecated -W ignore:easy_install command is deprecated setup.py egg_info --egg-base ../../build/python_pkg build --build-base /home/sukru/Desktop/otonom_atis/build/python_pkg/build install --record /home/sukru/Desktop/otonom_atis/build/python_pkg/install.log --single-version-externally-managed install_data
