[2.033s] Invoking command in '/home/sukru/ika_teknofest_aventra_ws/src/ika_control': PYTHONPATH=/home/sukru/ika_teknofest_aventra_ws/build/ika_control/prefix_override:/usr/lib/python3/dist-packages/colcon_core/task/python/colcon_distutils_commands:/home/sukru/ika_teknofest_aventra_ws/install/ika_control/lib/python3.10/site-packages:${PYTHONPATH} /usr/bin/python3 -W ignore:setup.py install is deprecated -W ignore:easy_install command is deprecated setup.py egg_info --egg-base ../../build/ika_control build --build-base /home/sukru/ika_teknofest_aventra_ws/build/ika_control/build install --record /home/sukru/ika_teknofest_aventra_ws/build/ika_control/install.log --single-version-externally-managed install_data
[2.267s] running egg_info
[2.268s] writing ../../build/ika_control/ika_control.egg-info/PKG-INFO
[2.268s] writing dependency_links to ../../build/ika_control/ika_control.egg-info/dependency_links.txt
[2.268s] writing entry points to ../../build/ika_control/ika_control.egg-info/entry_points.txt
[2.268s] writing requirements to ../../build/ika_control/ika_control.egg-info/requires.txt
[2.269s] writing top-level names to ../../build/ika_control/ika_control.egg-info/top_level.txt
[2.270s] reading manifest file '../../build/ika_control/ika_control.egg-info/SOURCES.txt'
[2.271s] writing manifest file '../../build/ika_control/ika_control.egg-info/SOURCES.txt'
[2.271s] running build
[2.272s] running build_py
[2.272s] running install
[2.272s] running install_lib
[2.273s] running install_data
[2.273s] copying launch/spawn_controllers.launch.py -> /home/sukru/ika_teknofest_aventra_ws/install/ika_control/share/ika_control/launch
[2.273s] copying config/rover_controllers.yaml -> /home/sukru/ika_teknofest_aventra_ws/install/ika_control/share/ika_control/config
[2.274s] running install_egg_info
[2.275s] removing '/home/sukru/ika_teknofest_aventra_ws/install/ika_control/lib/python3.10/site-packages/ika_control-0.0.0-py3.10.egg-info' (and everything under it)
[2.276s] Copying ../../build/ika_control/ika_control.egg-info to /home/sukru/ika_teknofest_aventra_ws/install/ika_control/lib/python3.10/site-packages/ika_control-0.0.0-py3.10.egg-info
[2.276s] running install_scripts
[2.299s] writing list of installed files to '/home/sukru/ika_teknofest_aventra_ws/build/ika_control/install.log'
[2.353s] Invoked command in '/home/sukru/ika_teknofest_aventra_ws/src/ika_control' returned '0': PYTHONPATH=/home/sukru/ika_teknofest_aventra_ws/build/ika_control/prefix_override:/usr/lib/python3/dist-packages/colcon_core/task/python/colcon_distutils_commands:/home/sukru/ika_teknofest_aventra_ws/install/ika_control/lib/python3.10/site-packages:${PYTHONPATH} /usr/bin/python3 -W ignore:setup.py install is deprecated -W ignore:easy_install command is deprecated setup.py egg_info --egg-base ../../build/ika_control build --build-base /home/sukru/ika_teknofest_aventra_ws/build/ika_control/build install --record /home/sukru/ika_teknofest_aventra_ws/build/ika_control/install.log --single-version-externally-managed install_data
