running egg_info
creating ../../build/ika_sensors/ika_sensors.egg-info
writing ../../build/ika_sensors/ika_sensors.egg-info/PKG-INFO
writing dependency_links to ../../build/ika_sensors/ika_sensors.egg-info/dependency_links.txt
writing entry points to ../../build/ika_sensors/ika_sensors.egg-info/entry_points.txt
writing requirements to ../../build/ika_sensors/ika_sensors.egg-info/requires.txt
writing top-level names to ../../build/ika_sensors/ika_sensors.egg-info/top_level.txt
writing manifest file '../../build/ika_sensors/ika_sensors.egg-info/SOURCES.txt'
reading manifest file '../../build/ika_sensors/ika_sensors.egg-info/SOURCES.txt'
writing manifest file '../../build/ika_sensors/ika_sensors.egg-info/SOURCES.txt'
running build
running build_py
creating /home/sukru/ika_teknofest_aventra_ws/build/ika_sensors/build
creating /home/sukru/ika_teknofest_aventra_ws/build/ika_sensors/build/lib
creating /home/sukru/ika_teknofest_aventra_ws/build/ika_sensors/build/lib/ika_sensors
copying ika_sensors/__init__.py -> /home/sukru/ika_teknofest_aventra_ws/build/ika_sensors/build/lib/ika_sensors
copying ika_sensors/laser_range_node.py -> /home/sukru/ika_teknofest_aventra_ws/build/ika_sensors/build/lib/ika_sensors
copying ika_sensors/pressure_altitude_node.py -> /home/sukru/ika_teknofest_aventra_ws/build/ika_sensors/build/lib/ika_sensors
copying ika_sensors/temp_humidity_node.py -> /home/sukru/ika_teknofest_aventra_ws/build/ika_sensors/build/lib/ika_sensors
running install
running install_lib
creating /home/sukru/ika_teknofest_aventra_ws/install/ika_sensors/lib/python3.10/site-packages/ika_sensors
copying /home/sukru/ika_teknofest_aventra_ws/build/ika_sensors/build/lib/ika_sensors/__init__.py -> /home/sukru/ika_teknofest_aventra_ws/install/ika_sensors/lib/python3.10/site-packages/ika_sensors
copying /home/sukru/ika_teknofest_aventra_ws/build/ika_sensors/build/lib/ika_sensors/laser_range_node.py -> /home/sukru/ika_teknofest_aventra_ws/install/ika_sensors/lib/python3.10/site-packages/ika_sensors
copying /home/sukru/ika_teknofest_aventra_ws/build/ika_sensors/build/lib/ika_sensors/pressure_altitude_node.py -> /home/sukru/ika_teknofest_aventra_ws/install/ika_sensors/lib/python3.10/site-packages/ika_sensors
copying /home/sukru/ika_teknofest_aventra_ws/build/ika_sensors/build/lib/ika_sensors/temp_humidity_node.py -> /home/sukru/ika_teknofest_aventra_ws/install/ika_sensors/lib/python3.10/site-packages/ika_sensors
byte-compiling /home/sukru/ika_teknofest_aventra_ws/install/ika_sensors/lib/python3.10/site-packages/ika_sensors/__init__.py to __init__.cpython-310.pyc
byte-compiling /home/sukru/ika_teknofest_aventra_ws/install/ika_sensors/lib/python3.10/site-packages/ika_sensors/laser_range_node.py to laser_range_node.cpython-310.pyc
byte-compiling /home/sukru/ika_teknofest_aventra_ws/install/ika_sensors/lib/python3.10/site-packages/ika_sensors/pressure_altitude_node.py to pressure_altitude_node.cpython-310.pyc
byte-compiling /home/sukru/ika_teknofest_aventra_ws/install/ika_sensors/lib/python3.10/site-packages/ika_sensors/temp_humidity_node.py to temp_humidity_node.cpython-310.pyc
running install_data
creating /home/sukru/ika_teknofest_aventra_ws/install/ika_sensors/share/ament_index
creating /home/sukru/ika_teknofest_aventra_ws/install/ika_sensors/share/ament_index/resource_index
creating /home/sukru/ika_teknofest_aventra_ws/install/ika_sensors/share/ament_index/resource_index/packages
copying resource/ika_sensors -> /home/sukru/ika_teknofest_aventra_ws/install/ika_sensors/share/ament_index/resource_index/packages
copying package.xml -> /home/sukru/ika_teknofest_aventra_ws/install/ika_sensors/share/ika_sensors
creating /home/sukru/ika_teknofest_aventra_ws/install/ika_sensors/share/ika_sensors/launch
copying launch/imu.launch.py -> /home/sukru/ika_teknofest_aventra_ws/install/ika_sensors/share/ika_sensors/launch
copying launch/lidar.launch.py -> /home/sukru/ika_teknofest_aventra_ws/install/ika_sensors/share/ika_sensors/launch
copying launch/environmental.launch.py -> /home/sukru/ika_teknofest_aventra_ws/install/ika_sensors/share/ika_sensors/launch
copying launch/cameras.launch.py -> /home/sukru/ika_teknofest_aventra_ws/install/ika_sensors/share/ika_sensors/launch
copying launch/gps.launch.py -> /home/sukru/ika_teknofest_aventra_ws/install/ika_sensors/share/ika_sensors/launch
running install_egg_info
Copying ../../build/ika_sensors/ika_sensors.egg-info to /home/sukru/ika_teknofest_aventra_ws/install/ika_sensors/lib/python3.10/site-packages/ika_sensors-0.0.1-py3.10.egg-info
running install_scripts
Installing laser_range_node script to /home/sukru/ika_teknofest_aventra_ws/install/ika_sensors/lib/ika_sensors
Installing pressure_altitude_node script to /home/sukru/ika_teknofest_aventra_ws/install/ika_sensors/lib/ika_sensors
Installing temp_humidity_node script to /home/sukru/ika_teknofest_aventra_ws/install/ika_sensors/lib/ika_sensors
writing list of installed files to '/home/sukru/ika_teknofest_aventra_ws/build/ika_sensors/install.log'
