[0.376s] Invoking command in '/home/sukru/ika_teknofest_aventra_ws/src/ika_sensors': LD_LIBRARY_PATH=/home/sukru/ika_teknofest_aventra_ws/install/ika_msgs/lib:${LD_LIBRARY_PATH} PYTHONPATH=/home/sukru/ika_teknofest_aventra_ws/build/ika_sensors/prefix_override:/usr/lib/python3/dist-packages/colcon_core/task/python/colcon_distutils_commands:/home/sukru/ika_teknofest_aventra_ws/install/ika_sensors/lib/python3.10/site-packages:/home/sukru/ika_teknofest_aventra_ws/install/ika_msgs/local/lib/python3.10/dist-packages:${PYTHONPATH} /usr/bin/python3 -W ignore:setup.py install is deprecated -W ignore:easy_install command is deprecated setup.py egg_info --egg-base ../../build/ika_sensors build --build-base /home/sukru/ika_teknofest_aventra_ws/build/ika_sensors/build install --record /home/sukru/ika_teknofest_aventra_ws/build/ika_sensors/install.log --single-version-externally-managed install_data
[0.508s] running egg_info
[0.509s] creating ../../build/ika_sensors/ika_sensors.egg-info
[0.509s] writing ../../build/ika_sensors/ika_sensors.egg-info/PKG-INFO
[0.509s] writing dependency_links to ../../build/ika_sensors/ika_sensors.egg-info/dependency_links.txt
[0.509s] writing entry points to ../../build/ika_sensors/ika_sensors.egg-info/entry_points.txt
[0.509s] writing requirements to ../../build/ika_sensors/ika_sensors.egg-info/requires.txt
[0.509s] writing top-level names to ../../build/ika_sensors/ika_sensors.egg-info/top_level.txt
[0.509s] writing manifest file '../../build/ika_sensors/ika_sensors.egg-info/SOURCES.txt'
[0.510s] reading manifest file '../../build/ika_sensors/ika_sensors.egg-info/SOURCES.txt'
[0.510s] writing manifest file '../../build/ika_sensors/ika_sensors.egg-info/SOURCES.txt'
[0.510s] running build
[0.510s] running build_py
[0.510s] creating /home/sukru/ika_teknofest_aventra_ws/build/ika_sensors/build
[0.510s] creating /home/sukru/ika_teknofest_aventra_ws/build/ika_sensors/build/lib
[0.510s] creating /home/sukru/ika_teknofest_aventra_ws/build/ika_sensors/build/lib/ika_sensors
[0.510s] copying ika_sensors/__init__.py -> /home/sukru/ika_teknofest_aventra_ws/build/ika_sensors/build/lib/ika_sensors
[0.510s] copying ika_sensors/laser_range_node.py -> /home/sukru/ika_teknofest_aventra_ws/build/ika_sensors/build/lib/ika_sensors
[0.510s] copying ika_sensors/pressure_altitude_node.py -> /home/sukru/ika_teknofest_aventra_ws/build/ika_sensors/build/lib/ika_sensors
[0.511s] copying ika_sensors/temp_humidity_node.py -> /home/sukru/ika_teknofest_aventra_ws/build/ika_sensors/build/lib/ika_sensors
[0.511s] running install
[0.511s] running install_lib
[0.511s] creating /home/sukru/ika_teknofest_aventra_ws/install/ika_sensors/lib/python3.10/site-packages/ika_sensors
[0.511s] copying /home/sukru/ika_teknofest_aventra_ws/build/ika_sensors/build/lib/ika_sensors/__init__.py -> /home/sukru/ika_teknofest_aventra_ws/install/ika_sensors/lib/python3.10/site-packages/ika_sensors
[0.511s] copying /home/sukru/ika_teknofest_aventra_ws/build/ika_sensors/build/lib/ika_sensors/laser_range_node.py -> /home/sukru/ika_teknofest_aventra_ws/install/ika_sensors/lib/python3.10/site-packages/ika_sensors
[0.511s] copying /home/sukru/ika_teknofest_aventra_ws/build/ika_sensors/build/lib/ika_sensors/pressure_altitude_node.py -> /home/sukru/ika_teknofest_aventra_ws/install/ika_sensors/lib/python3.10/site-packages/ika_sensors
[0.511s] copying /home/sukru/ika_teknofest_aventra_ws/build/ika_sensors/build/lib/ika_sensors/temp_humidity_node.py -> /home/sukru/ika_teknofest_aventra_ws/install/ika_sensors/lib/python3.10/site-packages/ika_sensors
[0.512s] byte-compiling /home/sukru/ika_teknofest_aventra_ws/install/ika_sensors/lib/python3.10/site-packages/ika_sensors/__init__.py to __init__.cpython-310.pyc
[0.512s] byte-compiling /home/sukru/ika_teknofest_aventra_ws/install/ika_sensors/lib/python3.10/site-packages/ika_sensors/laser_range_node.py to laser_range_node.cpython-310.pyc
[0.512s] byte-compiling /home/sukru/ika_teknofest_aventra_ws/install/ika_sensors/lib/python3.10/site-packages/ika_sensors/pressure_altitude_node.py to pressure_altitude_node.cpython-310.pyc
[0.512s] byte-compiling /home/sukru/ika_teknofest_aventra_ws/install/ika_sensors/lib/python3.10/site-packages/ika_sensors/temp_humidity_node.py to temp_humidity_node.cpython-310.pyc
[0.513s] running install_data
[0.513s] creating /home/sukru/ika_teknofest_aventra_ws/install/ika_sensors/share/ament_index
[0.513s] creating /home/sukru/ika_teknofest_aventra_ws/install/ika_sensors/share/ament_index/resource_index
[0.513s] creating /home/sukru/ika_teknofest_aventra_ws/install/ika_sensors/share/ament_index/resource_index/packages
[0.513s] copying resource/ika_sensors -> /home/sukru/ika_teknofest_aventra_ws/install/ika_sensors/share/ament_index/resource_index/packages
[0.513s] copying package.xml -> /home/sukru/ika_teknofest_aventra_ws/install/ika_sensors/share/ika_sensors
[0.513s] creating /home/sukru/ika_teknofest_aventra_ws/install/ika_sensors/share/ika_sensors/launch
[0.513s] copying launch/imu.launch.py -> /home/sukru/ika_teknofest_aventra_ws/install/ika_sensors/share/ika_sensors/launch
[0.513s] copying launch/lidar.launch.py -> /home/sukru/ika_teknofest_aventra_ws/install/ika_sensors/share/ika_sensors/launch
[0.513s] copying launch/environmental.launch.py -> /home/sukru/ika_teknofest_aventra_ws/install/ika_sensors/share/ika_sensors/launch
[0.513s] copying launch/cameras.launch.py -> /home/sukru/ika_teknofest_aventra_ws/install/ika_sensors/share/ika_sensors/launch
[0.513s] copying launch/gps.launch.py -> /home/sukru/ika_teknofest_aventra_ws/install/ika_sensors/share/ika_sensors/launch
[0.513s] running install_egg_info
[0.514s] Copying ../../build/ika_sensors/ika_sensors.egg-info to /home/sukru/ika_teknofest_aventra_ws/install/ika_sensors/lib/python3.10/site-packages/ika_sensors-0.0.1-py3.10.egg-info
[0.515s] running install_scripts
[0.525s] Installing laser_range_node script to /home/sukru/ika_teknofest_aventra_ws/install/ika_sensors/lib/ika_sensors
[0.525s] Installing pressure_altitude_node script to /home/sukru/ika_teknofest_aventra_ws/install/ika_sensors/lib/ika_sensors
[0.525s] Installing temp_humidity_node script to /home/sukru/ika_teknofest_aventra_ws/install/ika_sensors/lib/ika_sensors
[0.526s] writing list of installed files to '/home/sukru/ika_teknofest_aventra_ws/build/ika_sensors/install.log'
[0.537s] Invoked command in '/home/sukru/ika_teknofest_aventra_ws/src/ika_sensors' returned '0': LD_LIBRARY_PATH=/home/sukru/ika_teknofest_aventra_ws/install/ika_msgs/lib:${LD_LIBRARY_PATH} PYTHONPATH=/home/sukru/ika_teknofest_aventra_ws/build/ika_sensors/prefix_override:/usr/lib/python3/dist-packages/colcon_core/task/python/colcon_distutils_commands:/home/sukru/ika_teknofest_aventra_ws/install/ika_sensors/lib/python3.10/site-packages:/home/sukru/ika_teknofest_aventra_ws/install/ika_msgs/local/lib/python3.10/dist-packages:${PYTHONPATH} /usr/bin/python3 -W ignore:setup.py install is deprecated -W ignore:easy_install command is deprecated setup.py egg_info --egg-base ../../build/ika_sensors build --build-base /home/sukru/ika_teknofest_aventra_ws/build/ika_sensors/build install --record /home/sukru/ika_teknofest_aventra_ws/build/ika_sensors/install.log --single-version-externally-managed install_data
