running develop
running egg_info
creating ika_utils.egg-info
writing ika_utils.egg-info/PKG-INFO
writing dependency_links to ika_utils.egg-info/dependency_links.txt
writing entry points to ika_utils.egg-info/entry_points.txt
writing requirements to ika_utils.egg-info/requires.txt
writing top-level names to ika_utils.egg-info/top_level.txt
writing manifest file 'ika_utils.egg-info/SOURCES.txt'
reading manifest file 'ika_utils.egg-info/SOURCES.txt'
writing manifest file 'ika_utils.egg-info/SOURCES.txt'
running build_ext
Creating /home/yildiz/IKA_AVENTRA_WORKSPACE/ika_aventra/install/ika_utils/lib/python3.10/site-packages/ika-utils.egg-link (link to .)

Installed /home/yildiz/IKA_AVENTRA_WORKSPACE/ika_aventra/build/ika_utils
running symlink_data
creating /home/yildiz/IKA_AVENTRA_WORKSPACE/ika_aventra/install/ika_utils/share/ament_index
creating /home/yildiz/IKA_AVENTRA_WORKSPACE/ika_aventra/install/ika_utils/share/ament_index/resource_index
creating /home/yildiz/IKA_AVENTRA_WORKSPACE/ika_aventra/install/ika_utils/share/ament_index/resource_index/packages
symbolically linking /home/yildiz/IKA_AVENTRA_WORKSPACE/ika_aventra/build/ika_utils/resource/ika_utils -> /home/yildiz/IKA_AVENTRA_WORKSPACE/ika_aventra/install/ika_utils/share/ament_index/resource_index/packages
symbolically linking /home/yildiz/IKA_AVENTRA_WORKSPACE/ika_aventra/build/ika_utils/package.xml -> /home/yildiz/IKA_AVENTRA_WORKSPACE/ika_aventra/install/ika_utils/share/ika_utils
