[0.892s] Invoking command in '/home/yildiz/IKA_AVENTRA_WORKSPACE/ika_aventra/build/ika_utils': PYTHONPATH=/home/yildiz/IKA_AVENTRA_WORKSPACE/ika_aventra/build/ika_utils/prefix_override:/usr/lib/python3/dist-packages/colcon_core/task/python/colcon_distutils_commands:/home/yildiz/IKA_AVENTRA_WORKSPACE/ika_aventra/install/ika_utils/lib/python3.10/site-packages:${PYTHONPATH} /usr/bin/python3 -W ignore:setup.py install is deprecated -W ignore:easy_install command is deprecated setup.py develop --editable --build-directory /home/yildiz/IKA_AVENTRA_WORKSPACE/ika_aventra/build/ika_utils/build --no-deps symlink_data
[1.126s] running develop
[1.211s] running egg_info
[1.212s] creating ika_utils.egg-info
[1.212s] writing ika_utils.egg-info/PKG-INFO
[1.212s] writing dependency_links to ika_utils.egg-info/dependency_links.txt
[1.212s] writing entry points to ika_utils.egg-info/entry_points.txt
[1.213s] writing requirements to ika_utils.egg-info/requires.txt
[1.213s] writing top-level names to ika_utils.egg-info/top_level.txt
[1.213s] writing manifest file 'ika_utils.egg-info/SOURCES.txt'
[1.214s] reading manifest file 'ika_utils.egg-info/SOURCES.txt'
[1.215s] writing manifest file 'ika_utils.egg-info/SOURCES.txt'
[1.216s] running build_ext
[1.216s] Creating /home/yildiz/IKA_AVENTRA_WORKSPACE/ika_aventra/install/ika_utils/lib/python3.10/site-packages/ika-utils.egg-link (link to .)
[1.217s] 
[1.217s] Installed /home/yildiz/IKA_AVENTRA_WORKSPACE/ika_aventra/build/ika_utils
[1.217s] running symlink_data
[1.217s] creating /home/yildiz/IKA_AVENTRA_WORKSPACE/ika_aventra/install/ika_utils/share/ament_index
[1.217s] creating /home/yildiz/IKA_AVENTRA_WORKSPACE/ika_aventra/install/ika_utils/share/ament_index/resource_index
[1.217s] creating /home/yildiz/IKA_AVENTRA_WORKSPACE/ika_aventra/install/ika_utils/share/ament_index/resource_index/packages
[1.217s] symbolically linking /home/yildiz/IKA_AVENTRA_WORKSPACE/ika_aventra/build/ika_utils/resource/ika_utils -> /home/yildiz/IKA_AVENTRA_WORKSPACE/ika_aventra/install/ika_utils/share/ament_index/resource_index/packages
[1.217s] symbolically linking /home/yildiz/IKA_AVENTRA_WORKSPACE/ika_aventra/build/ika_utils/package.xml -> /home/yildiz/IKA_AVENTRA_WORKSPACE/ika_aventra/install/ika_utils/share/ika_utils
[1.244s] Invoked command in '/home/yildiz/IKA_AVENTRA_WORKSPACE/ika_aventra/build/ika_utils' returned '0': PYTHONPATH=/home/yildiz/IKA_AVENTRA_WORKSPACE/ika_aventra/build/ika_utils/prefix_override:/usr/lib/python3/dist-packages/colcon_core/task/python/colcon_distutils_commands:/home/yildiz/IKA_AVENTRA_WORKSPACE/ika_aventra/install/ika_utils/lib/python3.10/site-packages:${PYTHONPATH} /usr/bin/python3 -W ignore:setup.py install is deprecated -W ignore:easy_install command is deprecated setup.py develop --editable --build-directory /home/yildiz/IKA_AVENTRA_WORKSPACE/ika_aventra/build/ika_utils/build --no-deps symlink_data
