[0.059s] DEBUG:colcon:Command line arguments: ['/usr/bin/colcon', 'build', '--packages-select', 'ika_autonomi']
[0.059s] DEBUG:colcon:Parsed command line arguments: Namespace(log_base=None, log_level=None, verb_name='build', build_base='build', install_base='install', merge_install=False, symlink_install=False, test_result_base=None, continue_on_error=False, executor='parallel', parallel_workers=12, event_handlers=None, ignore_user_meta=False, metas=['./colcon.meta'], base_paths=['.'], packages_ignore=None, packages_ignore_regex=None, paths=None, packages_up_to=None, packages_up_to_regex=None, packages_above=None, packages_above_and_dependencies=None, packages_above_depth=None, packages_select_by_dep=None, packages_skip_by_dep=None, packages_skip_up_to=None, packages_select_build_failed=False, packages_skip_build_finished=False, packages_select_test_failures=False, packages_skip_test_passed=False, packages_select=['ika_autonomi'], packages_skip=None, packages_select_regex=None, packages_skip_regex=None, packages_start=None, packages_end=None, allow_overriding=[], cmake_args=None, cmake_target=None, cmake_target_skip_unavailable=False, cmake_clean_cache=False, cmake_clean_first=False, cmake_force_configure=False, ament_cmake_args=None, catkin_cmake_args=None, catkin_skip_building_tests=False, mixin_files=None, mixin=None, verb_parser=<colcon_mixin.mixin.mixin_argument.MixinArgumentDecorator object at 0x7f9d7b76d390>, verb_extension=<colcon_core.verb.build.BuildVerb object at 0x7f9d7b76cee0>, main=<bound method BuildVerb.main of <colcon_core.verb.build.BuildVerb object at 0x7f9d7b76cee0>>, mixin_verb=('build',))
[0.155s] Level 1:colcon.colcon_core.package_discovery:discover_packages(colcon_meta) check parameters
[0.155s] Level 1:colcon.colcon_core.package_discovery:discover_packages(recursive) check parameters
[0.155s] Level 1:colcon.colcon_core.package_discovery:discover_packages(ignore) check parameters
[0.155s] Level 1:colcon.colcon_core.package_discovery:discover_packages(path) check parameters
[0.155s] Level 1:colcon.colcon_core.package_discovery:discover_packages(colcon_meta) discover
[0.155s] Level 1:colcon.colcon_core.package_discovery:discover_packages(recursive) discover
[0.155s] INFO:colcon.colcon_core.package_discovery:Crawling recursively for packages in '/home/sukru/ai_autonomi_ws'
[0.155s] Level 1:colcon.colcon_core.package_identification:_identify(.) by extensions ['ignore', 'ignore_ament_install']
[0.155s] Level 1:colcon.colcon_core.package_identification:_identify(.) by extension 'ignore'
[0.155s] Level 1:colcon.colcon_core.package_identification:_identify(.) by extension 'ignore_ament_install'
[0.155s] Level 1:colcon.colcon_core.package_identification:_identify(.) by extensions ['colcon_pkg']
[0.155s] Level 1:colcon.colcon_core.package_identification:_identify(.) by extension 'colcon_pkg'
[0.155s] Level 1:colcon.colcon_core.package_identification:_identify(.) by extensions ['colcon_meta']
[0.155s] Level 1:colcon.colcon_core.package_identification:_identify(.) by extension 'colcon_meta'
[0.155s] Level 1:colcon.colcon_core.package_identification:_identify(.) by extensions ['ros']
[0.155s] Level 1:colcon.colcon_core.package_identification:_identify(.) by extension 'ros'
[0.166s] Level 1:colcon.colcon_core.package_identification:_identify(.) by extensions ['cmake', 'python']
[0.166s] Level 1:colcon.colcon_core.package_identification:_identify(.) by extension 'cmake'
[0.166s] Level 1:colcon.colcon_core.package_identification:_identify(.) by extension 'python'
[0.166s] Level 1:colcon.colcon_core.package_identification:_identify(.) by extensions ['python_setup_py']
[0.166s] Level 1:colcon.colcon_core.package_identification:_identify(.) by extension 'python_setup_py'
[0.166s] Level 1:colcon.colcon_core.package_identification:_identify(build) by extensions ['ignore', 'ignore_ament_install']
[0.166s] Level 1:colcon.colcon_core.package_identification:_identify(build) by extension 'ignore'
[0.166s] Level 1:colcon.colcon_core.package_identification:_identify(build) ignored
[0.166s] Level 1:colcon.colcon_core.package_identification:_identify(install) by extensions ['ignore', 'ignore_ament_install']
[0.166s] Level 1:colcon.colcon_core.package_identification:_identify(install) by extension 'ignore'
[0.166s] Level 1:colcon.colcon_core.package_identification:_identify(install) ignored
[0.166s] Level 1:colcon.colcon_core.package_identification:_identify(log) by extensions ['ignore', 'ignore_ament_install']
[0.166s] Level 1:colcon.colcon_core.package_identification:_identify(log) by extension 'ignore'
[0.166s] Level 1:colcon.colcon_core.package_identification:_identify(log) ignored
[0.166s] Level 1:colcon.colcon_core.package_identification:_identify(src) by extensions ['ignore', 'ignore_ament_install']
[0.166s] Level 1:colcon.colcon_core.package_identification:_identify(src) by extension 'ignore'
[0.166s] Level 1:colcon.colcon_core.package_identification:_identify(src) by extension 'ignore_ament_install'
[0.167s] Level 1:colcon.colcon_core.package_identification:_identify(src) by extensions ['colcon_pkg']
[0.167s] Level 1:colcon.colcon_core.package_identification:_identify(src) by extension 'colcon_pkg'
[0.167s] Level 1:colcon.colcon_core.package_identification:_identify(src) by extensions ['colcon_meta']
[0.167s] Level 1:colcon.colcon_core.package_identification:_identify(src) by extension 'colcon_meta'
[0.167s] Level 1:colcon.colcon_core.package_identification:_identify(src) by extensions ['ros']
[0.167s] Level 1:colcon.colcon_core.package_identification:_identify(src) by extension 'ros'
[0.167s] Level 1:colcon.colcon_core.package_identification:_identify(src) by extensions ['cmake', 'python']
[0.167s] Level 1:colcon.colcon_core.package_identification:_identify(src) by extension 'cmake'
[0.167s] Level 1:colcon.colcon_core.package_identification:_identify(src) by extension 'python'
[0.167s] Level 1:colcon.colcon_core.package_identification:_identify(src) by extensions ['python_setup_py']
[0.167s] Level 1:colcon.colcon_core.package_identification:_identify(src) by extension 'python_setup_py'
[0.167s] Level 1:colcon.colcon_core.package_identification:_identify(src/ika_autonomi) by extensions ['ignore', 'ignore_ament_install']
[0.167s] Level 1:colcon.colcon_core.package_identification:_identify(src/ika_autonomi) by extension 'ignore'
[0.167s] Level 1:colcon.colcon_core.package_identification:_identify(src/ika_autonomi) by extension 'ignore_ament_install'
[0.167s] Level 1:colcon.colcon_core.package_identification:_identify(src/ika_autonomi) by extensions ['colcon_pkg']
[0.167s] Level 1:colcon.colcon_core.package_identification:_identify(src/ika_autonomi) by extension 'colcon_pkg'
[0.167s] Level 1:colcon.colcon_core.package_identification:_identify(src/ika_autonomi) by extensions ['colcon_meta']
[0.167s] Level 1:colcon.colcon_core.package_identification:_identify(src/ika_autonomi) by extension 'colcon_meta'
[0.167s] Level 1:colcon.colcon_core.package_identification:_identify(src/ika_autonomi) by extensions ['ros']
[0.167s] Level 1:colcon.colcon_core.package_identification:_identify(src/ika_autonomi) by extension 'ros'
[0.168s] DEBUG:colcon.colcon_core.package_identification:Package 'src/ika_autonomi' with type 'ros.ament_python' and name 'ika_autonomi'
[0.168s] Level 1:colcon.colcon_core.package_discovery:discover_packages(recursive) using defaults
[0.168s] Level 1:colcon.colcon_core.package_discovery:discover_packages(ignore) discover
[0.168s] Level 1:colcon.colcon_core.package_discovery:discover_packages(ignore) using defaults
[0.168s] Level 1:colcon.colcon_core.package_discovery:discover_packages(path) discover
[0.168s] Level 1:colcon.colcon_core.package_discovery:discover_packages(path) using defaults
[0.178s] Level 1:colcon.colcon_core.package_discovery:discover_packages(prefix_path) check parameters
[0.178s] Level 1:colcon.colcon_core.package_discovery:discover_packages(prefix_path) discover
[0.179s] DEBUG:colcon.colcon_installed_package_information.package_discovery:Found 1 installed packages in /home/sukru/ai_autonomi_ws/install
[0.180s] DEBUG:colcon.colcon_installed_package_information.package_discovery:Found 1 installed packages in /home/sukru/Desktop/otonom_atis/install
[0.180s] DEBUG:colcon.colcon_installed_package_information.package_discovery:Found 2 installed packages in /home/sukru/dev_ws/install
[0.180s] DEBUG:colcon.colcon_installed_package_information.package_discovery:Found 8 installed packages in /home/sukru/ros_ws_vacuum_bot/install
[0.181s] DEBUG:colcon.colcon_installed_package_information.package_discovery:Found 1 installed packages in /home/sukru/ros_ws_demo/install
[0.182s] DEBUG:colcon.colcon_installed_package_information.package_discovery:Found 372 installed packages in /opt/ros/humble
[0.183s] Level 1:colcon.colcon_core.package_discovery:discover_packages(prefix_path) using defaults
[0.207s] Level 5:colcon.colcon_core.verb:set package 'ika_autonomi' build argument 'cmake_args' from command line to 'None'
[0.207s] Level 5:colcon.colcon_core.verb:set package 'ika_autonomi' build argument 'cmake_target' from command line to 'None'
[0.207s] Level 5:colcon.colcon_core.verb:set package 'ika_autonomi' build argument 'cmake_target_skip_unavailable' from command line to 'False'
[0.207s] Level 5:colcon.colcon_core.verb:set package 'ika_autonomi' build argument 'cmake_clean_cache' from command line to 'False'
[0.207s] Level 5:colcon.colcon_core.verb:set package 'ika_autonomi' build argument 'cmake_clean_first' from command line to 'False'
[0.207s] Level 5:colcon.colcon_core.verb:set package 'ika_autonomi' build argument 'cmake_force_configure' from command line to 'False'
[0.207s] Level 5:colcon.colcon_core.verb:set package 'ika_autonomi' build argument 'ament_cmake_args' from command line to 'None'
[0.207s] Level 5:colcon.colcon_core.verb:set package 'ika_autonomi' build argument 'catkin_cmake_args' from command line to 'None'
[0.207s] Level 5:colcon.colcon_core.verb:set package 'ika_autonomi' build argument 'catkin_skip_building_tests' from command line to 'False'
[0.207s] DEBUG:colcon.colcon_core.verb:Building package 'ika_autonomi' with the following arguments: {'ament_cmake_args': None, 'build_base': '/home/sukru/ai_autonomi_ws/build/ika_autonomi', 'catkin_cmake_args': None, 'catkin_skip_building_tests': False, 'cmake_args': None, 'cmake_clean_cache': False, 'cmake_clean_first': False, 'cmake_force_configure': False, 'cmake_target': None, 'cmake_target_skip_unavailable': False, 'install_base': '/home/sukru/ai_autonomi_ws/install/ika_autonomi', 'merge_install': False, 'path': '/home/sukru/ai_autonomi_ws/src/ika_autonomi', 'symlink_install': False, 'test_result_base': None}
[0.207s] INFO:colcon.colcon_core.executor:Executing jobs using 'parallel' executor
[0.207s] DEBUG:colcon.colcon_parallel_executor.executor.parallel:run_until_complete
[0.207s] INFO:colcon.colcon_ros.task.ament_python.build:Building ROS package in '/home/sukru/ai_autonomi_ws/src/ika_autonomi' with build type 'ament_python'
[0.208s] Level 1:colcon.colcon_core.shell:create_environment_hook('ika_autonomi', 'ament_prefix_path')
[0.209s] INFO:colcon.colcon_core.plugin_system:Skipping extension 'colcon_core.shell.bat': Not used on non-Windows systems
[0.209s] INFO:colcon.colcon_core.shell:Creating environment hook '/home/sukru/ai_autonomi_ws/install/ika_autonomi/share/ika_autonomi/hook/ament_prefix_path.ps1'
[0.209s] INFO:colcon.colcon_core.shell:Creating environment descriptor '/home/sukru/ai_autonomi_ws/install/ika_autonomi/share/ika_autonomi/hook/ament_prefix_path.dsv'
[0.209s] INFO:colcon.colcon_core.shell:Creating environment hook '/home/sukru/ai_autonomi_ws/install/ika_autonomi/share/ika_autonomi/hook/ament_prefix_path.sh'
[0.210s] INFO:colcon.colcon_core.shell:Skip shell extension 'powershell' for command environment: Not usable outside of PowerShell
[0.210s] DEBUG:colcon.colcon_core.shell:Skip shell extension 'dsv' for command environment
[0.364s] INFO:colcon.colcon_core.task.python.build:Building Python package in '/home/sukru/ai_autonomi_ws/src/ika_autonomi'
[0.364s] INFO:colcon.colcon_core.shell:Skip shell extension 'powershell' for command environment: Not usable outside of PowerShell
[0.364s] DEBUG:colcon.colcon_core.shell:Skip shell extension 'dsv' for command environment
[0.568s] DEBUG:colcon.colcon_core.event_handler.log_command:Invoking command in '/home/sukru/ai_autonomi_ws/src/ika_autonomi': PYTHONPATH=/home/sukru/ai_autonomi_ws/build/ika_autonomi/prefix_override:/usr/lib/python3/dist-packages/colcon_core/task/python/colcon_distutils_commands:/home/sukru/ai_autonomi_ws/install/ika_autonomi/lib/python3.10/site-packages:${PYTHONPATH} /usr/bin/python3 -W ignore:setup.py install is deprecated -W ignore:easy_install command is deprecated setup.py egg_info --egg-base ../../build/ika_autonomi build --build-base /home/sukru/ai_autonomi_ws/build/ika_autonomi/build install --record /home/sukru/ai_autonomi_ws/build/ika_autonomi/install.log --single-version-externally-managed install_data
[0.730s] DEBUG:colcon.colcon_core.event_handler.log_command:Invoked command in '/home/sukru/ai_autonomi_ws/src/ika_autonomi' returned '0': PYTHONPATH=/home/sukru/ai_autonomi_ws/build/ika_autonomi/prefix_override:/usr/lib/python3/dist-packages/colcon_core/task/python/colcon_distutils_commands:/home/sukru/ai_autonomi_ws/install/ika_autonomi/lib/python3.10/site-packages:${PYTHONPATH} /usr/bin/python3 -W ignore:setup.py install is deprecated -W ignore:easy_install command is deprecated setup.py egg_info --egg-base ../../build/ika_autonomi build --build-base /home/sukru/ai_autonomi_ws/build/ika_autonomi/build install --record /home/sukru/ai_autonomi_ws/build/ika_autonomi/install.log --single-version-externally-managed install_data
[0.731s] Level 1:colcon.colcon_core.environment:checking '/home/sukru/ai_autonomi_ws/install/ika_autonomi' for CMake module files
[0.731s] Level 1:colcon.colcon_core.environment:checking '/home/sukru/ai_autonomi_ws/install/ika_autonomi' for CMake config files
[0.732s] Level 1:colcon.colcon_core.environment:checking '/home/sukru/ai_autonomi_ws/install/ika_autonomi/lib'
[0.732s] Level 1:colcon.colcon_core.environment:checking '/home/sukru/ai_autonomi_ws/install/ika_autonomi/bin'
[0.732s] Level 1:colcon.colcon_core.environment:checking '/home/sukru/ai_autonomi_ws/install/ika_autonomi/lib/pkgconfig/ika_autonomi.pc'
[0.732s] Level 1:colcon.colcon_core.environment:checking '/home/sukru/ai_autonomi_ws/install/ika_autonomi/lib/python3.10/site-packages'
[0.732s] Level 1:colcon.colcon_core.shell:create_environment_hook('ika_autonomi', 'pythonpath')
[0.732s] INFO:colcon.colcon_core.shell:Creating environment hook '/home/sukru/ai_autonomi_ws/install/ika_autonomi/share/ika_autonomi/hook/pythonpath.ps1'
[0.733s] INFO:colcon.colcon_core.shell:Creating environment descriptor '/home/sukru/ai_autonomi_ws/install/ika_autonomi/share/ika_autonomi/hook/pythonpath.dsv'
[0.733s] INFO:colcon.colcon_core.shell:Creating environment hook '/home/sukru/ai_autonomi_ws/install/ika_autonomi/share/ika_autonomi/hook/pythonpath.sh'
[0.733s] Level 1:colcon.colcon_core.environment:checking '/home/sukru/ai_autonomi_ws/install/ika_autonomi/bin'
[0.733s] Level 1:colcon.colcon_core.environment:create_environment_scripts_only(ika_autonomi)
[0.733s] INFO:colcon.colcon_core.shell:Creating package script '/home/sukru/ai_autonomi_ws/install/ika_autonomi/share/ika_autonomi/package.ps1'
[0.734s] INFO:colcon.colcon_core.shell:Creating package descriptor '/home/sukru/ai_autonomi_ws/install/ika_autonomi/share/ika_autonomi/package.dsv'
[0.734s] INFO:colcon.colcon_core.shell:Creating package script '/home/sukru/ai_autonomi_ws/install/ika_autonomi/share/ika_autonomi/package.sh'
[0.734s] INFO:colcon.colcon_core.shell:Creating package script '/home/sukru/ai_autonomi_ws/install/ika_autonomi/share/ika_autonomi/package.bash'
[0.735s] INFO:colcon.colcon_core.shell:Creating package script '/home/sukru/ai_autonomi_ws/install/ika_autonomi/share/ika_autonomi/package.zsh'
[0.735s] Level 1:colcon.colcon_core.environment:create_file_with_runtime_dependencies(/home/sukru/ai_autonomi_ws/install/ika_autonomi/share/colcon-core/packages/ika_autonomi)
[0.735s] DEBUG:colcon.colcon_parallel_executor.executor.parallel:closing loop
[0.735s] DEBUG:colcon.colcon_parallel_executor.executor.parallel:loop closed
[0.735s] DEBUG:colcon.colcon_parallel_executor.executor.parallel:run_until_complete finished with '0'
[0.736s] DEBUG:colcon.colcon_core.event_reactor:joining thread
[0.741s] INFO:colcon.colcon_core.plugin_system:Skipping extension 'colcon_notification.desktop_notification.terminal_notifier': Not used on non-Darwin systems
[0.741s] INFO:colcon.colcon_core.plugin_system:Skipping extension 'colcon_notification.desktop_notification.win32': Not used on non-Windows systems
[0.741s] INFO:colcon.colcon_notification.desktop_notification:Sending desktop notification using 'notify2'
[0.747s] DEBUG:colcon.colcon_core.event_reactor:joined thread
[0.747s] INFO:colcon.colcon_core.shell:Creating prefix script '/home/sukru/ai_autonomi_ws/install/local_setup.ps1'
[0.748s] INFO:colcon.colcon_core.shell:Creating prefix util module '/home/sukru/ai_autonomi_ws/install/_local_setup_util_ps1.py'
[0.748s] INFO:colcon.colcon_core.shell:Creating prefix chain script '/home/sukru/ai_autonomi_ws/install/setup.ps1'
[0.749s] INFO:colcon.colcon_core.shell:Creating prefix script '/home/sukru/ai_autonomi_ws/install/local_setup.sh'
[0.750s] INFO:colcon.colcon_core.shell:Creating prefix util module '/home/sukru/ai_autonomi_ws/install/_local_setup_util_sh.py'
[0.750s] INFO:colcon.colcon_core.shell:Creating prefix chain script '/home/sukru/ai_autonomi_ws/install/setup.sh'
[0.751s] INFO:colcon.colcon_core.shell:Creating prefix script '/home/sukru/ai_autonomi_ws/install/local_setup.bash'
[0.751s] INFO:colcon.colcon_core.shell:Creating prefix chain script '/home/sukru/ai_autonomi_ws/install/setup.bash'
[0.752s] INFO:colcon.colcon_core.shell:Creating prefix script '/home/sukru/ai_autonomi_ws/install/local_setup.zsh'
[0.752s] INFO:colcon.colcon_core.shell:Creating prefix chain script '/home/sukru/ai_autonomi_ws/install/setup.zsh'
