running develop
running egg_info
creating ika_sensors.egg-info
writing ika_sensors.egg-info/PKG-INFO
writing dependency_links to ika_sensors.egg-info/dependency_links.txt
writing entry points to ika_sensors.egg-info/entry_points.txt
writing requirements to ika_sensors.egg-info/requires.txt
writing top-level names to ika_sensors.egg-info/top_level.txt
writing manifest file 'ika_sensors.egg-info/SOURCES.txt'
reading manifest file 'ika_sensors.egg-info/SOURCES.txt'
writing manifest file 'ika_sensors.egg-info/SOURCES.txt'
running build_ext
Creating /home/yildiz/IKA_AVENTRA_WORKSPACE/ika_aventra/install/ika_sensors/lib/python3.10/site-packages/ika-sensors.egg-link (link to .)

Installed /home/yildiz/IKA_AVENTRA_WORKSPACE/ika_aventra/build/ika_sensors
running symlink_data
creating /home/yildiz/IKA_AVENTRA_WORKSPACE/ika_aventra/install/ika_sensors/share/ament_index
creating /home/yildiz/IKA_AVENTRA_WORKSPACE/ika_aventra/install/ika_sensors/share/ament_index/resource_index
creating /home/yildiz/IKA_AVENTRA_WORKSPACE/ika_aventra/install/ika_sensors/share/ament_index/resource_index/packages
symbolically linking /home/yildiz/IKA_AVENTRA_WORKSPACE/ika_aventra/build/ika_sensors/resource/ika_sensors -> /home/yildiz/IKA_AVENTRA_WORKSPACE/ika_aventra/install/ika_sensors/share/ament_index/resource_index/packages
symbolically linking /home/yildiz/IKA_AVENTRA_WORKSPACE/ika_aventra/build/ika_sensors/package.xml -> /home/yildiz/IKA_AVENTRA_WORKSPACE/ika_aventra/install/ika_sensors/share/ika_sensors
