[0.869s] Invoking command in '/home/yildiz/IKA_AVENTRA_WORKSPACE/ika_aventra/build/ika_sensors': PYTHONPATH=/home/yildiz/IKA_AVENTRA_WORKSPACE/ika_aventra/build/ika_sensors/prefix_override:/usr/lib/python3/dist-packages/colcon_core/task/python/colcon_distutils_commands:/home/yildiz/IKA_AVENTRA_WORKSPACE/ika_aventra/install/ika_sensors/lib/python3.10/site-packages:${PYTHONPATH} /usr/bin/python3 -W ignore:setup.py install is deprecated -W ignore:easy_install command is deprecated setup.py develop --editable --build-directory /home/yildiz/IKA_AVENTRA_WORKSPACE/ika_aventra/build/ika_sensors/build --no-deps symlink_data
[1.120s] running develop
[1.266s] running egg_info
[1.266s] creating ika_sensors.egg-info
[1.268s] writing ika_sensors.egg-info/PKG-INFO
[1.268s] writing dependency_links to ika_sensors.egg-info/dependency_links.txt
[1.269s] writing entry points to ika_sensors.egg-info/entry_points.txt
[1.269s] writing requirements to ika_sensors.egg-info/requires.txt
[1.269s] writing top-level names to ika_sensors.egg-info/top_level.txt
[1.269s] writing manifest file 'ika_sensors.egg-info/SOURCES.txt'
[1.271s] reading manifest file 'ika_sensors.egg-info/SOURCES.txt'
[1.274s] writing manifest file 'ika_sensors.egg-info/SOURCES.txt'
[1.274s] running build_ext
[1.274s] Creating /home/yildiz/IKA_AVENTRA_WORKSPACE/ika_aventra/install/ika_sensors/lib/python3.10/site-packages/ika-sensors.egg-link (link to .)
[1.275s] 
[1.275s] Installed /home/yildiz/IKA_AVENTRA_WORKSPACE/ika_aventra/build/ika_sensors
[1.276s] running symlink_data
[1.276s] creating /home/yildiz/IKA_AVENTRA_WORKSPACE/ika_aventra/install/ika_sensors/share/ament_index
[1.276s] creating /home/yildiz/IKA_AVENTRA_WORKSPACE/ika_aventra/install/ika_sensors/share/ament_index/resource_index
[1.276s] creating /home/yildiz/IKA_AVENTRA_WORKSPACE/ika_aventra/install/ika_sensors/share/ament_index/resource_index/packages
[1.276s] symbolically linking /home/yildiz/IKA_AVENTRA_WORKSPACE/ika_aventra/build/ika_sensors/resource/ika_sensors -> /home/yildiz/IKA_AVENTRA_WORKSPACE/ika_aventra/install/ika_sensors/share/ament_index/resource_index/packages
[1.276s] symbolically linking /home/yildiz/IKA_AVENTRA_WORKSPACE/ika_aventra/build/ika_sensors/package.xml -> /home/yildiz/IKA_AVENTRA_WORKSPACE/ika_aventra/install/ika_sensors/share/ika_sensors
[1.315s] Invoked command in '/home/yildiz/IKA_AVENTRA_WORKSPACE/ika_aventra/build/ika_sensors' returned '0': PYTHONPATH=/home/yildiz/IKA_AVENTRA_WORKSPACE/ika_aventra/build/ika_sensors/prefix_override:/usr/lib/python3/dist-packages/colcon_core/task/python/colcon_distutils_commands:/home/yildiz/IKA_AVENTRA_WORKSPACE/ika_aventra/install/ika_sensors/lib/python3.10/site-packages:${PYTHONPATH} /usr/bin/python3 -W ignore:setup.py install is deprecated -W ignore:easy_install command is deprecated setup.py develop --editable --build-directory /home/yildiz/IKA_AVENTRA_WORKSPACE/ika_aventra/build/ika_sensors/build --no-deps symlink_data
