running develop
running egg_info
creating ika_bringup.egg-info
writing ika_bringup.egg-info/PKG-INFO
writing dependency_links to ika_bringup.egg-info/dependency_links.txt
writing entry points to ika_bringup.egg-info/entry_points.txt
writing requirements to ika_bringup.egg-info/requires.txt
writing top-level names to ika_bringup.egg-info/top_level.txt
writing manifest file 'ika_bringup.egg-info/SOURCES.txt'
reading manifest file 'ika_bringup.egg-info/SOURCES.txt'
writing manifest file 'ika_bringup.egg-info/SOURCES.txt'
running build_ext
Creating /home/yildiz/IKA_AVENTRA_WORKSPACE/ika_aventra/install/ika_bringup/lib/python3.10/site-packages/ika-bringup.egg-link (link to .)

Installed /home/yildiz/IKA_AVENTRA_WORKSPACE/ika_aventra/build/ika_bringup
running symlink_data
creating /home/yildiz/IKA_AVENTRA_WORKSPACE/ika_aventra/install/ika_bringup/share/ament_index
creating /home/yildiz/IKA_AVENTRA_WORKSPACE/ika_aventra/install/ika_bringup/share/ament_index/resource_index
creating /home/yildiz/IKA_AVENTRA_WORKSPACE/ika_aventra/install/ika_bringup/share/ament_index/resource_index/packages
symbolically linking /home/yildiz/IKA_AVENTRA_WORKSPACE/ika_aventra/build/ika_bringup/resource/ika_bringup -> /home/yildiz/IKA_AVENTRA_WORKSPACE/ika_aventra/install/ika_bringup/share/ament_index/resource_index/packages
symbolically linking /home/yildiz/IKA_AVENTRA_WORKSPACE/ika_aventra/build/ika_bringup/package.xml -> /home/yildiz/IKA_AVENTRA_WORKSPACE/ika_aventra/install/ika_bringup/share/ika_bringup
