[1.718s] Invoking command in '/home/yildiz/IKA_AVENTRA_WORKSPACE/ika_aventra/build/ika_bringup': PYTHONPATH=/home/yildiz/IKA_AVENTRA_WORKSPACE/ika_aventra/build/ika_bringup/prefix_override:/usr/lib/python3/dist-packages/colcon_core/task/python/colcon_distutils_commands:/home/yildiz/IKA_AVENTRA_WORKSPACE/ika_aventra/install/ika_bringup/lib/python3.10/site-packages:${PYTHONPATH} /usr/bin/python3 -W ignore:setup.py install is deprecated -W ignore:easy_install command is deprecated setup.py develop --editable --build-directory /home/yildiz/IKA_AVENTRA_WORKSPACE/ika_aventra/build/ika_bringup/build --no-deps symlink_data
[1.995s] running develop
[2.157s] running egg_info
[2.157s] creating ika_bringup.egg-info
[2.157s] writing ika_bringup.egg-info/PKG-INFO
[2.157s] writing dependency_links to ika_bringup.egg-info/dependency_links.txt
[2.157s] writing entry points to ika_bringup.egg-info/entry_points.txt
[2.157s] writing requirements to ika_bringup.egg-info/requires.txt
[2.157s] writing top-level names to ika_bringup.egg-info/top_level.txt
[2.158s] writing manifest file 'ika_bringup.egg-info/SOURCES.txt'
[2.159s] reading manifest file 'ika_bringup.egg-info/SOURCES.txt'
[2.160s] writing manifest file 'ika_bringup.egg-info/SOURCES.txt'
[2.164s] running build_ext
[2.164s] Creating /home/yildiz/IKA_AVENTRA_WORKSPACE/ika_aventra/install/ika_bringup/lib/python3.10/site-packages/ika-bringup.egg-link (link to .)
[2.169s] 
[2.169s] Installed /home/yildiz/IKA_AVENTRA_WORKSPACE/ika_aventra/build/ika_bringup
[2.173s] running symlink_data
[2.174s] creating /home/yildiz/IKA_AVENTRA_WORKSPACE/ika_aventra/install/ika_bringup/share/ament_index
[2.174s] creating /home/yildiz/IKA_AVENTRA_WORKSPACE/ika_aventra/install/ika_bringup/share/ament_index/resource_index
[2.174s] creating /home/yildiz/IKA_AVENTRA_WORKSPACE/ika_aventra/install/ika_bringup/share/ament_index/resource_index/packages
[2.174s] symbolically linking /home/yildiz/IKA_AVENTRA_WORKSPACE/ika_aventra/build/ika_bringup/resource/ika_bringup -> /home/yildiz/IKA_AVENTRA_WORKSPACE/ika_aventra/install/ika_bringup/share/ament_index/resource_index/packages
[2.174s] symbolically linking /home/yildiz/IKA_AVENTRA_WORKSPACE/ika_aventra/build/ika_bringup/package.xml -> /home/yildiz/IKA_AVENTRA_WORKSPACE/ika_aventra/install/ika_bringup/share/ika_bringup
[2.448s] Invoked command in '/home/yildiz/IKA_AVENTRA_WORKSPACE/ika_aventra/build/ika_bringup' returned '0': PYTHONPATH=/home/yildiz/IKA_AVENTRA_WORKSPACE/ika_aventra/build/ika_bringup/prefix_override:/usr/lib/python3/dist-packages/colcon_core/task/python/colcon_distutils_commands:/home/yildiz/IKA_AVENTRA_WORKSPACE/ika_aventra/install/ika_bringup/lib/python3.10/site-packages:${PYTHONPATH} /usr/bin/python3 -W ignore:setup.py install is deprecated -W ignore:easy_install command is deprecated setup.py develop --editable --build-directory /home/yildiz/IKA_AVENTRA_WORKSPACE/ika_aventra/build/ika_bringup/build --no-deps symlink_data
