[0.008s] Invoking command in '/home/sukru/ika_teknofest_aventra_ws/build/ika_description': CMAKE_PREFIX_PATH=${CMAKE_PREFIX_PATH}:/home/sukru/ika_teknofest_aventra_ws/install/ika_sensors:/home/sukru/ai_autonomi_ws/install/ika_autonomi:/home/sukru/Desktop/otonom_atis/install/python_pkg:/home/sukru/ros_ws_vacuum_bot/install/vacuum_teleop:/home/sukru/ros_ws_vacuum_bot/install/vacuum_sensors:/home/sukru/ros_ws_vacuum_bot/install/vacuum_navigation:/home/sukru/ros_ws_vacuum_bot/install/vacuum_msgs:/home/sukru/ros_ws_vacuum_bot/install/vacuum_mapping:/home/sukru/ros_ws_vacuum_bot/install/vacuum_description:/home/sukru/ros_ws_vacuum_bot/install/vacuum_control:/home/sukru/ros_ws_vacuum_bot/install/vacuum_bringup:/home/sukru/ros_ws_demo/install/python_pkg:/opt/ros/humble /usr/bin/cmake --build /home/sukru/ika_teknofest_aventra_ws/build/ika_description -- -j12 -l12
[0.022s] -- Found ament_cmake: 1.3.13 (/opt/ros/humble/share/ament_cmake/cmake)
[0.141s] -- Configuring done
[0.143s] -- Generating done
[0.144s] -- Build files have been written to: /home/sukru/ika_teknofest_aventra_ws/build/ika_description
[0.159s] Invoked command in '/home/sukru/ika_teknofest_aventra_ws/build/ika_description' returned '0': CMAKE_PREFIX_PATH=${CMAKE_PREFIX_PATH}:/home/sukru/ika_teknofest_aventra_ws/install/ika_sensors:/home/sukru/ai_autonomi_ws/install/ika_autonomi:/home/sukru/Desktop/otonom_atis/install/python_pkg:/home/sukru/ros_ws_vacuum_bot/install/vacuum_teleop:/home/sukru/ros_ws_vacuum_bot/install/vacuum_sensors:/home/sukru/ros_ws_vacuum_bot/install/vacuum_navigation:/home/sukru/ros_ws_vacuum_bot/install/vacuum_msgs:/home/sukru/ros_ws_vacuum_bot/install/vacuum_mapping:/home/sukru/ros_ws_vacuum_bot/install/vacuum_description:/home/sukru/ros_ws_vacuum_bot/install/vacuum_control:/home/sukru/ros_ws_vacuum_bot/install/vacuum_bringup:/home/sukru/ros_ws_demo/install/python_pkg:/opt/ros/humble /usr/bin/cmake --build /home/sukru/ika_teknofest_aventra_ws/build/ika_description -- -j12 -l12
[0.166s] Invoking command in '/home/sukru/ika_teknofest_aventra_ws/build/ika_description': CMAKE_PREFIX_PATH=${CMAKE_PREFIX_PATH}:/home/sukru/ika_teknofest_aventra_ws/install/ika_sensors:/home/sukru/ai_autonomi_ws/install/ika_autonomi:/home/sukru/Desktop/otonom_atis/install/python_pkg:/home/sukru/ros_ws_vacuum_bot/install/vacuum_teleop:/home/sukru/ros_ws_vacuum_bot/install/vacuum_sensors:/home/sukru/ros_ws_vacuum_bot/install/vacuum_navigation:/home/sukru/ros_ws_vacuum_bot/install/vacuum_msgs:/home/sukru/ros_ws_vacuum_bot/install/vacuum_mapping:/home/sukru/ros_ws_vacuum_bot/install/vacuum_description:/home/sukru/ros_ws_vacuum_bot/install/vacuum_control:/home/sukru/ros_ws_vacuum_bot/install/vacuum_bringup:/home/sukru/ros_ws_demo/install/python_pkg:/opt/ros/humble /usr/bin/cmake --install /home/sukru/ika_teknofest_aventra_ws/build/ika_description
[0.170s] -- Install configuration: ""
[0.170s] -- Installing: /home/sukru/ika_teknofest_aventra_ws/install/ika_description/share/ika_description/urdf
[0.170s] -- Installing: /home/sukru/ika_teknofest_aventra_ws/install/ika_description/share/ika_description/urdf/lidar.xacro
[0.170s] -- Installing: /home/sukru/ika_teknofest_aventra_ws/install/ika_description/share/ika_description/urdf/camera_aim.xacro
[0.170s] -- Installing: /home/sukru/ika_teknofest_aventra_ws/install/ika_description/share/ika_description/urdf/gps.xacro
[0.170s] -- Installing: /home/sukru/ika_teknofest_aventra_ws/install/ika_description/share/ika_description/urdf/camera_rear.xacro
[0.170s] -- Installing: /home/sukru/ika_teknofest_aventra_ws/install/ika_description/share/ika_description/urdf/laser_range.xacro
[0.171s] -- Installing: /home/sukru/ika_teknofest_aventra_ws/install/ika_description/share/ika_description/urdf/laser_pointer.xacro
[0.171s] -- Installing: /home/sukru/ika_teknofest_aventra_ws/install/ika_description/share/ika_description/urdf/imu.xacro
[0.171s] -- Installing: /home/sukru/ika_teknofest_aventra_ws/install/ika_description/share/ika_description/urdf/robot.urdf.xacro
[0.171s] -- Installing: /home/sukru/ika_teknofest_aventra_ws/install/ika_description/share/ika_description/urdf/environmental_sensor.xacro
[0.171s] -- Installing: /home/sukru/ika_teknofest_aventra_ws/install/ika_description/share/ika_description/urdf/base.xacro
[0.171s] -- Installing: /home/sukru/ika_teknofest_aventra_ws/install/ika_description/share/ika_description/urdf/camera_front.xacro
[0.171s] -- Installing: /home/sukru/ika_teknofest_aventra_ws/install/ika_description/share/ika_description/urdf/wheels.xacro
[0.171s] -- Installing: /home/sukru/ika_teknofest_aventra_ws/install/ika_description/share/ika_description/urdf/encoder.xacro
[0.171s] -- Installing: /home/sukru/ika_teknofest_aventra_ws/install/ika_description/share/ika_description/launch
[0.171s] -- Installing: /home/sukru/ika_teknofest_aventra_ws/install/ika_description/share/ika_description/launch/rsp.launch.py
[0.171s] -- Installing: /home/sukru/ika_teknofest_aventra_ws/install/ika_description/share/ika_description/rviz
[0.171s] -- Installing: /home/sukru/ika_teknofest_aventra_ws/install/ika_description/share/ika_description/rviz/robot_view.rviz
[0.171s] -- Installing: /home/sukru/ika_teknofest_aventra_ws/install/ika_description/share/ika_description/meshes
[0.171s] -- Installing: /home/sukru/ika_teknofest_aventra_ws/install/ika_description/share/ika_description/meshes/.gitkeep
[0.172s] -- Up-to-date: /home/sukru/ika_teknofest_aventra_ws/install/ika_description/share/ament_index/resource_index/package_run_dependencies/ika_description
[0.172s] -- Installing: /home/sukru/ika_teknofest_aventra_ws/install/ika_description/share/ament_index/resource_index/parent_prefix_path/ika_description
[0.172s] -- Up-to-date: /home/sukru/ika_teknofest_aventra_ws/install/ika_description/share/ika_description/environment/ament_prefix_path.sh
[0.172s] -- Installing: /home/sukru/ika_teknofest_aventra_ws/install/ika_description/share/ika_description/environment/ament_prefix_path.dsv
[0.172s] -- Up-to-date: /home/sukru/ika_teknofest_aventra_ws/install/ika_description/share/ika_description/environment/path.sh
[0.172s] -- Installing: /home/sukru/ika_teknofest_aventra_ws/install/ika_description/share/ika_description/environment/path.dsv
[0.172s] -- Up-to-date: /home/sukru/ika_teknofest_aventra_ws/install/ika_description/share/ika_description/local_setup.bash
[0.172s] -- Up-to-date: /home/sukru/ika_teknofest_aventra_ws/install/ika_description/share/ika_description/local_setup.sh
[0.172s] -- Up-to-date: /home/sukru/ika_teknofest_aventra_ws/install/ika_description/share/ika_description/local_setup.zsh
[0.172s] -- Installing: /home/sukru/ika_teknofest_aventra_ws/install/ika_description/share/ika_description/local_setup.dsv
[0.172s] -- Installing: /home/sukru/ika_teknofest_aventra_ws/install/ika_description/share/ika_description/package.dsv
[0.172s] -- Up-to-date: /home/sukru/ika_teknofest_aventra_ws/install/ika_description/share/ament_index/resource_index/packages/ika_description
[0.172s] -- Up-to-date: /home/sukru/ika_teknofest_aventra_ws/install/ika_description/share/ika_description/cmake/ika_descriptionConfig.cmake
[0.172s] -- Up-to-date: /home/sukru/ika_teknofest_aventra_ws/install/ika_description/share/ika_description/cmake/ika_descriptionConfig-version.cmake
[0.172s] -- Up-to-date: /home/sukru/ika_teknofest_aventra_ws/install/ika_description/share/ika_description/package.xml
[0.173s] Invoked command in '/home/sukru/ika_teknofest_aventra_ws/build/ika_description' returned '0': CMAKE_PREFIX_PATH=${CMAKE_PREFIX_PATH}:/home/sukru/ika_teknofest_aventra_ws/install/ika_sensors:/home/sukru/ai_autonomi_ws/install/ika_autonomi:/home/sukru/Desktop/otonom_atis/install/python_pkg:/home/sukru/ros_ws_vacuum_bot/install/vacuum_teleop:/home/sukru/ros_ws_vacuum_bot/install/vacuum_sensors:/home/sukru/ros_ws_vacuum_bot/install/vacuum_navigation:/home/sukru/ros_ws_vacuum_bot/install/vacuum_msgs:/home/sukru/ros_ws_vacuum_bot/install/vacuum_mapping:/home/sukru/ros_ws_vacuum_bot/install/vacuum_description:/home/sukru/ros_ws_vacuum_bot/install/vacuum_control:/home/sukru/ros_ws_vacuum_bot/install/vacuum_bringup:/home/sukru/ros_ws_demo/install/python_pkg:/opt/ros/humble /usr/bin/cmake --install /home/sukru/ika_teknofest_aventra_ws/build/ika_description
