[0.000000] (-) TimerEvent: {}
[0.000204] (-) JobUnselected: {'identifier': 'ika_behaviors'}
[0.000231] (-) JobUnselected: {'identifier': 'ika_control'}
[0.000249] (-) JobUnselected: {'identifier': 'ika_data_logger'}
[0.000331] (-) JobUnselected: {'identifier': 'ika_description'}
[0.000346] (-) JobUnselected: {'identifier': 'ika_hardware'}
[0.000367] (-) JobUnselected: {'identifier': 'ika_localization'}
[0.001800] (-) JobUnselected: {'identifier': 'ika_mission_manager'}
[0.001828] (-) JobUnselected: {'identifier': 'ika_msgs'}
[0.001854] (-) JobUnselected: {'identifier': 'ika_navigation'}
[0.001876] (-) JobUnselected: {'identifier': 'ika_perception'}
[0.001894] (-) JobUnselected: {'identifier': 'ika_sensors'}
[0.001934] (-) JobUnselected: {'identifier': 'ika_targeting'}
[0.001952] (-) JobUnselected: {'identifier': 'ika_ui_bridge'}
[0.001971] (ika_gazebo) JobQueued: {'identifier': 'ika_gazebo', 'dependencies': OrderedDict([('ika_control', '/home/sukru/ika_teknofest_aventra_ws/install/ika_control'), ('ika_description', '/home/sukru/ika_teknofest_aventra_ws/install/ika_description')])}
[0.002008] (ika_bringup) JobQueued: {'identifier': 'ika_bringup', 'dependencies': OrderedDict([('ika_control', '/home/sukru/ika_teknofest_aventra_ws/install/ika_control'), ('ika_description', '/home/sukru/ika_teknofest_aventra_ws/install/ika_description'), ('ika_gazebo', '/home/sukru/ika_teknofest_aventra_ws/install/ika_gazebo')])}
[0.002029] (ika_gazebo) JobStarted: {'identifier': 'ika_gazebo'}
[0.007985] (ika_gazebo) JobEnded: {'identifier': 'ika_gazebo', 'rc': 1}
[0.018190] (ika_bringup) JobSkipped: {'identifier': 'ika_bringup'}
[0.018210] (-) EventReactorShutdown: {}
