[1.687s] Invoking command in '/home/yildiz/IKA_AVENTRA_WORKSPACE/ika_aventra/build/ika_control': PYTHONPATH=/home/yildiz/IKA_AVENTRA_WORKSPACE/ika_aventra/build/ika_control/prefix_override:/usr/lib/python3/dist-packages/colcon_core/task/python/colcon_distutils_commands:/home/yildiz/IKA_AVENTRA_WORKSPACE/ika_aventra/install/ika_control/lib/python3.10/site-packages:${PYTHONPATH} /usr/bin/python3 -W ignore:setup.py install is deprecated -W ignore:easy_install command is deprecated setup.py develop --editable --build-directory /home/yildiz/IKA_AVENTRA_WORKSPACE/ika_aventra/build/ika_control/build --no-deps symlink_data
[1.920s] running develop
[2.039s] running egg_info
[2.040s] creating ika_control.egg-info
[2.040s] writing ika_control.egg-info/PKG-INFO
[2.040s] writing dependency_links to ika_control.egg-info/dependency_links.txt
[2.040s] writing entry points to ika_control.egg-info/entry_points.txt
[2.040s] writing requirements to ika_control.egg-info/requires.txt
[2.040s] writing top-level names to ika_control.egg-info/top_level.txt
[2.040s] writing manifest file 'ika_control.egg-info/SOURCES.txt'
[2.041s] reading manifest file 'ika_control.egg-info/SOURCES.txt'
[2.042s] writing manifest file 'ika_control.egg-info/SOURCES.txt'
[2.043s] running build_ext
[2.043s] Creating /home/yildiz/IKA_AVENTRA_WORKSPACE/ika_aventra/install/ika_control/lib/python3.10/site-packages/ika-control.egg-link (link to .)
[2.044s] 
[2.045s] Installed /home/yildiz/IKA_AVENTRA_WORKSPACE/ika_aventra/build/ika_control
[2.045s] running symlink_data
[2.045s] creating /home/yildiz/IKA_AVENTRA_WORKSPACE/ika_aventra/install/ika_control/share/ament_index
[2.045s] creating /home/yildiz/IKA_AVENTRA_WORKSPACE/ika_aventra/install/ika_control/share/ament_index/resource_index
[2.045s] creating /home/yildiz/IKA_AVENTRA_WORKSPACE/ika_aventra/install/ika_control/share/ament_index/resource_index/packages
[2.045s] symbolically linking /home/yildiz/IKA_AVENTRA_WORKSPACE/ika_aventra/build/ika_control/resource/ika_control -> /home/yildiz/IKA_AVENTRA_WORKSPACE/ika_aventra/install/ika_control/share/ament_index/resource_index/packages
[2.045s] symbolically linking /home/yildiz/IKA_AVENTRA_WORKSPACE/ika_aventra/build/ika_control/package.xml -> /home/yildiz/IKA_AVENTRA_WORKSPACE/ika_aventra/install/ika_control/share/ika_control
[2.074s] Invoked command in '/home/yildiz/IKA_AVENTRA_WORKSPACE/ika_aventra/build/ika_control' returned '0': PYTHONPATH=/home/yildiz/IKA_AVENTRA_WORKSPACE/ika_aventra/build/ika_control/prefix_override:/usr/lib/python3/dist-packages/colcon_core/task/python/colcon_distutils_commands:/home/yildiz/IKA_AVENTRA_WORKSPACE/ika_aventra/install/ika_control/lib/python3.10/site-packages:${PYTHONPATH} /usr/bin/python3 -W ignore:setup.py install is deprecated -W ignore:easy_install command is deprecated setup.py develop --editable --build-directory /home/yildiz/IKA_AVENTRA_WORKSPACE/ika_aventra/build/ika_control/build --no-deps symlink_data
