[0.202s] Invoking command in '/home/sukru/ika_teknofest_aventra_ws/build/ika_msgs': CMAKE_PREFIX_PATH=${CMAKE_PREFIX_PATH}:/home/sukru/ika_teknofest_aventra_ws/install/ika_control:/home/sukru/ai_autonomi_ws/install/ika_autonomi:/home/sukru/Desktop/otonom_atis/install/python_pkg:/home/sukru/ros_ws_vacuum_bot/install/vacuum_teleop:/home/sukru/ros_ws_vacuum_bot/install/vacuum_sensors:/home/sukru/ros_ws_vacuum_bot/install/vacuum_navigation:/home/sukru/ros_ws_vacuum_bot/install/vacuum_msgs:/home/sukru/ros_ws_vacuum_bot/install/vacuum_mapping:/home/sukru/ros_ws_vacuum_bot/install/vacuum_description:/home/sukru/ros_ws_vacuum_bot/install/vacuum_control:/home/sukru/ros_ws_vacuum_bot/install/vacuum_bringup:/home/sukru/ros_ws_demo/install/python_pkg:/opt/ros/humble /usr/bin/cmake /home/sukru/ika_teknofest_aventra_ws/src/ika_msgs -DCMAKE_INSTALL_PREFIX=/home/sukru/ika_teknofest_aventra_ws/install/ika_msgs
[1.470s] -- The C compiler identification is GNU 11.4.0
[1.470s] -- The CXX compiler identification is GNU 11.4.0
[1.470s] -- Detecting C compiler ABI info
[1.470s] -- Detecting C compiler ABI info - done
[1.470s] -- Check for working C compiler: /usr/bin/cc - skipped
[1.470s] -- Detecting C compile features
[1.470s] -- Detecting C compile features - done
[1.470s] -- Detecting CXX compiler ABI info
[1.470s] -- Detecting CXX compiler ABI info - done
[1.470s] -- Check for working CXX compiler: /usr/bin/c++ - skipped
[1.470s] -- Detecting CXX compile features
[1.471s] -- Detecting CXX compile features - done
[1.471s] -- Found ament_cmake: 1.3.13 (/opt/ros/humble/share/ament_cmake/cmake)
[1.471s] -- Found Python3: /usr/bin/python3 (found version "3.10.12") found components: Interpreter 
[1.471s] -- Found std_msgs: 4.9.1 (/opt/ros/humble/share/std_msgs/cmake)
[1.471s] -- Found rosidl_generator_c: 3.1.8 (/opt/ros/humble/share/rosidl_generator_c/cmake)
[1.471s] -- Found rosidl_adapter: 3.1.8 (/opt/ros/humble/share/rosidl_adapter/cmake)
[1.471s] -- Found rosidl_generator_cpp: 3.1.8 (/opt/ros/humble/share/rosidl_generator_cpp/cmake)
[1.471s] -- Using all available rosidl_typesupport_c: rosidl_typesupport_fastrtps_c;rosidl_typesupport_introspection_c
[1.471s] -- Using all available rosidl_typesupport_cpp: rosidl_typesupport_fastrtps_cpp;rosidl_typesupport_introspection_cpp
[1.471s] -- Found rosidl_default_generators: 1.2.0 (/opt/ros/humble/share/rosidl_default_generators/cmake)
[1.471s] -- Found ament_cmake_ros: 0.10.0 (/opt/ros/humble/share/ament_cmake_ros/cmake)
[1.471s] -- Using all available rosidl_typesupport_c: rosidl_typesupport_fastrtps_c;rosidl_typesupport_introspection_c
[1.471s] -- Using all available rosidl_typesupport_cpp: rosidl_typesupport_fastrtps_cpp;rosidl_typesupport_introspection_cpp
[1.471s] -- Found PythonInterp: /usr/bin/python3 (found suitable version "3.10.12", minimum required is "3.6") 
[1.471s] -- Found python_cmake_module: 0.10.0 (/opt/ros/humble/share/python_cmake_module/cmake)
[1.471s] -- Found PythonLibs: /usr/lib/x86_64-linux-gnu/libpython3.10.so (found suitable version "3.10.12", minimum required is "3.5") 
[1.471s] -- Using PYTHON_EXECUTABLE: /usr/bin/python3
[1.471s] -- Using PYTHON_INCLUDE_DIRS: /usr/include/python3.10
[1.471s] -- Using PYTHON_LIBRARIES: /usr/lib/x86_64-linux-gnu/libpython3.10.so
[1.471s] -- Found PythonExtra: .so  
[1.471s] -- Configuring done
[1.471s] -- Generating done
[1.471s] -- Build files have been written to: /home/sukru/ika_teknofest_aventra_ws/build/ika_msgs
[1.622s] Invoked command in '/home/sukru/ika_teknofest_aventra_ws/build/ika_msgs' returned '0': CMAKE_PREFIX_PATH=${CMAKE_PREFIX_PATH}:/home/sukru/ika_teknofest_aventra_ws/install/ika_control:/home/sukru/ai_autonomi_ws/install/ika_autonomi:/home/sukru/Desktop/otonom_atis/install/python_pkg:/home/sukru/ros_ws_vacuum_bot/install/vacuum_teleop:/home/sukru/ros_ws_vacuum_bot/install/vacuum_sensors:/home/sukru/ros_ws_vacuum_bot/install/vacuum_navigation:/home/sukru/ros_ws_vacuum_bot/install/vacuum_msgs:/home/sukru/ros_ws_vacuum_bot/install/vacuum_mapping:/home/sukru/ros_ws_vacuum_bot/install/vacuum_description:/home/sukru/ros_ws_vacuum_bot/install/vacuum_control:/home/sukru/ros_ws_vacuum_bot/install/vacuum_bringup:/home/sukru/ros_ws_demo/install/python_pkg:/opt/ros/humble /usr/bin/cmake /home/sukru/ika_teknofest_aventra_ws/src/ika_msgs -DCMAKE_INSTALL_PREFIX=/home/sukru/ika_teknofest_aventra_ws/install/ika_msgs
[1.623s] Invoking command in '/home/sukru/ika_teknofest_aventra_ws/build/ika_msgs': CMAKE_PREFIX_PATH=${CMAKE_PREFIX_PATH}:/home/sukru/ika_teknofest_aventra_ws/install/ika_control:/home/sukru/ai_autonomi_ws/install/ika_autonomi:/home/sukru/Desktop/otonom_atis/install/python_pkg:/home/sukru/ros_ws_vacuum_bot/install/vacuum_teleop:/home/sukru/ros_ws_vacuum_bot/install/vacuum_sensors:/home/sukru/ros_ws_vacuum_bot/install/vacuum_navigation:/home/sukru/ros_ws_vacuum_bot/install/vacuum_msgs:/home/sukru/ros_ws_vacuum_bot/install/vacuum_mapping:/home/sukru/ros_ws_vacuum_bot/install/vacuum_description:/home/sukru/ros_ws_vacuum_bot/install/vacuum_control:/home/sukru/ros_ws_vacuum_bot/install/vacuum_bringup:/home/sukru/ros_ws_demo/install/python_pkg:/opt/ros/humble /usr/bin/cmake --build /home/sukru/ika_teknofest_aventra_ws/build/ika_msgs -- -j12 -l12
[1.673s] [  1%] [34m[1mGenerating C code for ROS interfaces[0m
[1.675s] [  1%] Built target ament_cmake_python_copy_ika_msgs
[1.679s] [  3%] [34m[1mGenerating C++ code for ROS interfaces[0m
[2.060s] running egg_info
[2.060s] creating ika_msgs.egg-info
[2.060s] writing ika_msgs.egg-info/PKG-INFO
[2.060s] writing dependency_links to ika_msgs.egg-info/dependency_links.txt
[2.060s] writing top-level names to ika_msgs.egg-info/top_level.txt
[2.060s] writing manifest file 'ika_msgs.egg-info/SOURCES.txt'
[2.060s] reading manifest file 'ika_msgs.egg-info/SOURCES.txt'
[2.060s] writing manifest file 'ika_msgs.egg-info/SOURCES.txt'
[2.088s] [  3%] Built target ament_cmake_python_build_ika_msgs_egg
[2.430s] [  3%] Built target ika_msgs__cpp
[2.440s] [  7%] [32mBuilding C object CMakeFiles/ika_msgs__rosidl_generator_c.dir/rosidl_generator_c/ika_msgs/srv/detail/set_laser__functions.c.o[0m
[2.440s] [  7%] [32mBuilding C object CMakeFiles/ika_msgs__rosidl_generator_c.dir/rosidl_generator_c/ika_msgs/srv/detail/emergency_stop__functions.c.o[0m
[2.440s] [  9%] [34m[1mGenerating C++ type support for eProsima Fast-RTPS[0m
[2.440s] [  7%] [32mBuilding C object CMakeFiles/ika_msgs__rosidl_generator_c.dir/rosidl_generator_c/ika_msgs/msg/detail/environment_data__functions.c.o[0m
[2.440s] [ 11%] [32mBuilding C object CMakeFiles/ika_msgs__rosidl_generator_c.dir/rosidl_generator_c/ika_msgs/msg/detail/mission_state__functions.c.o[0m
[2.441s] [ 12%] [32mBuilding C object CMakeFiles/ika_msgs__rosidl_generator_c.dir/rosidl_generator_c/ika_msgs/action/detail/aim_and_fire__functions.c.o[0m
[2.445s] [ 14%] [34m[1mGenerating C++ type support dispatch for ROS interfaces[0m
[2.446s] [ 15%] [34m[1mGenerating C++ introspection for ROS interfaces[0m
[2.536s] [ 17%] [32m[1mLinking C shared library libika_msgs__rosidl_generator_c.so[0m
[2.568s] [ 17%] Built target ika_msgs__rosidl_generator_c
[2.574s] [ 20%] [34m[1mGenerating C type support for eProsima Fast-RTPS[0m
[2.575s] [ 20%] [34m[1mGenerating C introspection for ROS interfaces[0m
[2.575s] [ 22%] [34m[1mGenerating C type support dispatch for ROS interfaces[0m
[2.761s] [ 23%] [32mBuilding CXX object CMakeFiles/ika_msgs__rosidl_typesupport_cpp.dir/rosidl_typesupport_cpp/ika_msgs/srv/emergency_stop__type_support.cpp.o[0m
[2.762s] [ 25%] [32mBuilding CXX object CMakeFiles/ika_msgs__rosidl_typesupport_cpp.dir/rosidl_typesupport_cpp/ika_msgs/srv/set_laser__type_support.cpp.o[0m
[2.766s] [ 26%] [32mBuilding CXX object CMakeFiles/ika_msgs__rosidl_typesupport_cpp.dir/rosidl_typesupport_cpp/ika_msgs/msg/environment_data__type_support.cpp.o[0m
[2.766s] [ 30%] [32mBuilding CXX object CMakeFiles/ika_msgs__rosidl_typesupport_cpp.dir/rosidl_typesupport_cpp/ika_msgs/action/aim_and_fire__type_support.cpp.o[0m
[2.766s] [ 30%] [32mBuilding CXX object CMakeFiles/ika_msgs__rosidl_typesupport_cpp.dir/rosidl_typesupport_cpp/ika_msgs/msg/mission_state__type_support.cpp.o[0m
[2.935s] [ 31%] [32mBuilding CXX object CMakeFiles/ika_msgs__rosidl_typesupport_introspection_cpp.dir/rosidl_typesupport_introspection_cpp/ika_msgs/msg/detail/environment_data__type_support.cpp.o[0m
[2.937s] [ 33%] [32mBuilding CXX object CMakeFiles/ika_msgs__rosidl_typesupport_introspection_cpp.dir/rosidl_typesupport_introspection_cpp/ika_msgs/msg/detail/mission_state__type_support.cpp.o[0m
[2.944s] [ 34%] [32mBuilding CXX object CMakeFiles/ika_msgs__rosidl_typesupport_introspection_cpp.dir/rosidl_typesupport_introspection_cpp/ika_msgs/srv/detail/emergency_stop__type_support.cpp.o[0m
[2.982s] [ 36%] [32mBuilding CXX object CMakeFiles/ika_msgs__rosidl_typesupport_c.dir/rosidl_typesupport_c/ika_msgs/msg/environment_data__type_support.cpp.o[0m
[2.984s] [ 38%] [32mBuilding CXX object CMakeFiles/ika_msgs__rosidl_typesupport_introspection_cpp.dir/rosidl_typesupport_introspection_cpp/ika_msgs/srv/detail/set_laser__type_support.cpp.o[0m
[2.988s] [ 39%] [32mBuilding CXX object CMakeFiles/ika_msgs__rosidl_typesupport_c.dir/rosidl_typesupport_c/ika_msgs/msg/mission_state__type_support.cpp.o[0m
[3.000s] [ 41%] [32mBuilding CXX object CMakeFiles/ika_msgs__rosidl_typesupport_introspection_cpp.dir/rosidl_typesupport_introspection_cpp/ika_msgs/action/detail/aim_and_fire__type_support.cpp.o[0m
[3.014s] [ 42%] [32mBuilding CXX object CMakeFiles/ika_msgs__rosidl_typesupport_c.dir/rosidl_typesupport_c/ika_msgs/srv/emergency_stop__type_support.cpp.o[0m
[3.024s] [ 44%] [32mBuilding CXX object CMakeFiles/ika_msgs__rosidl_typesupport_fastrtps_cpp.dir/rosidl_typesupport_fastrtps_cpp/ika_msgs/msg/detail/dds_fastrtps/environment_data__type_support.cpp.o[0m
[3.032s] [ 46%] [32mBuilding CXX object CMakeFiles/ika_msgs__rosidl_typesupport_fastrtps_cpp.dir/rosidl_typesupport_fastrtps_cpp/ika_msgs/msg/detail/dds_fastrtps/mission_state__type_support.cpp.o[0m
[3.037s] [ 47%] [32mBuilding CXX object CMakeFiles/ika_msgs__rosidl_typesupport_c.dir/rosidl_typesupport_c/ika_msgs/srv/set_laser__type_support.cpp.o[0m
[3.056s] [ 49%] [32mBuilding CXX object CMakeFiles/ika_msgs__rosidl_typesupport_fastrtps_cpp.dir/rosidl_typesupport_fastrtps_cpp/ika_msgs/srv/detail/dds_fastrtps/emergency_stop__type_support.cpp.o[0m
[3.064s] [ 50%] [32mBuilding CXX object CMakeFiles/ika_msgs__rosidl_typesupport_c.dir/rosidl_typesupport_c/ika_msgs/action/aim_and_fire__type_support.cpp.o[0m
[3.082s] [ 52%] [32mBuilding CXX object CMakeFiles/ika_msgs__rosidl_typesupport_fastrtps_c.dir/rosidl_typesupport_fastrtps_c/ika_msgs/msg/detail/environment_data__type_support_c.cpp.o[0m
[3.095s] [ 53%] [32mBuilding C object CMakeFiles/ika_msgs__rosidl_typesupport_introspection_c.dir/rosidl_typesupport_introspection_c/ika_msgs/msg/detail/environment_data__type_support.c.o[0m
[3.107s] [ 55%] [32m[1mLinking CXX shared library libika_msgs__rosidl_typesupport_c.so[0m
[3.128s] [ 57%] [32mBuilding C object CMakeFiles/ika_msgs__rosidl_typesupport_introspection_c.dir/rosidl_typesupport_introspection_c/ika_msgs/msg/detail/mission_state__type_support.c.o[0m
[3.149s] [ 57%] Built target ika_msgs__rosidl_typesupport_c
[3.159s] [ 58%] [32mBuilding CXX object CMakeFiles/ika_msgs__rosidl_typesupport_fastrtps_c.dir/rosidl_typesupport_fastrtps_c/ika_msgs/msg/detail/mission_state__type_support_c.cpp.o[0m
[3.165s] [ 60%] [32m[1mLinking CXX shared library libika_msgs__rosidl_typesupport_cpp.so[0m
[3.169s] [ 61%] [32mBuilding C object CMakeFiles/ika_msgs__rosidl_typesupport_introspection_c.dir/rosidl_typesupport_introspection_c/ika_msgs/srv/detail/emergency_stop__type_support.c.o[0m
[3.208s] [ 61%] Built target ika_msgs__rosidl_typesupport_cpp
[3.229s] [ 63%] [32mBuilding C object CMakeFiles/ika_msgs__rosidl_typesupport_introspection_c.dir/rosidl_typesupport_introspection_c/ika_msgs/srv/detail/set_laser__type_support.c.o[0m
[3.257s] [ 65%] [32mBuilding C object CMakeFiles/ika_msgs__rosidl_typesupport_introspection_c.dir/rosidl_typesupport_introspection_c/ika_msgs/action/detail/aim_and_fire__type_support.c.o[0m
[3.268s] [ 66%] [32mBuilding CXX object CMakeFiles/ika_msgs__rosidl_typesupport_fastrtps_c.dir/rosidl_typesupport_fastrtps_c/ika_msgs/srv/detail/emergency_stop__type_support_c.cpp.o[0m
[3.271s] [ 68%] [32mBuilding CXX object CMakeFiles/ika_msgs__rosidl_typesupport_fastrtps_c.dir/rosidl_typesupport_fastrtps_c/ika_msgs/srv/detail/set_laser__type_support_c.cpp.o[0m
[3.290s] [ 69%] [32mBuilding CXX object CMakeFiles/ika_msgs__rosidl_typesupport_fastrtps_cpp.dir/rosidl_typesupport_fastrtps_cpp/ika_msgs/srv/detail/dds_fastrtps/set_laser__type_support.cpp.o[0m
[3.309s] [ 71%] [32mBuilding CXX object CMakeFiles/ika_msgs__rosidl_typesupport_fastrtps_cpp.dir/rosidl_typesupport_fastrtps_cpp/ika_msgs/action/detail/dds_fastrtps/aim_and_fire__type_support.cpp.o[0m
[3.318s] [ 73%] [32m[1mLinking C shared library libika_msgs__rosidl_typesupport_introspection_c.so[0m
[3.342s] [ 74%] [32mBuilding CXX object CMakeFiles/ika_msgs__rosidl_typesupport_fastrtps_c.dir/rosidl_typesupport_fastrtps_c/ika_msgs/action/detail/aim_and_fire__type_support_c.cpp.o[0m
[3.379s] [ 74%] Built target ika_msgs__rosidl_typesupport_introspection_c
[3.453s] [ 76%] [32m[1mLinking CXX shared library libika_msgs__rosidl_typesupport_introspection_cpp.so[0m
[3.501s] [ 76%] Built target ika_msgs__rosidl_typesupport_introspection_cpp
[3.632s] [ 77%] [32m[1mLinking CXX shared library libika_msgs__rosidl_typesupport_fastrtps_c.so[0m
[3.676s] [ 79%] [32m[1mLinking CXX shared library libika_msgs__rosidl_typesupport_fastrtps_cpp.so[0m
[3.685s] [ 79%] Built target ika_msgs__rosidl_typesupport_fastrtps_c
[3.727s] [ 79%] Built target ika_msgs__rosidl_typesupport_fastrtps_cpp
[3.742s] [ 79%] Built target ika_msgs
[3.758s] [ 80%] [34m[1mGenerating Python code for ROS interfaces[0m
[4.401s] [ 80%] Built target ika_msgs__py
[4.414s] [ 87%] [32mBuilding C object CMakeFiles/ika_msgs__rosidl_generator_py.dir/rosidl_generator_py/ika_msgs/msg/_mission_state_s.c.o[0m
[4.414s] [ 87%] [32mBuilding C object CMakeFiles/ika_msgs__rosidl_generator_py.dir/rosidl_generator_py/ika_msgs/srv/_set_laser_s.c.o[0m
[4.414s] [ 87%] [32mBuilding C object CMakeFiles/ika_msgs__rosidl_generator_py.dir/rosidl_generator_py/ika_msgs/msg/_environment_data_s.c.o[0m
[4.414s] [ 88%] [32mBuilding C object CMakeFiles/ika_msgs__rosidl_generator_py.dir/rosidl_generator_py/ika_msgs/srv/_emergency_stop_s.c.o[0m
[4.414s] [ 88%] [32mBuilding C object CMakeFiles/ika_msgs__rosidl_generator_py.dir/rosidl_generator_py/ika_msgs/action/_aim_and_fire_s.c.o[0m
[4.499s] [ 90%] [32m[1mLinking C shared library rosidl_generator_py/ika_msgs/libika_msgs__rosidl_generator_py.so[0m
[4.526s] [ 90%] Built target ika_msgs__rosidl_generator_py
[4.539s] [ 92%] [32mBuilding C object CMakeFiles/ika_msgs__rosidl_typesupport_introspection_c__pyext.dir/rosidl_generator_py/ika_msgs/_ika_msgs_s.ep.rosidl_typesupport_introspection_c.c.o[0m
[4.539s] [ 93%] [32mBuilding C object CMakeFiles/ika_msgs__rosidl_typesupport_fastrtps_c__pyext.dir/rosidl_generator_py/ika_msgs/_ika_msgs_s.ep.rosidl_typesupport_fastrtps_c.c.o[0m
[4.539s] [ 95%] [32mBuilding C object CMakeFiles/ika_msgs__rosidl_typesupport_c__pyext.dir/rosidl_generator_py/ika_msgs/_ika_msgs_s.ep.rosidl_typesupport_c.c.o[0m
[4.626s] [100%] [32m[1mLinking C shared library rosidl_generator_py/ika_msgs/ika_msgs_s__rosidl_typesupport_c.cpython-310-x86_64-linux-gnu.so[0m
[4.626s] [100%] [32m[1mLinking C shared library rosidl_generator_py/ika_msgs/ika_msgs_s__rosidl_typesupport_fastrtps_c.cpython-310-x86_64-linux-gnu.so[0m
[4.626s] [100%] [32m[1mLinking C shared library rosidl_generator_py/ika_msgs/ika_msgs_s__rosidl_typesupport_introspection_c.cpython-310-x86_64-linux-gnu.so[0m
[4.653s] [100%] Built target ika_msgs__rosidl_typesupport_c__pyext
[4.653s] [100%] Built target ika_msgs__rosidl_typesupport_fastrtps_c__pyext
[4.653s] [100%] Built target ika_msgs__rosidl_typesupport_introspection_c__pyext
[4.662s] Invoked command in '/home/sukru/ika_teknofest_aventra_ws/build/ika_msgs' returned '0': CMAKE_PREFIX_PATH=${CMAKE_PREFIX_PATH}:/home/sukru/ika_teknofest_aventra_ws/install/ika_control:/home/sukru/ai_autonomi_ws/install/ika_autonomi:/home/sukru/Desktop/otonom_atis/install/python_pkg:/home/sukru/ros_ws_vacuum_bot/install/vacuum_teleop:/home/sukru/ros_ws_vacuum_bot/install/vacuum_sensors:/home/sukru/ros_ws_vacuum_bot/install/vacuum_navigation:/home/sukru/ros_ws_vacuum_bot/install/vacuum_msgs:/home/sukru/ros_ws_vacuum_bot/install/vacuum_mapping:/home/sukru/ros_ws_vacuum_bot/install/vacuum_description:/home/sukru/ros_ws_vacuum_bot/install/vacuum_control:/home/sukru/ros_ws_vacuum_bot/install/vacuum_bringup:/home/sukru/ros_ws_demo/install/python_pkg:/opt/ros/humble /usr/bin/cmake --build /home/sukru/ika_teknofest_aventra_ws/build/ika_msgs -- -j12 -l12
[4.663s] Invoking command in '/home/sukru/ika_teknofest_aventra_ws/build/ika_msgs': CMAKE_PREFIX_PATH=${CMAKE_PREFIX_PATH}:/home/sukru/ika_teknofest_aventra_ws/install/ika_control:/home/sukru/ai_autonomi_ws/install/ika_autonomi:/home/sukru/Desktop/otonom_atis/install/python_pkg:/home/sukru/ros_ws_vacuum_bot/install/vacuum_teleop:/home/sukru/ros_ws_vacuum_bot/install/vacuum_sensors:/home/sukru/ros_ws_vacuum_bot/install/vacuum_navigation:/home/sukru/ros_ws_vacuum_bot/install/vacuum_msgs:/home/sukru/ros_ws_vacuum_bot/install/vacuum_mapping:/home/sukru/ros_ws_vacuum_bot/install/vacuum_description:/home/sukru/ros_ws_vacuum_bot/install/vacuum_control:/home/sukru/ros_ws_vacuum_bot/install/vacuum_bringup:/home/sukru/ros_ws_demo/install/python_pkg:/opt/ros/humble /usr/bin/cmake --install /home/sukru/ika_teknofest_aventra_ws/build/ika_msgs
[4.668s] -- Install configuration: ""
[4.668s] -- Installing: /home/sukru/ika_teknofest_aventra_ws/install/ika_msgs/share/ament_index/resource_index/rosidl_interfaces/ika_msgs
[4.668s] -- Installing: /home/sukru/ika_teknofest_aventra_ws/install/ika_msgs/include/ika_msgs/ika_msgs
[4.668s] -- Installing: /home/sukru/ika_teknofest_aventra_ws/install/ika_msgs/include/ika_msgs/ika_msgs/srv
[4.668s] -- Installing: /home/sukru/ika_teknofest_aventra_ws/install/ika_msgs/include/ika_msgs/ika_msgs/srv/set_laser.h
[4.668s] -- Installing: /home/sukru/ika_teknofest_aventra_ws/install/ika_msgs/include/ika_msgs/ika_msgs/srv/detail
[4.668s] -- Installing: /home/sukru/ika_teknofest_aventra_ws/install/ika_msgs/include/ika_msgs/ika_msgs/srv/detail/emergency_stop__functions.h
[4.668s] -- Installing: /home/sukru/ika_teknofest_aventra_ws/install/ika_msgs/include/ika_msgs/ika_msgs/srv/detail/set_laser__struct.h
[4.668s] -- Installing: /home/sukru/ika_teknofest_aventra_ws/install/ika_msgs/include/ika_msgs/ika_msgs/srv/detail/emergency_stop__struct.h
[4.668s] -- Installing: /home/sukru/ika_teknofest_aventra_ws/install/ika_msgs/include/ika_msgs/ika_msgs/srv/detail/set_laser__functions.h
[4.669s] -- Installing: /home/sukru/ika_teknofest_aventra_ws/install/ika_msgs/include/ika_msgs/ika_msgs/srv/detail/emergency_stop__type_support.h
[4.669s] -- Installing: /home/sukru/ika_teknofest_aventra_ws/install/ika_msgs/include/ika_msgs/ika_msgs/srv/detail/emergency_stop__functions.c
[4.669s] -- Installing: /home/sukru/ika_teknofest_aventra_ws/install/ika_msgs/include/ika_msgs/ika_msgs/srv/detail/set_laser__functions.c
[4.669s] -- Installing: /home/sukru/ika_teknofest_aventra_ws/install/ika_msgs/include/ika_msgs/ika_msgs/srv/detail/set_laser__type_support.h
[4.669s] -- Installing: /home/sukru/ika_teknofest_aventra_ws/install/ika_msgs/include/ika_msgs/ika_msgs/srv/emergency_stop.h
[4.669s] -- Installing: /home/sukru/ika_teknofest_aventra_ws/install/ika_msgs/include/ika_msgs/ika_msgs/msg
[4.669s] -- Installing: /home/sukru/ika_teknofest_aventra_ws/install/ika_msgs/include/ika_msgs/ika_msgs/msg/rosidl_generator_c__visibility_control.h
[4.669s] -- Installing: /home/sukru/ika_teknofest_aventra_ws/install/ika_msgs/include/ika_msgs/ika_msgs/msg/environment_data.h
[4.669s] -- Installing: /home/sukru/ika_teknofest_aventra_ws/install/ika_msgs/include/ika_msgs/ika_msgs/msg/detail
[4.669s] -- Installing: /home/sukru/ika_teknofest_aventra_ws/install/ika_msgs/include/ika_msgs/ika_msgs/msg/detail/environment_data__type_support.h
[4.669s] -- Installing: /home/sukru/ika_teknofest_aventra_ws/install/ika_msgs/include/ika_msgs/ika_msgs/msg/detail/mission_state__struct.h
[4.669s] -- Installing: /home/sukru/ika_teknofest_aventra_ws/install/ika_msgs/include/ika_msgs/ika_msgs/msg/detail/mission_state__type_support.h
[4.669s] -- Installing: /home/sukru/ika_teknofest_aventra_ws/install/ika_msgs/include/ika_msgs/ika_msgs/msg/detail/mission_state__functions.c
[4.670s] -- Installing: /home/sukru/ika_teknofest_aventra_ws/install/ika_msgs/include/ika_msgs/ika_msgs/msg/detail/environment_data__functions.h
[4.670s] -- Installing: /home/sukru/ika_teknofest_aventra_ws/install/ika_msgs/include/ika_msgs/ika_msgs/msg/detail/environment_data__struct.h
[4.670s] -- Installing: /home/sukru/ika_teknofest_aventra_ws/install/ika_msgs/include/ika_msgs/ika_msgs/msg/detail/environment_data__functions.c
[4.670s] -- Installing: /home/sukru/ika_teknofest_aventra_ws/install/ika_msgs/include/ika_msgs/ika_msgs/msg/detail/mission_state__functions.h
[4.670s] -- Installing: /home/sukru/ika_teknofest_aventra_ws/install/ika_msgs/include/ika_msgs/ika_msgs/msg/mission_state.h
[4.670s] -- Installing: /home/sukru/ika_teknofest_aventra_ws/install/ika_msgs/include/ika_msgs/ika_msgs/action
[4.670s] -- Installing: /home/sukru/ika_teknofest_aventra_ws/install/ika_msgs/include/ika_msgs/ika_msgs/action/aim_and_fire.h
[4.670s] -- Installing: /home/sukru/ika_teknofest_aventra_ws/install/ika_msgs/include/ika_msgs/ika_msgs/action/detail
[4.670s] -- Installing: /home/sukru/ika_teknofest_aventra_ws/install/ika_msgs/include/ika_msgs/ika_msgs/action/detail/aim_and_fire__functions.h
[4.670s] -- Installing: /home/sukru/ika_teknofest_aventra_ws/install/ika_msgs/include/ika_msgs/ika_msgs/action/detail/aim_and_fire__functions.c
[4.670s] -- Installing: /home/sukru/ika_teknofest_aventra_ws/install/ika_msgs/include/ika_msgs/ika_msgs/action/detail/aim_and_fire__type_support.h
[4.670s] -- Installing: /home/sukru/ika_teknofest_aventra_ws/install/ika_msgs/include/ika_msgs/ika_msgs/action/detail/aim_and_fire__struct.h
[4.671s] -- Installing: /home/sukru/ika_teknofest_aventra_ws/install/ika_msgs/share/ika_msgs/environment/library_path.sh
[4.671s] -- Installing: /home/sukru/ika_teknofest_aventra_ws/install/ika_msgs/share/ika_msgs/environment/library_path.dsv
[4.671s] -- Installing: /home/sukru/ika_teknofest_aventra_ws/install/ika_msgs/lib/libika_msgs__rosidl_generator_c.so
[4.671s] -- Set runtime path of "/home/sukru/ika_teknofest_aventra_ws/install/ika_msgs/lib/libika_msgs__rosidl_generator_c.so" to ""
[4.671s] -- Up-to-date: /home/sukru/ika_teknofest_aventra_ws/install/ika_msgs/include/ika_msgs/ika_msgs
[4.671s] -- Up-to-date: /home/sukru/ika_teknofest_aventra_ws/install/ika_msgs/include/ika_msgs/ika_msgs/srv
[4.671s] -- Up-to-date: /home/sukru/ika_teknofest_aventra_ws/install/ika_msgs/include/ika_msgs/ika_msgs/srv/detail
[4.671s] -- Installing: /home/sukru/ika_teknofest_aventra_ws/install/ika_msgs/include/ika_msgs/ika_msgs/srv/detail/emergency_stop__rosidl_typesupport_fastrtps_c.h
[4.672s] -- Installing: /home/sukru/ika_teknofest_aventra_ws/install/ika_msgs/include/ika_msgs/ika_msgs/srv/detail/set_laser__rosidl_typesupport_fastrtps_c.h
[4.672s] -- Up-to-date: /home/sukru/ika_teknofest_aventra_ws/install/ika_msgs/include/ika_msgs/ika_msgs/msg
[4.672s] -- Installing: /home/sukru/ika_teknofest_aventra_ws/install/ika_msgs/include/ika_msgs/ika_msgs/msg/rosidl_typesupport_fastrtps_c__visibility_control.h
[4.672s] -- Up-to-date: /home/sukru/ika_teknofest_aventra_ws/install/ika_msgs/include/ika_msgs/ika_msgs/msg/detail
[4.672s] -- Installing: /home/sukru/ika_teknofest_aventra_ws/install/ika_msgs/include/ika_msgs/ika_msgs/msg/detail/mission_state__rosidl_typesupport_fastrtps_c.h
[4.672s] -- Installing: /home/sukru/ika_teknofest_aventra_ws/install/ika_msgs/include/ika_msgs/ika_msgs/msg/detail/environment_data__rosidl_typesupport_fastrtps_c.h
[4.672s] -- Up-to-date: /home/sukru/ika_teknofest_aventra_ws/install/ika_msgs/include/ika_msgs/ika_msgs/action
[4.672s] -- Up-to-date: /home/sukru/ika_teknofest_aventra_ws/install/ika_msgs/include/ika_msgs/ika_msgs/action/detail
[4.672s] -- Installing: /home/sukru/ika_teknofest_aventra_ws/install/ika_msgs/include/ika_msgs/ika_msgs/action/detail/aim_and_fire__rosidl_typesupport_fastrtps_c.h
[4.672s] -- Installing: /home/sukru/ika_teknofest_aventra_ws/install/ika_msgs/lib/libika_msgs__rosidl_typesupport_fastrtps_c.so
[4.672s] -- Set runtime path of "/home/sukru/ika_teknofest_aventra_ws/install/ika_msgs/lib/libika_msgs__rosidl_typesupport_fastrtps_c.so" to ""
[4.673s] -- Up-to-date: /home/sukru/ika_teknofest_aventra_ws/install/ika_msgs/include/ika_msgs/ika_msgs
[4.673s] -- Up-to-date: /home/sukru/ika_teknofest_aventra_ws/install/ika_msgs/include/ika_msgs/ika_msgs/srv
[4.673s] -- Installing: /home/sukru/ika_teknofest_aventra_ws/install/ika_msgs/include/ika_msgs/ika_msgs/srv/set_laser.hpp
[4.673s] -- Installing: /home/sukru/ika_teknofest_aventra_ws/install/ika_msgs/include/ika_msgs/ika_msgs/srv/emergency_stop.hpp
[4.673s] -- Up-to-date: /home/sukru/ika_teknofest_aventra_ws/install/ika_msgs/include/ika_msgs/ika_msgs/srv/detail
[4.673s] -- Installing: /home/sukru/ika_teknofest_aventra_ws/install/ika_msgs/include/ika_msgs/ika_msgs/srv/detail/emergency_stop__struct.hpp
[4.673s] -- Installing: /home/sukru/ika_teknofest_aventra_ws/install/ika_msgs/include/ika_msgs/ika_msgs/srv/detail/emergency_stop__type_support.hpp
[4.673s] -- Installing: /home/sukru/ika_teknofest_aventra_ws/install/ika_msgs/include/ika_msgs/ika_msgs/srv/detail/emergency_stop__builder.hpp
[4.673s] -- Installing: /home/sukru/ika_teknofest_aventra_ws/install/ika_msgs/include/ika_msgs/ika_msgs/srv/detail/set_laser__builder.hpp
[4.673s] -- Installing: /home/sukru/ika_teknofest_aventra_ws/install/ika_msgs/include/ika_msgs/ika_msgs/srv/detail/set_laser__traits.hpp
[4.673s] -- Installing: /home/sukru/ika_teknofest_aventra_ws/install/ika_msgs/include/ika_msgs/ika_msgs/srv/detail/emergency_stop__traits.hpp
[4.673s] -- Installing: /home/sukru/ika_teknofest_aventra_ws/install/ika_msgs/include/ika_msgs/ika_msgs/srv/detail/set_laser__type_support.hpp
[4.673s] -- Installing: /home/sukru/ika_teknofest_aventra_ws/install/ika_msgs/include/ika_msgs/ika_msgs/srv/detail/set_laser__struct.hpp
[4.673s] -- Up-to-date: /home/sukru/ika_teknofest_aventra_ws/install/ika_msgs/include/ika_msgs/ika_msgs/msg
[4.673s] -- Installing: /home/sukru/ika_teknofest_aventra_ws/install/ika_msgs/include/ika_msgs/ika_msgs/msg/mission_state.hpp
[4.673s] -- Installing: /home/sukru/ika_teknofest_aventra_ws/install/ika_msgs/include/ika_msgs/ika_msgs/msg/environment_data.hpp
[4.674s] -- Up-to-date: /home/sukru/ika_teknofest_aventra_ws/install/ika_msgs/include/ika_msgs/ika_msgs/msg/detail
[4.674s] -- Installing: /home/sukru/ika_teknofest_aventra_ws/install/ika_msgs/include/ika_msgs/ika_msgs/msg/detail/environment_data__struct.hpp
[4.674s] -- Installing: /home/sukru/ika_teknofest_aventra_ws/install/ika_msgs/include/ika_msgs/ika_msgs/msg/detail/mission_state__struct.hpp
[4.674s] -- Installing: /home/sukru/ika_teknofest_aventra_ws/install/ika_msgs/include/ika_msgs/ika_msgs/msg/detail/mission_state__type_support.hpp
[4.674s] -- Installing: /home/sukru/ika_teknofest_aventra_ws/install/ika_msgs/include/ika_msgs/ika_msgs/msg/detail/mission_state__builder.hpp
[4.674s] -- Installing: /home/sukru/ika_teknofest_aventra_ws/install/ika_msgs/include/ika_msgs/ika_msgs/msg/detail/environment_data__traits.hpp
[4.674s] -- Installing: /home/sukru/ika_teknofest_aventra_ws/install/ika_msgs/include/ika_msgs/ika_msgs/msg/detail/mission_state__traits.hpp
[4.674s] -- Installing: /home/sukru/ika_teknofest_aventra_ws/install/ika_msgs/include/ika_msgs/ika_msgs/msg/detail/environment_data__builder.hpp
[4.674s] -- Installing: /home/sukru/ika_teknofest_aventra_ws/install/ika_msgs/include/ika_msgs/ika_msgs/msg/detail/environment_data__type_support.hpp
[4.674s] -- Installing: /home/sukru/ika_teknofest_aventra_ws/install/ika_msgs/include/ika_msgs/ika_msgs/msg/rosidl_generator_cpp__visibility_control.hpp
[4.674s] -- Up-to-date: /home/sukru/ika_teknofest_aventra_ws/install/ika_msgs/include/ika_msgs/ika_msgs/action
[4.674s] -- Installing: /home/sukru/ika_teknofest_aventra_ws/install/ika_msgs/include/ika_msgs/ika_msgs/action/aim_and_fire.hpp
[4.674s] -- Up-to-date: /home/sukru/ika_teknofest_aventra_ws/install/ika_msgs/include/ika_msgs/ika_msgs/action/detail
[4.674s] -- Installing: /home/sukru/ika_teknofest_aventra_ws/install/ika_msgs/include/ika_msgs/ika_msgs/action/detail/aim_and_fire__type_support.hpp
[4.674s] -- Installing: /home/sukru/ika_teknofest_aventra_ws/install/ika_msgs/include/ika_msgs/ika_msgs/action/detail/aim_and_fire__traits.hpp
[4.675s] -- Installing: /home/sukru/ika_teknofest_aventra_ws/install/ika_msgs/include/ika_msgs/ika_msgs/action/detail/aim_and_fire__struct.hpp
[4.675s] -- Installing: /home/sukru/ika_teknofest_aventra_ws/install/ika_msgs/include/ika_msgs/ika_msgs/action/detail/aim_and_fire__builder.hpp
[4.675s] -- Up-to-date: /home/sukru/ika_teknofest_aventra_ws/install/ika_msgs/include/ika_msgs/ika_msgs
[4.675s] -- Up-to-date: /home/sukru/ika_teknofest_aventra_ws/install/ika_msgs/include/ika_msgs/ika_msgs/srv
[4.675s] -- Up-to-date: /home/sukru/ika_teknofest_aventra_ws/install/ika_msgs/include/ika_msgs/ika_msgs/srv/detail
[4.675s] -- Installing: /home/sukru/ika_teknofest_aventra_ws/install/ika_msgs/include/ika_msgs/ika_msgs/srv/detail/emergency_stop__rosidl_typesupport_fastrtps_cpp.hpp
[4.675s] -- Installing: /home/sukru/ika_teknofest_aventra_ws/install/ika_msgs/include/ika_msgs/ika_msgs/srv/detail/dds_fastrtps
[4.675s] -- Installing: /home/sukru/ika_teknofest_aventra_ws/install/ika_msgs/include/ika_msgs/ika_msgs/srv/detail/set_laser__rosidl_typesupport_fastrtps_cpp.hpp
[4.675s] -- Up-to-date: /home/sukru/ika_teknofest_aventra_ws/install/ika_msgs/include/ika_msgs/ika_msgs/msg
[4.675s] -- Up-to-date: /home/sukru/ika_teknofest_aventra_ws/install/ika_msgs/include/ika_msgs/ika_msgs/msg/detail
[4.675s] -- Installing: /home/sukru/ika_teknofest_aventra_ws/install/ika_msgs/include/ika_msgs/ika_msgs/msg/detail/mission_state__rosidl_typesupport_fastrtps_cpp.hpp
[4.675s] -- Installing: /home/sukru/ika_teknofest_aventra_ws/install/ika_msgs/include/ika_msgs/ika_msgs/msg/detail/dds_fastrtps
[4.675s] -- Installing: /home/sukru/ika_teknofest_aventra_ws/install/ika_msgs/include/ika_msgs/ika_msgs/msg/detail/environment_data__rosidl_typesupport_fastrtps_cpp.hpp
[4.675s] -- Installing: /home/sukru/ika_teknofest_aventra_ws/install/ika_msgs/include/ika_msgs/ika_msgs/msg/rosidl_typesupport_fastrtps_cpp__visibility_control.h
[4.675s] -- Up-to-date: /home/sukru/ika_teknofest_aventra_ws/install/ika_msgs/include/ika_msgs/ika_msgs/action
[4.675s] -- Up-to-date: /home/sukru/ika_teknofest_aventra_ws/install/ika_msgs/include/ika_msgs/ika_msgs/action/detail
[4.675s] -- Installing: /home/sukru/ika_teknofest_aventra_ws/install/ika_msgs/include/ika_msgs/ika_msgs/action/detail/aim_and_fire__rosidl_typesupport_fastrtps_cpp.hpp
[4.675s] -- Installing: /home/sukru/ika_teknofest_aventra_ws/install/ika_msgs/include/ika_msgs/ika_msgs/action/detail/dds_fastrtps
[4.676s] -- Installing: /home/sukru/ika_teknofest_aventra_ws/install/ika_msgs/lib/libika_msgs__rosidl_typesupport_fastrtps_cpp.so
[4.676s] -- Set runtime path of "/home/sukru/ika_teknofest_aventra_ws/install/ika_msgs/lib/libika_msgs__rosidl_typesupport_fastrtps_cpp.so" to ""
[4.676s] -- Up-to-date: /home/sukru/ika_teknofest_aventra_ws/install/ika_msgs/include/ika_msgs/ika_msgs
[4.676s] -- Up-to-date: /home/sukru/ika_teknofest_aventra_ws/install/ika_msgs/include/ika_msgs/ika_msgs/srv
[4.676s] -- Up-to-date: /home/sukru/ika_teknofest_aventra_ws/install/ika_msgs/include/ika_msgs/ika_msgs/srv/detail
[4.676s] -- Installing: /home/sukru/ika_teknofest_aventra_ws/install/ika_msgs/include/ika_msgs/ika_msgs/srv/detail/set_laser__type_support.c
[4.676s] -- Installing: /home/sukru/ika_teknofest_aventra_ws/install/ika_msgs/include/ika_msgs/ika_msgs/srv/detail/set_laser__rosidl_typesupport_introspection_c.h
[4.676s] -- Installing: /home/sukru/ika_teknofest_aventra_ws/install/ika_msgs/include/ika_msgs/ika_msgs/srv/detail/emergency_stop__rosidl_typesupport_introspection_c.h
[4.676s] -- Installing: /home/sukru/ika_teknofest_aventra_ws/install/ika_msgs/include/ika_msgs/ika_msgs/srv/detail/emergency_stop__type_support.c
[4.676s] -- Up-to-date: /home/sukru/ika_teknofest_aventra_ws/install/ika_msgs/include/ika_msgs/ika_msgs/msg
[4.676s] -- Installing: /home/sukru/ika_teknofest_aventra_ws/install/ika_msgs/include/ika_msgs/ika_msgs/msg/rosidl_typesupport_introspection_c__visibility_control.h
[4.676s] -- Up-to-date: /home/sukru/ika_teknofest_aventra_ws/install/ika_msgs/include/ika_msgs/ika_msgs/msg/detail
[4.676s] -- Installing: /home/sukru/ika_teknofest_aventra_ws/install/ika_msgs/include/ika_msgs/ika_msgs/msg/detail/mission_state__rosidl_typesupport_introspection_c.h
[4.677s] -- Installing: /home/sukru/ika_teknofest_aventra_ws/install/ika_msgs/include/ika_msgs/ika_msgs/msg/detail/environment_data__type_support.c
[4.677s] -- Installing: /home/sukru/ika_teknofest_aventra_ws/install/ika_msgs/include/ika_msgs/ika_msgs/msg/detail/environment_data__rosidl_typesupport_introspection_c.h
[4.677s] -- Installing: /home/sukru/ika_teknofest_aventra_ws/install/ika_msgs/include/ika_msgs/ika_msgs/msg/detail/mission_state__type_support.c
[4.677s] -- Up-to-date: /home/sukru/ika_teknofest_aventra_ws/install/ika_msgs/include/ika_msgs/ika_msgs/action
[4.677s] -- Up-to-date: /home/sukru/ika_teknofest_aventra_ws/install/ika_msgs/include/ika_msgs/ika_msgs/action/detail
[4.677s] -- Installing: /home/sukru/ika_teknofest_aventra_ws/install/ika_msgs/include/ika_msgs/ika_msgs/action/detail/aim_and_fire__type_support.c
[4.677s] -- Installing: /home/sukru/ika_teknofest_aventra_ws/install/ika_msgs/include/ika_msgs/ika_msgs/action/detail/aim_and_fire__rosidl_typesupport_introspection_c.h
[4.677s] -- Installing: /home/sukru/ika_teknofest_aventra_ws/install/ika_msgs/lib/libika_msgs__rosidl_typesupport_introspection_c.so
[4.677s] -- Set runtime path of "/home/sukru/ika_teknofest_aventra_ws/install/ika_msgs/lib/libika_msgs__rosidl_typesupport_introspection_c.so" to ""
[4.677s] -- Installing: /home/sukru/ika_teknofest_aventra_ws/install/ika_msgs/lib/libika_msgs__rosidl_typesupport_c.so
[4.678s] -- Set runtime path of "/home/sukru/ika_teknofest_aventra_ws/install/ika_msgs/lib/libika_msgs__rosidl_typesupport_c.so" to ""
[4.678s] -- Up-to-date: /home/sukru/ika_teknofest_aventra_ws/install/ika_msgs/include/ika_msgs/ika_msgs
[4.678s] -- Up-to-date: /home/sukru/ika_teknofest_aventra_ws/install/ika_msgs/include/ika_msgs/ika_msgs/srv
[4.678s] -- Up-to-date: /home/sukru/ika_teknofest_aventra_ws/install/ika_msgs/include/ika_msgs/ika_msgs/srv/detail
[4.678s] -- Installing: /home/sukru/ika_teknofest_aventra_ws/install/ika_msgs/include/ika_msgs/ika_msgs/srv/detail/set_laser__rosidl_typesupport_introspection_cpp.hpp
[4.678s] -- Installing: /home/sukru/ika_teknofest_aventra_ws/install/ika_msgs/include/ika_msgs/ika_msgs/srv/detail/emergency_stop__rosidl_typesupport_introspection_cpp.hpp
[4.678s] -- Installing: /home/sukru/ika_teknofest_aventra_ws/install/ika_msgs/include/ika_msgs/ika_msgs/srv/detail/set_laser__type_support.cpp
[4.678s] -- Installing: /home/sukru/ika_teknofest_aventra_ws/install/ika_msgs/include/ika_msgs/ika_msgs/srv/detail/emergency_stop__type_support.cpp
[4.678s] -- Up-to-date: /home/sukru/ika_teknofest_aventra_ws/install/ika_msgs/include/ika_msgs/ika_msgs/msg
[4.678s] -- Up-to-date: /home/sukru/ika_teknofest_aventra_ws/install/ika_msgs/include/ika_msgs/ika_msgs/msg/detail
[4.678s] -- Installing: /home/sukru/ika_teknofest_aventra_ws/install/ika_msgs/include/ika_msgs/ika_msgs/msg/detail/mission_state__type_support.cpp
[4.678s] -- Installing: /home/sukru/ika_teknofest_aventra_ws/install/ika_msgs/include/ika_msgs/ika_msgs/msg/detail/environment_data__type_support.cpp
[4.678s] -- Installing: /home/sukru/ika_teknofest_aventra_ws/install/ika_msgs/include/ika_msgs/ika_msgs/msg/detail/mission_state__rosidl_typesupport_introspection_cpp.hpp
[4.678s] -- Installing: /home/sukru/ika_teknofest_aventra_ws/install/ika_msgs/include/ika_msgs/ika_msgs/msg/detail/environment_data__rosidl_typesupport_introspection_cpp.hpp
[4.678s] -- Up-to-date: /home/sukru/ika_teknofest_aventra_ws/install/ika_msgs/include/ika_msgs/ika_msgs/action
[4.679s] -- Up-to-date: /home/sukru/ika_teknofest_aventra_ws/install/ika_msgs/include/ika_msgs/ika_msgs/action/detail
[4.679s] -- Installing: /home/sukru/ika_teknofest_aventra_ws/install/ika_msgs/include/ika_msgs/ika_msgs/action/detail/aim_and_fire__type_support.cpp
[4.679s] -- Installing: /home/sukru/ika_teknofest_aventra_ws/install/ika_msgs/include/ika_msgs/ika_msgs/action/detail/aim_and_fire__rosidl_typesupport_introspection_cpp.hpp
[4.679s] -- Installing: /home/sukru/ika_teknofest_aventra_ws/install/ika_msgs/lib/libika_msgs__rosidl_typesupport_introspection_cpp.so
[4.679s] -- Set runtime path of "/home/sukru/ika_teknofest_aventra_ws/install/ika_msgs/lib/libika_msgs__rosidl_typesupport_introspection_cpp.so" to ""
[4.679s] -- Installing: /home/sukru/ika_teknofest_aventra_ws/install/ika_msgs/lib/libika_msgs__rosidl_typesupport_cpp.so
[4.679s] -- Set runtime path of "/home/sukru/ika_teknofest_aventra_ws/install/ika_msgs/lib/libika_msgs__rosidl_typesupport_cpp.so" to ""
[4.679s] -- Installing: /home/sukru/ika_teknofest_aventra_ws/install/ika_msgs/share/ika_msgs/environment/pythonpath.sh
[4.680s] -- Installing: /home/sukru/ika_teknofest_aventra_ws/install/ika_msgs/share/ika_msgs/environment/pythonpath.dsv
[4.680s] -- Installing: /home/sukru/ika_teknofest_aventra_ws/install/ika_msgs/local/lib/python3.10/dist-packages/ika_msgs-0.0.1-py3.10.egg-info
[4.680s] -- Installing: /home/sukru/ika_teknofest_aventra_ws/install/ika_msgs/local/lib/python3.10/dist-packages/ika_msgs-0.0.1-py3.10.egg-info/PKG-INFO
[4.680s] -- Installing: /home/sukru/ika_teknofest_aventra_ws/install/ika_msgs/local/lib/python3.10/dist-packages/ika_msgs-0.0.1-py3.10.egg-info/dependency_links.txt
[4.680s] -- Installing: /home/sukru/ika_teknofest_aventra_ws/install/ika_msgs/local/lib/python3.10/dist-packages/ika_msgs-0.0.1-py3.10.egg-info/top_level.txt
[4.680s] -- Installing: /home/sukru/ika_teknofest_aventra_ws/install/ika_msgs/local/lib/python3.10/dist-packages/ika_msgs-0.0.1-py3.10.egg-info/SOURCES.txt
[4.680s] -- Installing: /home/sukru/ika_teknofest_aventra_ws/install/ika_msgs/local/lib/python3.10/dist-packages/ika_msgs
[4.680s] -- Installing: /home/sukru/ika_teknofest_aventra_ws/install/ika_msgs/local/lib/python3.10/dist-packages/ika_msgs/__init__.py
[4.680s] -- Installing: /home/sukru/ika_teknofest_aventra_ws/install/ika_msgs/local/lib/python3.10/dist-packages/ika_msgs/libika_msgs__rosidl_generator_py.so
[4.680s] -- Installing: /home/sukru/ika_teknofest_aventra_ws/install/ika_msgs/local/lib/python3.10/dist-packages/ika_msgs/_ika_msgs_s.ep.rosidl_typesupport_fastrtps_c.c
[4.680s] -- Installing: /home/sukru/ika_teknofest_aventra_ws/install/ika_msgs/local/lib/python3.10/dist-packages/ika_msgs/_ika_msgs_s.ep.rosidl_typesupport_c.c
[4.681s] -- Installing: /home/sukru/ika_teknofest_aventra_ws/install/ika_msgs/local/lib/python3.10/dist-packages/ika_msgs/ika_msgs_s__rosidl_typesupport_c.cpython-310-x86_64-linux-gnu.so
[4.681s] -- Installing: /home/sukru/ika_teknofest_aventra_ws/install/ika_msgs/local/lib/python3.10/dist-packages/ika_msgs/srv
[4.681s] -- Installing: /home/sukru/ika_teknofest_aventra_ws/install/ika_msgs/local/lib/python3.10/dist-packages/ika_msgs/srv/_emergency_stop.py
[4.681s] -- Installing: /home/sukru/ika_teknofest_aventra_ws/install/ika_msgs/local/lib/python3.10/dist-packages/ika_msgs/srv/__init__.py
[4.681s] -- Installing: /home/sukru/ika_teknofest_aventra_ws/install/ika_msgs/local/lib/python3.10/dist-packages/ika_msgs/srv/_set_laser.py
[4.681s] -- Installing: /home/sukru/ika_teknofest_aventra_ws/install/ika_msgs/local/lib/python3.10/dist-packages/ika_msgs/srv/_emergency_stop_s.c
[4.681s] -- Installing: /home/sukru/ika_teknofest_aventra_ws/install/ika_msgs/local/lib/python3.10/dist-packages/ika_msgs/srv/_set_laser_s.c
[4.681s] -- Installing: /home/sukru/ika_teknofest_aventra_ws/install/ika_msgs/local/lib/python3.10/dist-packages/ika_msgs/msg
[4.681s] -- Installing: /home/sukru/ika_teknofest_aventra_ws/install/ika_msgs/local/lib/python3.10/dist-packages/ika_msgs/msg/__init__.py
[4.681s] -- Installing: /home/sukru/ika_teknofest_aventra_ws/install/ika_msgs/local/lib/python3.10/dist-packages/ika_msgs/msg/_environment_data.py
[4.681s] -- Installing: /home/sukru/ika_teknofest_aventra_ws/install/ika_msgs/local/lib/python3.10/dist-packages/ika_msgs/msg/_mission_state.py
[4.681s] -- Installing: /home/sukru/ika_teknofest_aventra_ws/install/ika_msgs/local/lib/python3.10/dist-packages/ika_msgs/msg/_environment_data_s.c
[4.682s] -- Installing: /home/sukru/ika_teknofest_aventra_ws/install/ika_msgs/local/lib/python3.10/dist-packages/ika_msgs/msg/_mission_state_s.c
[4.682s] -- Installing: /home/sukru/ika_teknofest_aventra_ws/install/ika_msgs/local/lib/python3.10/dist-packages/ika_msgs/ika_msgs_s__rosidl_typesupport_fastrtps_c.cpython-310-x86_64-linux-gnu.so
[4.682s] -- Installing: /home/sukru/ika_teknofest_aventra_ws/install/ika_msgs/local/lib/python3.10/dist-packages/ika_msgs/action
[4.682s] -- Installing: /home/sukru/ika_teknofest_aventra_ws/install/ika_msgs/local/lib/python3.10/dist-packages/ika_msgs/action/__init__.py
[4.682s] -- Installing: /home/sukru/ika_teknofest_aventra_ws/install/ika_msgs/local/lib/python3.10/dist-packages/ika_msgs/action/_aim_and_fire_s.c
[4.682s] -- Installing: /home/sukru/ika_teknofest_aventra_ws/install/ika_msgs/local/lib/python3.10/dist-packages/ika_msgs/action/_aim_and_fire.py
[4.682s] -- Installing: /home/sukru/ika_teknofest_aventra_ws/install/ika_msgs/local/lib/python3.10/dist-packages/ika_msgs/ika_msgs_s__rosidl_typesupport_introspection_c.cpython-310-x86_64-linux-gnu.so
[4.682s] -- Installing: /home/sukru/ika_teknofest_aventra_ws/install/ika_msgs/local/lib/python3.10/dist-packages/ika_msgs/_ika_msgs_s.ep.rosidl_typesupport_introspection_c.c
[4.715s] Listing '/home/sukru/ika_teknofest_aventra_ws/install/ika_msgs/local/lib/python3.10/dist-packages/ika_msgs'...
[4.715s] Compiling '/home/sukru/ika_teknofest_aventra_ws/install/ika_msgs/local/lib/python3.10/dist-packages/ika_msgs/__init__.py'...
[4.715s] Listing '/home/sukru/ika_teknofest_aventra_ws/install/ika_msgs/local/lib/python3.10/dist-packages/ika_msgs/action'...
[4.715s] Compiling '/home/sukru/ika_teknofest_aventra_ws/install/ika_msgs/local/lib/python3.10/dist-packages/ika_msgs/action/__init__.py'...
[4.715s] Compiling '/home/sukru/ika_teknofest_aventra_ws/install/ika_msgs/local/lib/python3.10/dist-packages/ika_msgs/action/_aim_and_fire.py'...
[4.715s] Listing '/home/sukru/ika_teknofest_aventra_ws/install/ika_msgs/local/lib/python3.10/dist-packages/ika_msgs/msg'...
[4.715s] Compiling '/home/sukru/ika_teknofest_aventra_ws/install/ika_msgs/local/lib/python3.10/dist-packages/ika_msgs/msg/__init__.py'...
[4.715s] Compiling '/home/sukru/ika_teknofest_aventra_ws/install/ika_msgs/local/lib/python3.10/dist-packages/ika_msgs/msg/_environment_data.py'...
[4.716s] Compiling '/home/sukru/ika_teknofest_aventra_ws/install/ika_msgs/local/lib/python3.10/dist-packages/ika_msgs/msg/_mission_state.py'...
[4.716s] Listing '/home/sukru/ika_teknofest_aventra_ws/install/ika_msgs/local/lib/python3.10/dist-packages/ika_msgs/srv'...
[4.716s] Compiling '/home/sukru/ika_teknofest_aventra_ws/install/ika_msgs/local/lib/python3.10/dist-packages/ika_msgs/srv/__init__.py'...
[4.716s] Compiling '/home/sukru/ika_teknofest_aventra_ws/install/ika_msgs/local/lib/python3.10/dist-packages/ika_msgs/srv/_emergency_stop.py'...
[4.716s] Compiling '/home/sukru/ika_teknofest_aventra_ws/install/ika_msgs/local/lib/python3.10/dist-packages/ika_msgs/srv/_set_laser.py'...
[4.718s] -- Installing: /home/sukru/ika_teknofest_aventra_ws/install/ika_msgs/local/lib/python3.10/dist-packages/ika_msgs/ika_msgs_s__rosidl_typesupport_fastrtps_c.cpython-310-x86_64-linux-gnu.so
[4.719s] -- Set runtime path of "/home/sukru/ika_teknofest_aventra_ws/install/ika_msgs/local/lib/python3.10/dist-packages/ika_msgs/ika_msgs_s__rosidl_typesupport_fastrtps_c.cpython-310-x86_64-linux-gnu.so" to ""
[4.719s] -- Installing: /home/sukru/ika_teknofest_aventra_ws/install/ika_msgs/local/lib/python3.10/dist-packages/ika_msgs/ika_msgs_s__rosidl_typesupport_introspection_c.cpython-310-x86_64-linux-gnu.so
[4.719s] -- Set runtime path of "/home/sukru/ika_teknofest_aventra_ws/install/ika_msgs/local/lib/python3.10/dist-packages/ika_msgs/ika_msgs_s__rosidl_typesupport_introspection_c.cpython-310-x86_64-linux-gnu.so" to ""
[4.719s] -- Installing: /home/sukru/ika_teknofest_aventra_ws/install/ika_msgs/local/lib/python3.10/dist-packages/ika_msgs/ika_msgs_s__rosidl_typesupport_c.cpython-310-x86_64-linux-gnu.so
[4.720s] -- Set runtime path of "/home/sukru/ika_teknofest_aventra_ws/install/ika_msgs/local/lib/python3.10/dist-packages/ika_msgs/ika_msgs_s__rosidl_typesupport_c.cpython-310-x86_64-linux-gnu.so" to ""
[4.720s] -- Installing: /home/sukru/ika_teknofest_aventra_ws/install/ika_msgs/lib/libika_msgs__rosidl_generator_py.so
[4.720s] -- Set runtime path of "/home/sukru/ika_teknofest_aventra_ws/install/ika_msgs/lib/libika_msgs__rosidl_generator_py.so" to ""
[4.720s] -- Installing: /home/sukru/ika_teknofest_aventra_ws/install/ika_msgs/share/ika_msgs/msg/EnvironmentData.idl
[4.720s] -- Installing: /home/sukru/ika_teknofest_aventra_ws/install/ika_msgs/share/ika_msgs/msg/MissionState.idl
[4.720s] -- Installing: /home/sukru/ika_teknofest_aventra_ws/install/ika_msgs/share/ika_msgs/srv/EmergencyStop.idl
[4.720s] -- Installing: /home/sukru/ika_teknofest_aventra_ws/install/ika_msgs/share/ika_msgs/srv/SetLaser.idl
[4.720s] -- Installing: /home/sukru/ika_teknofest_aventra_ws/install/ika_msgs/share/ika_msgs/action/AimAndFire.idl
[4.721s] -- Installing: /home/sukru/ika_teknofest_aventra_ws/install/ika_msgs/share/ika_msgs/msg/EnvironmentData.msg
[4.721s] -- Installing: /home/sukru/ika_teknofest_aventra_ws/install/ika_msgs/share/ika_msgs/msg/MissionState.msg
[4.721s] -- Installing: /home/sukru/ika_teknofest_aventra_ws/install/ika_msgs/share/ika_msgs/srv/EmergencyStop.srv
[4.721s] -- Installing: /home/sukru/ika_teknofest_aventra_ws/install/ika_msgs/share/ika_msgs/srv/EmergencyStop_Request.msg
[4.721s] -- Installing: /home/sukru/ika_teknofest_aventra_ws/install/ika_msgs/share/ika_msgs/srv/EmergencyStop_Response.msg
[4.721s] -- Installing: /home/sukru/ika_teknofest_aventra_ws/install/ika_msgs/share/ika_msgs/srv/SetLaser.srv
[4.721s] -- Installing: /home/sukru/ika_teknofest_aventra_ws/install/ika_msgs/share/ika_msgs/srv/SetLaser_Request.msg
[4.721s] -- Installing: /home/sukru/ika_teknofest_aventra_ws/install/ika_msgs/share/ika_msgs/srv/SetLaser_Response.msg
[4.721s] -- Installing: /home/sukru/ika_teknofest_aventra_ws/install/ika_msgs/share/ika_msgs/action/AimAndFire.action
[4.722s] -- Installing: /home/sukru/ika_teknofest_aventra_ws/install/ika_msgs/share/ament_index/resource_index/package_run_dependencies/ika_msgs
[4.722s] -- Installing: /home/sukru/ika_teknofest_aventra_ws/install/ika_msgs/share/ament_index/resource_index/parent_prefix_path/ika_msgs
[4.722s] -- Installing: /home/sukru/ika_teknofest_aventra_ws/install/ika_msgs/share/ika_msgs/environment/ament_prefix_path.sh
[4.722s] -- Installing: /home/sukru/ika_teknofest_aventra_ws/install/ika_msgs/share/ika_msgs/environment/ament_prefix_path.dsv
[4.722s] -- Installing: /home/sukru/ika_teknofest_aventra_ws/install/ika_msgs/share/ika_msgs/environment/path.sh
[4.722s] -- Installing: /home/sukru/ika_teknofest_aventra_ws/install/ika_msgs/share/ika_msgs/environment/path.dsv
[4.722s] -- Installing: /home/sukru/ika_teknofest_aventra_ws/install/ika_msgs/share/ika_msgs/local_setup.bash
[4.722s] -- Installing: /home/sukru/ika_teknofest_aventra_ws/install/ika_msgs/share/ika_msgs/local_setup.sh
[4.722s] -- Installing: /home/sukru/ika_teknofest_aventra_ws/install/ika_msgs/share/ika_msgs/local_setup.zsh
[4.722s] -- Installing: /home/sukru/ika_teknofest_aventra_ws/install/ika_msgs/share/ika_msgs/local_setup.dsv
[4.723s] -- Installing: /home/sukru/ika_teknofest_aventra_ws/install/ika_msgs/share/ika_msgs/package.dsv
[4.723s] -- Installing: /home/sukru/ika_teknofest_aventra_ws/install/ika_msgs/share/ament_index/resource_index/packages/ika_msgs
[4.723s] -- Installing: /home/sukru/ika_teknofest_aventra_ws/install/ika_msgs/share/ika_msgs/cmake/export_ika_msgs__rosidl_generator_cExport.cmake
[4.723s] -- Installing: /home/sukru/ika_teknofest_aventra_ws/install/ika_msgs/share/ika_msgs/cmake/export_ika_msgs__rosidl_generator_cExport-noconfig.cmake
[4.723s] -- Installing: /home/sukru/ika_teknofest_aventra_ws/install/ika_msgs/share/ika_msgs/cmake/export_ika_msgs__rosidl_typesupport_fastrtps_cExport.cmake
[4.723s] -- Installing: /home/sukru/ika_teknofest_aventra_ws/install/ika_msgs/share/ika_msgs/cmake/export_ika_msgs__rosidl_typesupport_fastrtps_cExport-noconfig.cmake
[4.723s] -- Installing: /home/sukru/ika_teknofest_aventra_ws/install/ika_msgs/share/ika_msgs/cmake/export_ika_msgs__rosidl_generator_cppExport.cmake
[4.723s] -- Installing: /home/sukru/ika_teknofest_aventra_ws/install/ika_msgs/share/ika_msgs/cmake/export_ika_msgs__rosidl_typesupport_fastrtps_cppExport.cmake
[4.724s] -- Installing: /home/sukru/ika_teknofest_aventra_ws/install/ika_msgs/share/ika_msgs/cmake/export_ika_msgs__rosidl_typesupport_fastrtps_cppExport-noconfig.cmake
[4.724s] -- Installing: /home/sukru/ika_teknofest_aventra_ws/install/ika_msgs/share/ika_msgs/cmake/ika_msgs__rosidl_typesupport_introspection_cExport.cmake
[4.724s] -- Installing: /home/sukru/ika_teknofest_aventra_ws/install/ika_msgs/share/ika_msgs/cmake/ika_msgs__rosidl_typesupport_introspection_cExport-noconfig.cmake
[4.724s] -- Installing: /home/sukru/ika_teknofest_aventra_ws/install/ika_msgs/share/ika_msgs/cmake/ika_msgs__rosidl_typesupport_cExport.cmake
[4.724s] -- Installing: /home/sukru/ika_teknofest_aventra_ws/install/ika_msgs/share/ika_msgs/cmake/ika_msgs__rosidl_typesupport_cExport-noconfig.cmake
[4.724s] -- Installing: /home/sukru/ika_teknofest_aventra_ws/install/ika_msgs/share/ika_msgs/cmake/ika_msgs__rosidl_typesupport_introspection_cppExport.cmake
[4.724s] -- Installing: /home/sukru/ika_teknofest_aventra_ws/install/ika_msgs/share/ika_msgs/cmake/ika_msgs__rosidl_typesupport_introspection_cppExport-noconfig.cmake
[4.724s] -- Installing: /home/sukru/ika_teknofest_aventra_ws/install/ika_msgs/share/ika_msgs/cmake/ika_msgs__rosidl_typesupport_cppExport.cmake
[4.724s] -- Installing: /home/sukru/ika_teknofest_aventra_ws/install/ika_msgs/share/ika_msgs/cmake/ika_msgs__rosidl_typesupport_cppExport-noconfig.cmake
[4.724s] -- Installing: /home/sukru/ika_teknofest_aventra_ws/install/ika_msgs/share/ika_msgs/cmake/export_ika_msgs__rosidl_generator_pyExport.cmake
[4.724s] -- Installing: /home/sukru/ika_teknofest_aventra_ws/install/ika_msgs/share/ika_msgs/cmake/export_ika_msgs__rosidl_generator_pyExport-noconfig.cmake
[4.725s] -- Installing: /home/sukru/ika_teknofest_aventra_ws/install/ika_msgs/share/ika_msgs/cmake/rosidl_cmake-extras.cmake
[4.725s] -- Installing: /home/sukru/ika_teknofest_aventra_ws/install/ika_msgs/share/ika_msgs/cmake/ament_cmake_export_dependencies-extras.cmake
[4.725s] -- Installing: /home/sukru/ika_teknofest_aventra_ws/install/ika_msgs/share/ika_msgs/cmake/ament_cmake_export_include_directories-extras.cmake
[4.725s] -- Installing: /home/sukru/ika_teknofest_aventra_ws/install/ika_msgs/share/ika_msgs/cmake/ament_cmake_export_libraries-extras.cmake
[4.725s] -- Installing: /home/sukru/ika_teknofest_aventra_ws/install/ika_msgs/share/ika_msgs/cmake/ament_cmake_export_targets-extras.cmake
[4.725s] -- Installing: /home/sukru/ika_teknofest_aventra_ws/install/ika_msgs/share/ika_msgs/cmake/rosidl_cmake_export_typesupport_targets-extras.cmake
[4.725s] -- Installing: /home/sukru/ika_teknofest_aventra_ws/install/ika_msgs/share/ika_msgs/cmake/rosidl_cmake_export_typesupport_libraries-extras.cmake
[4.725s] -- Installing: /home/sukru/ika_teknofest_aventra_ws/install/ika_msgs/share/ika_msgs/cmake/ika_msgsConfig.cmake
[4.725s] -- Installing: /home/sukru/ika_teknofest_aventra_ws/install/ika_msgs/share/ika_msgs/cmake/ika_msgsConfig-version.cmake
[4.725s] -- Installing: /home/sukru/ika_teknofest_aventra_ws/install/ika_msgs/share/ika_msgs/package.xml
[4.727s] Invoked command in '/home/sukru/ika_teknofest_aventra_ws/build/ika_msgs' returned '0': CMAKE_PREFIX_PATH=${CMAKE_PREFIX_PATH}:/home/sukru/ika_teknofest_aventra_ws/install/ika_control:/home/sukru/ai_autonomi_ws/install/ika_autonomi:/home/sukru/Desktop/otonom_atis/install/python_pkg:/home/sukru/ros_ws_vacuum_bot/install/vacuum_teleop:/home/sukru/ros_ws_vacuum_bot/install/vacuum_sensors:/home/sukru/ros_ws_vacuum_bot/install/vacuum_navigation:/home/sukru/ros_ws_vacuum_bot/install/vacuum_msgs:/home/sukru/ros_ws_vacuum_bot/install/vacuum_mapping:/home/sukru/ros_ws_vacuum_bot/install/vacuum_description:/home/sukru/ros_ws_vacuum_bot/install/vacuum_control:/home/sukru/ros_ws_vacuum_bot/install/vacuum_bringup:/home/sukru/ros_ws_demo/install/python_pkg:/opt/ros/humble /usr/bin/cmake --install /home/sukru/ika_teknofest_aventra_ws/build/ika_msgs
