running develop
running egg_info
creating ika_localization.egg-info
writing ika_localization.egg-info/PKG-INFO
writing dependency_links to ika_localization.egg-info/dependency_links.txt
writing entry points to ika_localization.egg-info/entry_points.txt
writing requirements to ika_localization.egg-info/requires.txt
writing top-level names to ika_localization.egg-info/top_level.txt
writing manifest file 'ika_localization.egg-info/SOURCES.txt'
reading manifest file 'ika_localization.egg-info/SOURCES.txt'
writing manifest file 'ika_localization.egg-info/SOURCES.txt'
running build_ext
Creating /home/sukru/ika_teknofest_aventra_ws/install/ika_localization/lib/python3.10/site-packages/ika-localization.egg-link (link to .)

Installed /home/sukru/ika_teknofest_aventra_ws/build/ika_localization
running symlink_data
creating /home/sukru/ika_teknofest_aventra_ws/install/ika_localization/share/ament_index
creating /home/sukru/ika_teknofest_aventra_ws/install/ika_localization/share/ament_index/resource_index
creating /home/sukru/ika_teknofest_aventra_ws/install/ika_localization/share/ament_index/resource_index/packages
symbolically linking /home/sukru/ika_teknofest_aventra_ws/build/ika_localization/resource/ika_localization -> /home/sukru/ika_teknofest_aventra_ws/install/ika_localization/share/ament_index/resource_index/packages
symbolically linking /home/sukru/ika_teknofest_aventra_ws/build/ika_localization/package.xml -> /home/sukru/ika_teknofest_aventra_ws/install/ika_localization/share/ika_localization
