-- The C compiler identification is GNU 11.4.0
-- The CXX compiler identification is GNU 11.4.0
-- Detecting C compiler ABI info
-- Detecting C compiler ABI info - done
-- Check for working C compiler: /usr/bin/cc - skipped
-- Detecting C compile features
-- Detecting C compile features - done
-- Detecting CXX compiler ABI info
-- Detecting CXX compiler ABI info - done
-- Check for working CXX compiler: /usr/bin/c++ - skipped
-- Detecting CXX compile features
-- Detecting CXX compile features - done
-- Found ament_cmake: 1.3.13 (/opt/ros/humble/share/ament_cmake/cmake)
-- Found Python3: /usr/bin/python3 (found version "3.10.12") found components: Interpreter 
-- Override CMake install command with custom implementation using symlinks instead of copying resources
-- Configuring done
-- Generating done
-- Build files have been written to: /home/sukru/ika_teknofest_aventra_ws/build/ika_bringup
-- Install configuration: ""
-- Execute custom install script
-- Symlinking: /home/sukru/ika_teknofest_aventra_ws/install/ika_bringup/share/ika_bringup/launch/__pycache__/launch_sim.launch.cpython-313.pyc
-- Symlinking: /home/sukru/ika_teknofest_aventra_ws/install/ika_bringup/share/ika_bringup/launch/full_sim.launch.py
-- Symlinking: /home/sukru/ika_teknofest_aventra_ws/install/ika_bringup/share/ika_bringup/launch/joystick.launch.py
-- Symlinking: /home/sukru/ika_teknofest_aventra_ws/install/ika_bringup/share/ika_bringup/launch/launch_robot.launch.py
-- Symlinking: /home/sukru/ika_teknofest_aventra_ws/install/ika_bringup/share/ika_bringup/launch/launch_sim.launch.py
-- Symlinking: /home/sukru/ika_teknofest_aventra_ws/install/ika_bringup/share/ika_bringup/config/gazebo_params.yaml
-- Symlinking: /home/sukru/ika_teknofest_aventra_ws/install/ika_bringup/share/ika_bringup/config/joystick.yaml
-- Symlinking: /home/sukru/ika_teknofest_aventra_ws/install/ika_bringup/share/ika_bringup/config/twist_mux.yaml
-- Symlinking: /home/sukru/ika_teknofest_aventra_ws/install/ika_bringup/share/ament_index/resource_index/package_run_dependencies/ika_bringup
-- Symlinking: /home/sukru/ika_teknofest_aventra_ws/install/ika_bringup/share/ament_index/resource_index/parent_prefix_path/ika_bringup
-- Symlinking: /home/sukru/ika_teknofest_aventra_ws/install/ika_bringup/share/ika_bringup/environment/ament_prefix_path.sh
-- Symlinking: /home/sukru/ika_teknofest_aventra_ws/install/ika_bringup/share/ika_bringup/environment/ament_prefix_path.dsv
-- Symlinking: /home/sukru/ika_teknofest_aventra_ws/install/ika_bringup/share/ika_bringup/environment/path.sh
-- Symlinking: /home/sukru/ika_teknofest_aventra_ws/install/ika_bringup/share/ika_bringup/environment/path.dsv
-- Symlinking: /home/sukru/ika_teknofest_aventra_ws/install/ika_bringup/share/ika_bringup/local_setup.bash
-- Symlinking: /home/sukru/ika_teknofest_aventra_ws/install/ika_bringup/share/ika_bringup/local_setup.sh
-- Symlinking: /home/sukru/ika_teknofest_aventra_ws/install/ika_bringup/share/ika_bringup/local_setup.zsh
-- Symlinking: /home/sukru/ika_teknofest_aventra_ws/install/ika_bringup/share/ika_bringup/local_setup.dsv
-- Symlinking: /home/sukru/ika_teknofest_aventra_ws/install/ika_bringup/share/ika_bringup/package.dsv
-- Symlinking: /home/sukru/ika_teknofest_aventra_ws/install/ika_bringup/share/ament_index/resource_index/packages/ika_bringup
-- Symlinking: /home/sukru/ika_teknofest_aventra_ws/install/ika_bringup/share/ika_bringup/cmake/ika_bringupConfig.cmake
-- Symlinking: /home/sukru/ika_teknofest_aventra_ws/install/ika_bringup/share/ika_bringup/cmake/ika_bringupConfig-version.cmake
-- Symlinking: /home/sukru/ika_teknofest_aventra_ws/install/ika_bringup/share/ika_bringup/package.xml
