running develop
running egg_info
creating ika_decision.egg-info
writing ika_decision.egg-info/PKG-INFO
writing dependency_links to ika_decision.egg-info/dependency_links.txt
writing entry points to ika_decision.egg-info/entry_points.txt
writing requirements to ika_decision.egg-info/requires.txt
writing top-level names to ika_decision.egg-info/top_level.txt
writing manifest file 'ika_decision.egg-info/SOURCES.txt'
reading manifest file 'ika_decision.egg-info/SOURCES.txt'
writing manifest file 'ika_decision.egg-info/SOURCES.txt'
running build_ext
Creating /home/yildiz/IKA_AVENTRA_WORKSPACE/ika_aventra/install/ika_decision/lib/python3.10/site-packages/ika-decision.egg-link (link to .)

Installed /home/yildiz/IKA_AVENTRA_WORKSPACE/ika_aventra/build/ika_decision
running symlink_data
creating /home/yildiz/IKA_AVENTRA_WORKSPACE/ika_aventra/install/ika_decision/share/ament_index
creating /home/yildiz/IKA_AVENTRA_WORKSPACE/ika_aventra/install/ika_decision/share/ament_index/resource_index
creating /home/yildiz/IKA_AVENTRA_WORKSPACE/ika_aventra/install/ika_decision/share/ament_index/resource_index/packages
symbolically linking /home/yildiz/IKA_AVENTRA_WORKSPACE/ika_aventra/build/ika_decision/resource/ika_decision -> /home/yildiz/IKA_AVENTRA_WORKSPACE/ika_aventra/install/ika_decision/share/ament_index/resource_index/packages
symbolically linking /home/yildiz/IKA_AVENTRA_WORKSPACE/ika_aventra/build/ika_decision/package.xml -> /home/yildiz/IKA_AVENTRA_WORKSPACE/ika_aventra/install/ika_decision/share/ika_decision
