[1.639s] Invoking command in '/home/yildiz/IKA_AVENTRA_WORKSPACE/ika_aventra/build/ika_decision': PYTHONPATH=/home/yildiz/IKA_AVENTRA_WORKSPACE/ika_aventra/build/ika_decision/prefix_override:/usr/lib/python3/dist-packages/colcon_core/task/python/colcon_distutils_commands:/home/yildiz/IKA_AVENTRA_WORKSPACE/ika_aventra/install/ika_decision/lib/python3.10/site-packages:${PYTHONPATH} /usr/bin/python3 -W ignore:setup.py install is deprecated -W ignore:easy_install command is deprecated setup.py develop --editable --build-directory /home/yildiz/IKA_AVENTRA_WORKSPACE/ika_aventra/build/ika_decision/build --no-deps symlink_data
[1.920s] running develop
[2.085s] running egg_info
[2.085s] creating ika_decision.egg-info
[2.086s] writing ika_decision.egg-info/PKG-INFO
[2.086s] writing dependency_links to ika_decision.egg-info/dependency_links.txt
[2.127s] writing entry points to ika_decision.egg-info/entry_points.txt
[2.140s] writing requirements to ika_decision.egg-info/requires.txt
[2.141s] writing top-level names to ika_decision.egg-info/top_level.txt
[2.141s] writing manifest file 'ika_decision.egg-info/SOURCES.txt'
[2.142s] reading manifest file 'ika_decision.egg-info/SOURCES.txt'
[2.142s] writing manifest file 'ika_decision.egg-info/SOURCES.txt'
[2.142s] running build_ext
[2.142s] Creating /home/yildiz/IKA_AVENTRA_WORKSPACE/ika_aventra/install/ika_decision/lib/python3.10/site-packages/ika-decision.egg-link (link to .)
[2.142s] 
[2.143s] Installed /home/yildiz/IKA_AVENTRA_WORKSPACE/ika_aventra/build/ika_decision
[2.143s] running symlink_data
[2.143s] creating /home/yildiz/IKA_AVENTRA_WORKSPACE/ika_aventra/install/ika_decision/share/ament_index
[2.143s] creating /home/yildiz/IKA_AVENTRA_WORKSPACE/ika_aventra/install/ika_decision/share/ament_index/resource_index
[2.143s] creating /home/yildiz/IKA_AVENTRA_WORKSPACE/ika_aventra/install/ika_decision/share/ament_index/resource_index/packages
[2.143s] symbolically linking /home/yildiz/IKA_AVENTRA_WORKSPACE/ika_aventra/build/ika_decision/resource/ika_decision -> /home/yildiz/IKA_AVENTRA_WORKSPACE/ika_aventra/install/ika_decision/share/ament_index/resource_index/packages
[2.143s] symbolically linking /home/yildiz/IKA_AVENTRA_WORKSPACE/ika_aventra/build/ika_decision/package.xml -> /home/yildiz/IKA_AVENTRA_WORKSPACE/ika_aventra/install/ika_decision/share/ika_decision
[2.423s] Invoked command in '/home/yildiz/IKA_AVENTRA_WORKSPACE/ika_aventra/build/ika_decision' returned '0': PYTHONPATH=/home/yildiz/IKA_AVENTRA_WORKSPACE/ika_aventra/build/ika_decision/prefix_override:/usr/lib/python3/dist-packages/colcon_core/task/python/colcon_distutils_commands:/home/yildiz/IKA_AVENTRA_WORKSPACE/ika_aventra/install/ika_decision/lib/python3.10/site-packages:${PYTHONPATH} /usr/bin/python3 -W ignore:setup.py install is deprecated -W ignore:easy_install command is deprecated setup.py develop --editable --build-directory /home/yildiz/IKA_AVENTRA_WORKSPACE/ika_aventra/build/ika_decision/build --no-deps symlink_data
