[2.078s] Invoking command in '/home/sukru/ika_teknofest_aventra_ws/build/ika_control': PYTHONPATH=/home/sukru/ika_teknofest_aventra_ws/build/ika_control/prefix_override:/usr/lib/python3/dist-packages/colcon_core/task/python/colcon_distutils_commands:/home/sukru/ika_teknofest_aventra_ws/install/ika_control/lib/python3.10/site-packages:${PYTHONPATH} /usr/bin/python3 -W ignore:setup.py install is deprecated -W ignore:easy_install command is deprecated setup.py develop --editable --build-directory /home/sukru/ika_teknofest_aventra_ws/build/ika_control/build --no-deps symlink_data
[2.335s] running develop
[2.492s] running egg_info
[2.492s] creating ika_control.egg-info
[2.493s] writing ika_control.egg-info/PKG-INFO
[2.493s] writing dependency_links to ika_control.egg-info/dependency_links.txt
[2.493s] writing entry points to ika_control.egg-info/entry_points.txt
[2.493s] writing requirements to ika_control.egg-info/requires.txt
[2.493s] writing top-level names to ika_control.egg-info/top_level.txt
[2.493s] writing manifest file 'ika_control.egg-info/SOURCES.txt'
[2.495s] reading manifest file 'ika_control.egg-info/SOURCES.txt'
[2.495s] writing manifest file 'ika_control.egg-info/SOURCES.txt'
[2.497s] running build_ext
[2.497s] Creating /home/sukru/ika_teknofest_aventra_ws/install/ika_control/lib/python3.10/site-packages/ika-control.egg-link (link to .)
[2.498s] 
[2.498s] Installed /home/sukru/ika_teknofest_aventra_ws/build/ika_control
[2.498s] running symlink_data
[2.498s] creating /home/sukru/ika_teknofest_aventra_ws/install/ika_control/share/ament_index
[2.498s] creating /home/sukru/ika_teknofest_aventra_ws/install/ika_control/share/ament_index/resource_index
[2.498s] creating /home/sukru/ika_teknofest_aventra_ws/install/ika_control/share/ament_index/resource_index/packages
[2.498s] symbolically linking /home/sukru/ika_teknofest_aventra_ws/build/ika_control/resource/ika_control -> /home/sukru/ika_teknofest_aventra_ws/install/ika_control/share/ament_index/resource_index/packages
[2.499s] symbolically linking /home/sukru/ika_teknofest_aventra_ws/build/ika_control/package.xml -> /home/sukru/ika_teknofest_aventra_ws/install/ika_control/share/ika_control
[2.499s] creating /home/sukru/ika_teknofest_aventra_ws/install/ika_control/share/ika_control/launch
[2.499s] symbolically linking /home/sukru/ika_teknofest_aventra_ws/build/ika_control/launch/spawn_controllers.launch.py -> /home/sukru/ika_teknofest_aventra_ws/install/ika_control/share/ika_control/launch
[2.499s] creating /home/sukru/ika_teknofest_aventra_ws/install/ika_control/share/ika_control/config
[2.499s] symbolically linking /home/sukru/ika_teknofest_aventra_ws/build/ika_control/config/rover_controllers.yaml -> /home/sukru/ika_teknofest_aventra_ws/install/ika_control/share/ika_control/config
[2.499s] symbolically linking /home/sukru/ika_teknofest_aventra_ws/build/ika_control/config/diff_controllers.yaml -> /home/sukru/ika_teknofest_aventra_ws/install/ika_control/share/ika_control/config
[2.556s] Invoked command in '/home/sukru/ika_teknofest_aventra_ws/build/ika_control' returned '0': PYTHONPATH=/home/sukru/ika_teknofest_aventra_ws/build/ika_control/prefix_override:/usr/lib/python3/dist-packages/colcon_core/task/python/colcon_distutils_commands:/home/sukru/ika_teknofest_aventra_ws/install/ika_control/lib/python3.10/site-packages:${PYTHONPATH} /usr/bin/python3 -W ignore:setup.py install is deprecated -W ignore:easy_install command is deprecated setup.py develop --editable --build-directory /home/sukru/ika_teknofest_aventra_ws/build/ika_control/build --no-deps symlink_data
