running develop
running egg_info
creating ika_mission_manager.egg-info
writing ika_mission_manager.egg-info/PKG-INFO
writing dependency_links to ika_mission_manager.egg-info/dependency_links.txt
writing entry points to ika_mission_manager.egg-info/entry_points.txt
writing requirements to ika_mission_manager.egg-info/requires.txt
writing top-level names to ika_mission_manager.egg-info/top_level.txt
writing manifest file 'ika_mission_manager.egg-info/SOURCES.txt'
reading manifest file 'ika_mission_manager.egg-info/SOURCES.txt'
writing manifest file 'ika_mission_manager.egg-info/SOURCES.txt'
running build_ext
Creating /home/sukru/ika_teknofest_aventra_ws/install/ika_mission_manager/lib/python3.10/site-packages/ika-mission-manager.egg-link (link to .)

Installed /home/sukru/ika_teknofest_aventra_ws/build/ika_mission_manager
running symlink_data
creating /home/sukru/ika_teknofest_aventra_ws/install/ika_mission_manager/share/ament_index
creating /home/sukru/ika_teknofest_aventra_ws/install/ika_mission_manager/share/ament_index/resource_index
creating /home/sukru/ika_teknofest_aventra_ws/install/ika_mission_manager/share/ament_index/resource_index/packages
symbolically linking /home/sukru/ika_teknofest_aventra_ws/build/ika_mission_manager/resource/ika_mission_manager -> /home/sukru/ika_teknofest_aventra_ws/install/ika_mission_manager/share/ament_index/resource_index/packages
symbolically linking /home/sukru/ika_teknofest_aventra_ws/build/ika_mission_manager/package.xml -> /home/sukru/ika_teknofest_aventra_ws/install/ika_mission_manager/share/ika_mission_manager
