running develop
Removing /home/sukru/Desktop/otonom_atis/install/python_pkg/lib/python3.10/site-packages/python-pkg.egg-link (link to .)
running egg_info
writing ../../build/python_pkg/python_pkg.egg-info/PKG-INFO
writing dependency_links to ../../build/python_pkg/python_pkg.egg-info/dependency_links.txt
writing entry points to ../../build/python_pkg/python_pkg.egg-info/entry_points.txt
writing requirements to ../../build/python_pkg/python_pkg.egg-info/requires.txt
writing top-level names to ../../build/python_pkg/python_pkg.egg-info/top_level.txt
reading manifest file '../../build/python_pkg/python_pkg.egg-info/SOURCES.txt'
writing manifest file '../../build/python_pkg/python_pkg.egg-info/SOURCES.txt'
running build
running build_py
copying python_pkg/atisl_kontrol_sistemi_node.py -> /home/sukru/Desktop/otonom_atis/build/python_pkg/build/lib/python_pkg
running install
running install_lib
creating /home/sukru/Desktop/otonom_atis/install/python_pkg/lib/python3.10/site-packages/python_pkg
copying /home/sukru/Desktop/otonom_atis/build/python_pkg/build/lib/python_pkg/__init__.py -> /home/sukru/Desktop/otonom_atis/install/python_pkg/lib/python3.10/site-packages/python_pkg
copying /home/sukru/Desktop/otonom_atis/build/python_pkg/build/lib/python_pkg/atisl_kontrol_sistemi_node.py -> /home/sukru/Desktop/otonom_atis/install/python_pkg/lib/python3.10/site-packages/python_pkg
byte-compiling /home/sukru/Desktop/otonom_atis/install/python_pkg/lib/python3.10/site-packages/python_pkg/__init__.py to __init__.cpython-310.pyc
byte-compiling /home/sukru/Desktop/otonom_atis/install/python_pkg/lib/python3.10/site-packages/python_pkg/atisl_kontrol_sistemi_node.py to atisl_kontrol_sistemi_node.cpython-310.pyc
running install_data
copying resource/python_pkg -> /home/sukru/Desktop/otonom_atis/install/python_pkg/share/ament_index/resource_index/packages
copying package.xml -> /home/sukru/Desktop/otonom_atis/install/python_pkg/share/python_pkg
running install_egg_info
Copying ../../build/python_pkg/python_pkg.egg-info to /home/sukru/Desktop/otonom_atis/install/python_pkg/lib/python3.10/site-packages/python_pkg-0.0.0-py3.10.egg-info
running install_scripts
Installing atisl_kontrol_sistemi_node script to /home/sukru/Desktop/otonom_atis/install/python_pkg/lib/python_pkg
writing list of installed files to '/home/sukru/Desktop/otonom_atis/build/python_pkg/install.log'
